// Jest Snapshot v1, https://goo.gl/fbAQLP

exports[`Accordion scss has to match style dependencies css 1`] = `
"/*
* Used for snapshot testing
*
*/
/*
 * Utilities
 */
/*
* Used for snapshot testing
*
*/
/*
 * Utilities
 */
/*
* Icon component
*
*/
/*
 * Utilities
 */
.dnb-icon {
  display: inline-block;
  vertical-align: middle;
  font-size: 1rem;
  line-height: 1rem;
  color: inherit;
  width: 1em;
  height: 1em;
}
.dnb-icon img, .dnb-core-style .dnb-icon img,
.dnb-icon svg,
.dnb-core-style .dnb-icon svg {
  width: inherit;
  height: inherit;
  shape-rendering: geometricprecision;
  vertical-align: top;
}
.dnb-icon svg[width="100%"] {
  width: inherit;
}
.dnb-icon svg[height="100%"] {
  height: inherit;
}
.dnb-icon--inherit-color svg:not([fill]), .dnb-icon--inherit-color svg [fill] {
  fill: currentcolor;
}
.dnb-icon--inherit-color svg [stroke] {
  stroke: currentcolor;
}
.dnb-icon--small {
  font-size: 0.75rem;
}
.dnb-icon--default {
  font-size: 1rem;
}
.dnb-icon--medium {
  font-size: 1.5rem;
}
.dnb-icon--large {
  font-size: 2rem;
}
.dnb-icon--x-large {
  font-size: 2.5rem;
}
.dnb-icon--xx-large {
  font-size: 3rem;
}
.dnb-icon--custom-size {
  width: auto;
  height: auto;
}
.dnb-icon--auto {
  font-size: 1em;
}
.dnb-icon--auto > .dnb-icon--wrapper {
  display: inline-flex;
  align-items: center;
  justify-content: center;
}
h1 > .dnb-icon, h2 > .dnb-icon, h3 > .dnb-icon, h4 > .dnb-icon, h5 > .dnb-icon, h6 > .dnb-icon {
  vertical-align: middle;
}
p > .dnb-icon {
  vertical-align: inherit;
}
.dnb-icon.dnb-skeleton {
  color: var(--skeleton-color) !important;
}
.dnb-icon.dnb-skeleton::before, .dnb-icon.dnb-skeleton::after {
  content: none !important;
}

/*
* Accordion component
*
*/
/*
 * Utilities
 */
.dnb-accordion {
  --accordion-border-width: 0.0625rem;
  --accordion-border-radius: 0.25rem;
  --accordion-easing: var(--easing-default);
  --accordion-header-margin-vertical: 1.5rem;
  --accordion-header-margin-vertical--description: 1rem;
  --accordion-header-wrapper-margin: 2rem;
  --accordion-header-wrapper-margin--icon-right: 1rem;
  --accordion-header-icon-gutter: 1rem;
  --accordion-header-icon-margin: 1rem;
  position: relative;
  display: flex;
  flex-direction: column;
  font-size: var(--font-size-small);
  line-height: var(--line-height-basis);
}
.dnb-accordion__header {
  display: flex;
  align-items: center;
  cursor: pointer;
  outline: none;
  border: var(--accordion-border-width) solid transparent;
  border-radius: var(--accordion-border-radius);
}
.dnb-accordion__header:focus {
  user-select: none;
}
.dnb-accordion__header * {
  pointer-events: none;
}
.dnb-accordion__header--prevent-click {
  user-select: none;
  pointer-events: none;
}
.dnb-accordion__header__wrapper {
  display: flex;
  flex-direction: column;
  width: 100%;
  margin: var(--accordion-header-margin-vertical) var(--accordion-header-wrapper-margin) var(--accordion-header-margin-vertical) 0;
}
.dnb-accordion__header--description .dnb-accordion__header__wrapper {
  margin-top: var(--accordion-header-margin-vertical--description);
  margin-bottom: var(--accordion-header-margin-vertical--description);
}
.dnb-accordion__header__container {
  margin: 0 1rem;
}
.dnb-accordion__header__icon {
  align-self: flex-start;
  margin: var(--accordion-header-margin-vertical) var(--accordion-header-icon-gutter) var(--accordion-header-margin-vertical) var(--accordion-header-icon-margin);
  font-size: var(--font-size-small);
  line-height: var(--line-height-small);
  transition: transform 400ms var(--accordion-easing);
}
.dnb-accordion__header--description .dnb-accordion__header__icon {
  margin-top: 1rem;
}
.dnb-accordion__header--icon-right {
  justify-content: space-between;
}
.dnb-accordion__header--icon-right .dnb-accordion__header__icon {
  margin-right: var(--accordion-header-icon-margin);
  margin-left: var(--accordion-header-icon-gutter);
  order: 3;
}
.dnb-accordion__header--icon-right .dnb-accordion__header__container {
  order: 1;
}
.dnb-accordion__header--icon-right .dnb-accordion__header__wrapper {
  order: 2;
  margin-right: 0;
  margin-left: var(--accordion-header-wrapper-margin--icon-right);
}
.dnb-accordion__header--icon-right .dnb-accordion__header__wrapper + .dnb-accordion__header__container {
  margin-right: 0;
}
.dnb-accordion__header--icon-right .dnb-accordion__header__container + .dnb-accordion__header__wrapper {
  margin-left: 0;
}
.dnb-accordion__header__title {
  font-size: var(--font-size-basis);
  line-height: var(--line-height-basis);
}
.dnb-accordion__header__description {
  font-size: var(--font-size-small);
  line-height: var(--line-height-small);
  font-weight: var(--font-weight-basis);
}
.dnb-accordion__header__title + .dnb-accordion__header__description {
  margin-top: 0.25rem;
}
.dnb-accordion__header__description + .dnb-accordion__header__title {
  margin-top: 0.25rem;
}
.dnb-accordion--expanded > .dnb-accordion__header .dnb-accordion__header__icon {
  transform: rotate(-180deg);
}
.dnb-accordion__content {
  display: flex;
  width: 100%;
  will-change: height;
  transition: height 400ms var(--accordion-easing), opacity 600ms var(--accordion-easing);
}
.dnb-accordion__content__inner {
  width: 100%;
  margin-top: 1rem;
}
.dnb-accordion__content.dnb-height-animation--hidden .dnb-accordion__content__inner {
  display: none;
}
.dnb-accordion-group--single-container {
  transition: min-height 1s var(--accordion-easing);
}
.dnb-accordion-group--single-container .dnb-accordion {
  position: static;
  max-width: 60rem;
}
@media screen and (min-width: 40em) {
  .dnb-accordion-group--single-container .dnb-accordion__header {
    width: 40%;
  }
  .dnb-accordion-group--single-container .dnb-accordion__content {
    margin-left: 1rem;
    transition: opacity 1s var(--accordion-easing);
  }
  .dnb-accordion-group--single-container .dnb-accordion__content__inner {
    margin-top: 0;
  }
}
@media screen and (min-width: 40em) {
  .dnb-accordion-group--single-container .dnb-accordion > .dnb-accordion__header .dnb-accordion__header__icon {
    transform: rotate(-90deg);
  }
}
.dnb-accordion-group--single-container .dnb-accordion-group__children {
  max-width: 60rem;
}
@media screen and (min-width: 40em) {
  .dnb-accordion-group--single-container .dnb-accordion-group__children {
    position: relative;
    display: flex;
    flex-direction: column;
  }
  .dnb-accordion-group--single-container .dnb-accordion-group__children .dnb-accordion__content {
    position: absolute;
    z-index: 10;
    top: 0;
    right: 0;
    width: 60%;
  }
}
.dnb-accordion > .dnb-accordion__header--no-animation .dnb-accordion__header__icon, html[data-visual-test] .dnb-accordion .dnb-accordion__header .dnb-accordion__header__icon {
  transition: none;
}"
`;

exports[`Accordion scss have to match default theme snapshot 1`] = `
"/*
* Accordion theme
*
*/
/*
 * Utilities
 */
/*
* Button mixins
*
*/
.dnb-accordion__header {
  border: none;
}
.dnb-accordion__header__icon, .dnb-accordion__header__container {
  color: var(--color-sea-green);
}
.dnb-accordion__header__description {
  color: var(--color-black-55);
}
.dnb-accordion--expanded > .dnb-accordion__header .dnb-accordion__header__title {
  font-weight: var(--font-weight-medium);
}
.dnb-accordion__variant--outlined > .dnb-accordion__header {
  color: var(--color-black-80);
  background-color: var(--color-white);
  --border-color: var(--color-black-8);
  --border-width: 0.0625rem;
  box-shadow: inset 0 0 0 var(--border-width) var(--border-color);
  border-color: transparent;
}
.dnb-accordion__variant--outlined > .dnb-accordion__header:focus[disabled], html:not([data-whatintent=touch]) .dnb-accordion__variant--outlined > .dnb-accordion__header:focus[disabled] {
  cursor: not-allowed;
}
.dnb-accordion__variant--outlined > .dnb-accordion__header:focus:not([disabled]), html:not([data-whatintent=touch]) .dnb-accordion__variant--outlined > .dnb-accordion__header:focus:not([disabled]) {
  outline: none;
}
html[data-whatinput=keyboard] .dnb-accordion__variant--outlined > .dnb-accordion__header:focus:not([disabled]), html[data-whatinput=keyboard] html:not([data-whatintent=touch]) .dnb-accordion__variant--outlined > .dnb-accordion__header:focus:not([disabled]) {
  color: var(--color-emerald-green);
  background-color: var(--color-white);
}
html[data-whatinput=keyboard] .dnb-accordion__variant--outlined > .dnb-accordion__header:focus:not([disabled]), html[data-whatinput=keyboard] html:not([data-whatintent=touch]) .dnb-accordion__variant--outlined > .dnb-accordion__header:focus:not([disabled]) {
  --border-color: var(--focus-ring-color);
  --border-width: var(--focus-ring-width);
  box-shadow: inset 0 0 0 var(--border-width) var(--border-color);
  border-color: transparent;
}
html:not([data-whatintent=touch]) .dnb-accordion__variant--outlined > .dnb-accordion__header:hover[disabled] {
  cursor: not-allowed;
}
html:not([data-whatintent=touch]) .dnb-accordion__variant--outlined > .dnb-accordion__header:hover:not([disabled]) {
  color: var(--color-emerald-green);
  background-color: var(--color-white);
  --border-color: var(--color-emerald-green);
  --border-width: 0.125rem;
  box-shadow: 0 0 0 var(--border-width) var(--border-color);
  border-color: transparent;
}
.dnb-accordion__variant--outlined > .dnb-accordion__header:active[disabled], html:not([data-whatintent=touch]) .dnb-accordion__variant--outlined > .dnb-accordion__header:active[disabled] {
  cursor: not-allowed;
}
.dnb-accordion__variant--outlined > .dnb-accordion__header:active:not([disabled]), html:not([data-whatintent=touch]) .dnb-accordion__variant--outlined > .dnb-accordion__header:active:not([disabled]) {
  color: var(--color-emerald-green);
  background-color: var(--color-pistachio);
  --border-color: var(--color-emerald-green);
  --border-width: 0.0625rem;
  box-shadow: 0 0 0 var(--border-width) var(--border-color);
  border-color: transparent;
}
.dnb-accordion__variant--outlined > .dnb-accordion__header[disabled] {
  background-color: var(--color-white);
  --border-color: var(--color-sea-green-30);
  --border-width: 0.0625rem;
  box-shadow: 0 0 0 var(--border-width) var(--border-color);
  border-color: transparent;
}
.dnb-accordion__variant--outlined > .dnb-accordion__header[disabled] * {
  color: var(--color-sea-green-30);
}
.dnb-accordion__variant--outlined.dnb-accordion--expanded > .dnb-accordion__header {
  color: var(--color-white);
  background-color: var(--color-sea-green);
  --border-color: transparent;
  --border-width: 0.0625rem;
  box-shadow: 0 0 0 var(--border-width) var(--border-color);
  border-color: transparent;
}
.dnb-accordion__variant--outlined.dnb-accordion--expanded > .dnb-accordion__header[disabled] {
  background-color: var(--color-sea-green-30);
}
.dnb-accordion__variant--outlined.dnb-accordion--expanded > .dnb-accordion__header[disabled] * {
  color: var(--color-white);
}
html[data-whatinput=keyboard] .dnb-accordion__variant--outlined.dnb-accordion--expanded > .dnb-accordion__header:not([disabled]):not(:active):not(:hover):focus {
  background-color: var(--color-mint-green);
}
html[data-whatinput=keyboard] .dnb-accordion__variant--outlined.dnb-accordion--expanded > .dnb-accordion__header:not([disabled]):not(:active):not(:hover):focus * {
  color: var(--color-emerald-green);
}
.dnb-accordion__variant--outlined.dnb-accordion--expanded > .dnb-accordion__header:not([disabled]):not(:active):not(:hover):focus {
  outline: none;
}
html[data-whatinput=keyboard] .dnb-accordion__variant--outlined.dnb-accordion--expanded > .dnb-accordion__header:not([disabled]):not(:active):not(:hover):focus {
  --border-color: var(--color-emerald-green);
  --border-width: var(--focus-ring-width);
  box-shadow: inset 0 0 0 var(--border-width) var(--border-color);
  border-color: transparent;
}
.dnb-accordion__variant--outlined.dnb-accordion--expanded > .dnb-accordion__header:not(:hover):not([disabled]) * {
  color: var(--color-white);
}
html:not([data-whatintent=touch]) .dnb-accordion__variant--outlined.dnb-accordion--expanded > .dnb-accordion__header.dnb-accordion--hover:not(:active):hover[disabled] {
  cursor: not-allowed;
}
html:not([data-whatintent=touch]) .dnb-accordion__variant--outlined.dnb-accordion--expanded > .dnb-accordion__header.dnb-accordion--hover:not(:active):hover:not([disabled]) {
  color: var(--color-white);
  background-color: var(--color-sea-green);
  --border-color: var(--color-sea-green);
  --border-width: 0.0625rem;
  box-shadow: 0 0 0 var(--border-width) var(--border-color);
  border-color: transparent;
}
.dnb-accordion__variant--outlined.dnb-accordion--expanded > .dnb-accordion__header.dnb-accordion--hover:not(:active) * {
  color: var(--color-white);
}"
`;
