// Jest Snapshot v1, https://goo.gl/fbAQLP

exports[`Number component have to match default number snapshot 1`] = `
<Number
  ban={null}
  class={null}
  className={null}
  currency={null}
  currency_display={null}
  currency_position={null}
  decimals={null}
  element="span"
  link={null}
  locale="nb-NO"
  nin={null}
  options={null}
  org={null}
  phone={null}
  prefix={null}
  selectall={null}
  sufix={null}
  value={12345678.9876}
>
  <ForwardRef
    className="dnb-number"
    is="span"
    lang="nb-NO"
    onClick={[Function]}
    onCopy={[Function]}
    onTouchStart={[Function]}
    role="text"
  >
    <span
      className="dnb-number"
      lang="nb-NO"
      onClick={[Function]}
      onCopy={[Function]}
      onTouchStart={[Function]}
      role="text"
    >
      12 345 678,9876
    </span>
  </ForwardRef>
</Number>
`;

exports[`Number scss have to match snapshot 1`] = `
"/*
* DNB Number
*
*/
/**
 * This file is only used to make components independent
 * so that they can get imported individually, without the core styles
 *
 */
/*
 * Utilities
 */
/*
 * Scopes
 *
 */
/*
 * Document Reset
 *
 */
/*
 * Number Component
 *
 */
/*
 * Anchor mixins
 *
 */
.dnb-number {
  speak-as: numbers;
  color: inherit;
  cursor: text; }
  .dnb-number.dnb-anchor {
    cursor: pointer; }
  .dnb-number__fx {
    pointer-events: none;
    position: fixed;
    z-index: 3300;
    border-radius: 2px;
    background-color: var(--color-mint-green);
    color: var(--color-black);
    animation: number-fx-scale-out 750ms cubic-bezier(0.04, 0.65, 0.55, 0.95) 1 forwards; }
    .dnb-number__fx__selection {
      display: inline-block;
      width: 0;
      height: 0;
      font-size: 0;
      line-height: 0; }
  .dnb-number--selectall {
    user-select: all; }

@keyframes number-fx-scale-out {
  0% {
    opacity: 1;
    transform: scale(1); }
  90% {
    opacity: 0; }
  100% {
    opacity: 0;
    transform: scale(5); } }
"
`;
