// Jest Snapshot v1, https://goo.gl/fbAQLP

exports[`HelpButton component have to match snapshot 1`] = `
<HelpButton
  icon={null}
  icon_position="left"
  id="help-button"
  modal_content={null}
  modal_props={null}
  text={null}
  title={null}
  variant="secondary"
>
  <HelpButtonInstance
    class={null}
    className={null}
    icon="question"
    icon_position="left"
    id="help-button"
    text={null}
    title={null}
    variant="secondary"
  >
    <Button
      aria-label="Hjelpetekst"
      aria-roledescription="Hjelp-knapp"
      bounding={false}
      class={null}
      className="dnb-help-button"
      custom_element={null}
      custom_method={null}
      disabled={null}
      element={null}
      global_status_id={null}
      href={null}
      icon="question"
      icon_position="left"
      icon_size={null}
      id="help-button"
      innerRef={null}
      inner_ref={null}
      onClick={null}
      on_click={null}
      size={null}
      skeleton={null}
      status={null}
      status_animation={null}
      status_state="error"
      text={null}
      title={null}
      tooltip={null}
      type="button"
      variant="secondary"
      wrap={false}
    >
      <button
        aria-label="Hjelpetekst"
        aria-roledescription="Hjelp-knapp"
        className="dnb-button dnb-button--secondary dnb-help-button dnb-button--icon-position-left dnb-button--has-icon dnb-button--size-medium"
        disabled={false}
        id="help-button"
        onClick={[Function]}
        type="button"
      >
        <Content
          aria-label="Hjelpetekst"
          aria-roledescription="Hjelp-knapp"
          bounding={false}
          class={null}
          className="dnb-help-button"
          content={null}
          custom_element={null}
          custom_method={null}
          disabled={null}
          element={null}
          global_status_id={null}
          href={null}
          icon="question"
          icon_position="left"
          icon_size={null}
          id="help-button"
          innerRef={null}
          inner_ref={null}
          isIconOnly={true}
          onClick={null}
          on_click={null}
          size={null}
          skeleton={false}
          status={null}
          status_animation={null}
          status_state="error"
          text={null}
          title={null}
          tooltip={null}
          type="button"
          variant="secondary"
          wrap={false}
        >
          <span
            className="dnb-button__alignment"
            key="button-text-empty"
          >
            â€Œ
          </span>
          <IconPrimary
            alt={null}
            aria-hidden={null}
            attributes={null}
            border={null}
            className="dnb-button__icon"
            color={null}
            height={null}
            icon="question"
            inherit_color={true}
            key="button-icon"
            modifier={null}
            size={null}
            skeleton={false}
            title={null}
            width={null}
          >
            <span
              aria-hidden={true}
              aria-label="question icon"
              className="dnb-icon dnb-icon--default dnb-button__icon dnb-icon--inherit-color"
              role="presentation"
            >
              <question>
                <svg
                  fill="none"
                  height={16}
                  viewBox="0 0 16 16"
                  width={16}
                  xmlns="http://www.w3.org/2000/svg"
                >
                  <path
                    clipRule="evenodd"
                    d="M6.142 4.876c0-1.205 1.081-2.203 2.272-2.12 1.202.082 2.123 1.23 1.96 2.412A2.174 2.174 0 018.975 6.88c-.961.34-1.313 1.123-1.426 1.826a5.62 5.62 0 00-.053.985c.002.154.007.28.011.396.005.143.01.27.01.413a.75.75 0 001.5 0c0-.15-.006-.338-.012-.516l-.01-.32a4.196 4.196 0 01.036-.72c.062-.393.19-.56.444-.65a3.673 3.673 0 002.383-2.92c.283-2.038-1.267-3.972-3.341-4.115-2.053-.142-3.876 1.537-3.876 3.616a.75.75 0 101.5 0zM8.25 14.5a1 1 0 100-2 1 1 0 000 2z"
                    fill="#000"
                    fillRule="evenodd"
                  />
                </svg>
              </question>
            </span>
          </IconPrimary>
        </Content>
      </button>
    </Button>
  </HelpButtonInstance>
</HelpButton>
`;

exports[`HelpButton scss have to match default theme snapshot 1`] = `
"/*
 * Np theme is provided
 *
 */
"
`;

exports[`HelpButton scss have to match snapshot 1`] = `
"/*
* DNB HelpButton
*
*/
/**
 * This file is only used to make components independent
 * so that they can get imported individually, without the core styles
 *
 */
/*
 * Utilities
 */
/*
 * Scopes
 *
 */
/*
 * Document Reset
 *
 */
.dnb-suffix {
  padding-left: 0.5rem;
  font-size: var(--font-size-basis);
  line-height: var(--line-height-basis);
  word-break: normal; }

.dnb-help-button {
  font-family: var(--font-family-default);
  font-weight: var(--font-weight-default);
  font-size: var(--font-size-small);
  font-style: normal;
  line-height: var(--line-height-basis);
  color: var(--color-black-80, #333);
  -moz-osx-font-smoothing: grayscale;
  -webkit-font-smoothing: antialiased;
  -webkit-tap-highlight-color: rgba(0, 0, 0, 0);
  /**
  * Ensure consistency and use the same as HTML reset -> html {...}
  * between base and code package
  */
  -moz-tab-size: 4;
  tab-size: 4;
  -ms-text-size-adjust: 100%;
  -webkit-text-size-adjust: 100%;
  word-break: break-word;
  /**
  * 1. Remove repeating backgrounds in all browsers (opinionated).
  * 2. Add border box sizing in all browsers (opinionated).
  */
  /**
  * 1. Add text decoration inheritance in all browsers (opinionated).
  * 2. Add vertical alignment inheritance in all browsers (opinionated).
  */
  margin: 0;
  padding: 0; }
  .dnb-help-button *,
  .dnb-help-button ::before,
  .dnb-help-button ::after {
    background-repeat: no-repeat;
    /* 1 */
    box-sizing: border-box;
    /* 2 */ }
  .dnb-help-button ::before,
  .dnb-help-button ::after {
    text-decoration: inherit;
    /* 1 */
    vertical-align: inherit;
    /* 2 */ }

/*
 * HelpButton component
 *
 * TODO: Set spacing in the theme file, as theme comes later in the stack
 *
 */
"
`;
