// Jest Snapshot v1, https://goo.gl/fbAQLP

exports[`Heading component have to match default heading snapshot 1`] = `
<HeadingProvider
  counter={null}
  debug={
    [MockFunction] {
      "calls": [
        [
          "Heading levels can only be changed by factor one! Got:",
          3,
          "and had before",
          1,
          "- The new level is",
          2,
          "
NB: This warning was triggered by:",
          "",
          "Heading #3",
        ],
        [
          "Heading levels can only be changed by factor one! Got:",
          4,
          "and had before",
          2,
          "- The new level is",
          3,
          "
NB: This warning was triggered by:",
          "",
          "Heading #4",
        ],
        [
          "Can not decrease to heading level 1! Had before",
          2,
          "- The new level is",
          2,
          "
NB: This warning was triggered by:",
          "",
          "Heading #7",
        ],
        [
          "Can not [increment] heading level higher than 6! Got:",
          7,
          "and had before",
          6,
          "- The new level is",
          6,
          "
NB: This warning was triggered by:",
          "",
          "Heading #3",
        ],
        [
          "Can not decrease to heading level 1! Had before",
          2,
          "- The new level is",
          2,
          "
NB: This warning was triggered by:",
          "",
          "Heading #9",
        ],
      ],
      "results": [
        {
          "type": "return",
          "value": undefined,
        },
        {
          "type": "return",
          "value": undefined,
        },
        {
          "type": "return",
          "value": undefined,
        },
        {
          "type": "return",
          "value": undefined,
        },
        {
          "type": "return",
          "value": undefined,
        },
      ],
    }
  }
  decrease={null}
  down={null}
  group={null}
  id={null}
  increase={null}
  inherit={null}
  level={null}
  reset={1}
  text={null}
  up={null}
>
  <Heading
    class={null}
    className={null}
    counter={null}
    debug={null}
    debug_counter={null}
    decrease={null}
    down={null}
    element="auto"
    group={null}
    id={null}
    increase={null}
    inherit={null}
    level={null}
    reset={null}
    size="auto"
    skeleton={null}
    skip_correction={null}
    text={null}
    up={null}
  >
    <h1
      className="dnb-heading dnb-h--xx-large"
    >
      <span
        className="dnb-heading__debug"
      >
        [h1] 
      </span>
      Heading #1
    </h1>
  </Heading>
  <Heading
    class={null}
    className={null}
    counter={null}
    debug={null}
    debug_counter={null}
    decrease={null}
    down={null}
    element="auto"
    group={null}
    id={null}
    increase={null}
    inherit={null}
    level={null}
    reset={null}
    size="auto"
    skeleton={null}
    skip_correction={null}
    text={null}
    up={null}
  >
    <h2
      className="dnb-heading dnb-h--large"
    >
      <span
        className="dnb-heading__debug"
      >
        [h2] 
      </span>
      Heading #2
    </h2>
  </Heading>
  <Component>
    <HeadingProvider
      counter={null}
      decrease={null}
      down={null}
      group={null}
      id={null}
      increase={true}
      inherit={null}
      level={null}
      reset={null}
      text={null}
      up={null}
    >
      <Heading
        class={null}
        className={null}
        counter={null}
        debug={null}
        debug_counter={null}
        decrease={null}
        down={null}
        element="auto"
        group={null}
        id={null}
        increase={null}
        inherit={null}
        level={null}
        reset={null}
        size="auto"
        skeleton={null}
        skip_correction={null}
        text={null}
        up={null}
      >
        <h3
          className="dnb-heading dnb-h--medium"
        >
          <span
            className="dnb-heading__debug"
          >
            [h3] 
          </span>
          Heading #3
        </h3>
      </Heading>
      <Heading
        class={null}
        className={null}
        counter={null}
        debug={null}
        debug_counter={null}
        decrease={null}
        down={null}
        element="auto"
        group={null}
        id={null}
        increase={null}
        inherit={null}
        level={null}
        reset={null}
        size="auto"
        skeleton={null}
        skip_correction={null}
        text={null}
        up={true}
      >
        <h4
          className="dnb-heading dnb-h--basis"
        >
          <span
            className="dnb-heading__debug"
          >
            [h4] 
          </span>
          Heading #4
        </h4>
      </Heading>
      <Heading
        class={null}
        className={null}
        counter={null}
        debug={null}
        debug_counter={null}
        decrease={null}
        down={true}
        element="auto"
        group={null}
        id={null}
        increase={null}
        inherit={null}
        level={null}
        reset={null}
        size="auto"
        skeleton={null}
        skip_correction={null}
        text={null}
        up={null}
      >
        <h3
          className="dnb-heading dnb-h--medium"
        >
          <span
            className="dnb-heading__debug"
          >
            [h3] 
          </span>
          Heading #5
        </h3>
      </Heading>
      <Heading
        class={null}
        className={null}
        counter={null}
        debug={null}
        debug_counter={null}
        decrease={true}
        down={null}
        element="auto"
        group={null}
        id={null}
        increase={null}
        inherit={null}
        level={null}
        reset={null}
        size="auto"
        skeleton={null}
        skip_correction={null}
        text={null}
        up={null}
      >
        <h2
          className="dnb-heading dnb-h--large"
        >
          <span
            className="dnb-heading__debug"
          >
            [h2] 
          </span>
          Heading #6
        </h2>
      </Heading>
    </HeadingProvider>
  </Component>
  <Component>
    <HeadingProvider
      counter={null}
      decrease={null}
      down={null}
      group={null}
      id={null}
      increase={true}
      inherit={null}
      level={null}
      reset={null}
      text={null}
      up={null}
    >
      <Heading
        class={null}
        className={null}
        counter={null}
        debug={null}
        debug_counter={null}
        decrease={null}
        down={null}
        element="auto"
        group={null}
        id={null}
        increase={null}
        inherit={null}
        level={null}
        reset={null}
        size="auto"
        skeleton={null}
        skip_correction={null}
        text={null}
        up={null}
      >
        <h3
          className="dnb-heading dnb-h--medium"
        >
          <span
            className="dnb-heading__debug"
          >
            [h3] 
          </span>
          Heading #7
        </h3>
      </Heading>
      <Component
        decrease={true}
      >
        <HeadingProvider
          counter={null}
          decrease={true}
          down={null}
          group={null}
          id={null}
          increase={true}
          inherit={null}
          level={null}
          reset={null}
          text={null}
          up={null}
        >
          <Heading
            class={null}
            className={null}
            counter={null}
            debug={null}
            debug_counter={null}
            decrease={null}
            down={null}
            element="auto"
            group={null}
            id={null}
            increase={null}
            inherit={null}
            level={null}
            reset={null}
            size="auto"
            skeleton={null}
            skip_correction={null}
            text={null}
            up={null}
          >
            <h2
              className="dnb-heading dnb-h--large"
            >
              <span
                className="dnb-heading__debug"
              >
                [h2] 
              </span>
              Heading #8
            </h2>
          </Heading>
          <Heading
            class={null}
            className={null}
            counter={null}
            debug={null}
            debug_counter={null}
            decrease={true}
            down={null}
            element="auto"
            group={null}
            id={null}
            increase={null}
            inherit={null}
            level={null}
            reset={null}
            size="auto"
            skeleton={null}
            skip_correction={null}
            text={null}
            up={null}
          >
            <h2
              className="dnb-heading dnb-h--large"
            >
              <span
                className="dnb-heading__debug"
              >
                [h2] 
              </span>
              Heading #9
            </h2>
          </Heading>
        </HeadingProvider>
      </Component>
    </HeadingProvider>
  </Component>
</HeadingProvider>
`;

exports[`Heading component have to match snapshot 1`] = `
"/*
* Used for snapshot testing
*
*/
/*
 * Utilities
 */
/*
 * Heading Component
 *
 */
/*
 * Utilities
 */
.dnb-heading__debug {
  color: var(--color-black-20);
  font-weight: var(--font-weight-basis);
}
.dnb-heading__debug .dnb-code {
  color: var(--color-black);
  font-size: 12px !important;
}
.dnb-heading__context {
  display: block;
  padding: 1rem 0 2rem;
}"
`;
