// Jest Snapshot v1, https://goo.gl/fbAQLP

exports[`FormRow component have to match snapshot 1`] = `
<FormRow
  class="class"
  className="className"
  custom_element={Object {}}
  custom_method={[Function]}
  direction="horizontal"
  disabled="disabled"
  global_status_id="global_status_id"
  id="form-row"
  indent="indent"
  indent_offset="indent_offset"
  label="label"
  label_class="label_class"
  label_direction="horizontal"
  label_id="label_id"
  label_sr_only="label_sr_only"
  no_fieldset="no_fieldset"
  no_label="no_label"
  render_content={[Function]}
  section_spacing="section_spacing"
  section_style="section_style"
  skipContentWrapperIfNested={true}
  vertical="vertical"
  wrap="wrap"
>
  <Fieldset
    className={null}
    useFieldset={true}
  >
    <fieldset
      className="dnb-form-row__fieldset"
    >
      <div
        className="dnb-form-row dnb-form-row--horizontal dnb-form-row--horizontal-label className class dnb-form-row__indent--indent dnb-section dnb-section--section_style dnb-section--spacing-section_spacing"
      >
        <AlignmentHelper
          className="dnb-form-row__helper"
        >
          <span
            aria-hidden={true}
            className="dnb-alignment-helper dnb-form-row__helper"
          />
        </AlignmentHelper>
        <FormLabel
          class={null}
          className="dnb-form-row__label label_class"
          direction="horizontal"
          disabled={false}
          element="legend"
          for_id={null}
          id="label_id"
          label_direction={null}
          render_content={null}
          sr_only="label_sr_only"
          text="label"
          title={null}
          vertical={null}
        >
          <Element
            className="dnb-form-label dnb-form-row__label label_class"
            id="label_id"
            is="legend"
          >
            <legend
              className="dnb-form-label dnb-form-row__label label_class"
              id="label_id"
            >
              label
            </legend>
          </Element>
        </FormLabel>
        <div
          className="dnb-form-row__content dnb-form-row__content--indent_offset"
        >
          children
        </div>
      </div>
    </fieldset>
  </Fieldset>
</FormRow>
`;

exports[`FormRow scss have to match default theme snapshot 1`] = `
"/*
 * FormRow theme
 *
 */
.dnb-form-row:not(.dnb-form-row--vertical).dnb-form-row__indent--default > .dnb-form-label, .dnb-form-row:not(.dnb-form-row--vertical).dnb-form-row__indent--medium > .dnb-form-label {
  width: 30vw;
  max-width: 20rem; }
  @media (max-width: 40em) {
    .dnb-form-row:not(.dnb-form-row--vertical).dnb-form-row__indent--default > .dnb-form-label, .dnb-form-row:not(.dnb-form-row--vertical).dnb-form-row__indent--medium > .dnb-form-label {
      width: auto; } }
"
`;

exports[`FormRow scss have to match snapshot 1`] = `
"/*
* DNB FormRow
*
*/
/**
 * This file is only used to make components independent
 * so that they can get imported individually, without the core styles
 *
 */
/*
 * Utilities
 */
/*
 * Scopes
 *
 */
/*
 * Document Reset
 *
 */
/*
* DNB FormLabel
*
*/
.dnb-form-label {
  font-family: var(--font-family-default);
  font-weight: var(--font-weight-default);
  font-size: var(--font-size-small);
  font-style: normal;
  line-height: var(--line-height-basis);
  color: var(--color-black-80, #333);
  -moz-osx-font-smoothing: grayscale;
  -webkit-font-smoothing: antialiased;
  -webkit-tap-highlight-color: rgba(0, 0, 0, 0);
  /**
  * 1. Remove repeating backgrounds in all browsers (opinionated).
  * 2. Add border box sizing in all browsers (opinionated).
  */
  /**
  * 1. Add text decoration inheritance in all browsers (opinionated).
  * 2. Add vertical alignment inheritance in all browsers (opinionated).
  */
  margin: 0;
  padding: 0; }
  .dnb-form-label *,
  .dnb-form-label ::before,
  .dnb-form-label ::after {
    background-repeat: no-repeat;
    /* 1 */
    box-sizing: border-box;
    /* 2 */ }
  .dnb-form-label ::before,
  .dnb-form-label ::after {
    text-decoration: inherit;
    /* 1 */
    vertical-align: inherit;
    /* 2 */ }

/*
 * FormLabel component
 *
 */
.dnb-form-label {
  display: inline-block;
  width: auto;
  padding: 0;
  margin-right: 1rem;
  text-align: left;
  font-size: var(--font-size-basis);
  vertical-align: baseline;
  color: inherit; }
  .dnb-form-label--vertical {
    display: block;
    margin-right: 0;
    margin-bottom: 0.5rem; }
  .dnb-form-label[for]:not([disabled]) {
    user-select: none;
    -webkit-user-select: none;
    cursor: pointer; }
  .dnb-form-label[disabled] {
    cursor: not-allowed; }
  @media screen and (-ms-high-contrast: none) {
    .dnb-form-label {
      max-width: 60vw; } }

legend.dnb-form-label {
  display: inline-block; }

.dnb-form-row {
  font-family: var(--font-family-default);
  font-weight: var(--font-weight-default);
  font-size: var(--font-size-small);
  font-style: normal;
  line-height: var(--line-height-basis);
  color: var(--color-black-80, #333);
  -moz-osx-font-smoothing: grayscale;
  -webkit-font-smoothing: antialiased;
  -webkit-tap-highlight-color: rgba(0, 0, 0, 0);
  /**
  * 1. Remove repeating backgrounds in all browsers (opinionated).
  * 2. Add border box sizing in all browsers (opinionated).
  */
  /**
  * 1. Add text decoration inheritance in all browsers (opinionated).
  * 2. Add vertical alignment inheritance in all browsers (opinionated).
  */
  margin: 0;
  padding: 0; }
  .dnb-form-row *,
  .dnb-form-row ::before,
  .dnb-form-row ::after {
    background-repeat: no-repeat;
    /* 1 */
    box-sizing: border-box;
    /* 2 */ }
  .dnb-form-row ::before,
  .dnb-form-row ::after {
    text-decoration: inherit;
    /* 1 */
    vertical-align: inherit;
    /* 2 */ }

/*
 * FormRow component
 *
 */
:root {
  --form-row-column1-start: auto;
  --form-row-column2-start: 1fr;
  --form-row-row1-start: auto;
  --form-row-row2-start: auto;
  --form-bounding-height: 0.25rem; }

.dnb-form-row {
  display: flex;
  align-items: baseline; }
  .dnb-form-row__content {
    display: inline-flex;
    flex: 1;
    width: 100%; }
  .dnb-form-row:not(.dnb-form-row--vertical) > .dnb-form-row__content {
    align-items: baseline; }
    .dnb-form-row:not(.dnb-form-row--vertical) > .dnb-form-row__content .dnb-form-label {
      white-space: nowrap; }
    .dnb-form-row:not(.dnb-form-row--vertical) > .dnb-form-row__content--wrap {
      display: block; }
  @supports (display: grid) {
    .dnb-form-row:not(.dnb-form-row--vertical)[class*='__indent'] {
      display: grid;
      grid-template-columns: [column1-start] var(--form-row-column1-start) [column1-end column2-start] var(--form-row-column2-start) [column2-end];
      grid-template-rows: [row1-start] var(--form-row-row1-start) [row1-end row2-start] var(--form-row-row2-start) [row2-end]; } }
  @supports (display: grid) {
    .dnb-form-row:not(.dnb-form-row--vertical)[class*='__indent'] > .dnb-form-row__content {
      grid-column: column2-start / column2-end;
      grid-row: row2-start / row2-end; } }
  @media (min-width: 40em) {
    .dnb-form-row:not(.dnb-form-row--vertical)[class*='__indent'] > .dnb-form-row__content--default {
      margin-top: -1.5rem; }
    .dnb-form-row:not(.dnb-form-row--vertical)[class*='__indent'] > .dnb-form-row__content--x-small {
      margin-top: calc(-0.5rem + var(--form-bounding-height)); }
    .dnb-form-row:not(.dnb-form-row--vertical)[class*='__indent'] > .dnb-form-row__content--small {
      margin-top: calc(-1rem + var(--form-bounding-height)); }
    .dnb-form-row:not(.dnb-form-row--vertical)[class*='__indent'] > .dnb-form-row__content--medium {
      margin-top: calc(-1.5rem + var(--form-bounding-height)); }
    .dnb-form-row:not(.dnb-form-row--vertical)[class*='__indent'] > .dnb-form-row__content--large {
      margin-top: calc(-2rem + var(--form-bounding-height)); }
    .dnb-form-row:not(.dnb-form-row--vertical)[class*='__indent'] > .dnb-form-row__content--m-large {
      margin-top: calc(-2.5rem + 0.625rem); }
    .dnb-form-row:not(.dnb-form-row--vertical)[class*='__indent'] > .dnb-form-row__content--x-large {
      margin-top: calc(-3rem + var(--form-bounding-height)); }
    .dnb-form-row:not(.dnb-form-row--vertical)[class*='__indent'] > .dnb-form-row__content--xx-large {
      margin-top: calc(-3.5rem + var(--form-bounding-height)); } }
  @media screen and (-ms-high-contrast: none) {
    .dnb-form-row:not(.dnb-form-row--vertical)[class*='__indent'] > .dnb-form-row__content {
      margin-top: 0; } }
  @media (max-width: 40em) {
    .dnb-form-row:not(.dnb-form-row--vertical)[class*='__indent'] > .dnb-form-row__content {
      margin-top: 0.5rem !important; } }
  .dnb-form-row:not(.dnb-form-row--vertical)[class*='__indent'] > .dnb-form-label {
    margin-right: 1rem; }
    @supports (display: grid) {
      .dnb-form-row:not(.dnb-form-row--vertical)[class*='__indent'] > .dnb-form-label {
        grid-column: column1-start / column1-end;
        grid-row: row1-start / row1-end; } }
    @media (min-width: 40em) {
      .dnb-form-row:not(.dnb-form-row--vertical)[class*='__indent'] > .dnb-form-label {
        text-align: right; } }
  @media (max-width: 40em) {
    .dnb-form-row:not(.dnb-form-row--vertical)[class*='__indent'] {
      display: block; } }
  @media (max-width: 40em) {
    .dnb-form-row:not(.dnb-form-row--vertical) {
      flex-direction: column;
      align-items: flex-start; }
      .dnb-form-row:not(.dnb-form-row--vertical) > .dnb-form-label {
        margin-bottom: 0.5rem; }
      .dnb-form-row:not(.dnb-form-row--vertical) > .dnb-form-row__content {
        flex-direction: column; }
        .dnb-form-row:not(.dnb-form-row--vertical) > .dnb-form-row__content > .dnb-form-label {
          margin-top: 1rem; } }
  .dnb-form-row--vertical > .dnb-form-label {
    margin-bottom: 0.5rem; }
  .dnb-form-row--vertical > .dnb-form-row__content {
    flex-direction: column; }
  .dnb-form-row--vertical-label {
    flex-direction: column; }
  @media (max-width: 40em) {
    .dnb-form-row .dnb-form-component {
      margin-bottom: 0.5rem; } }
  .dnb-form-row > .dnb-form-status {
    margin: 0.5rem 0; }
  .dnb-form-row > .dnb-form-label--vertical {
    display: flex;
    flex-direction: column;
    align-items: flex-start; }
  @supports (display: grid) {
    .dnb-form-row > .dnb-form-label--vertical ~ .dnb-form-row__content {
      grid-column: column1-start / column1-end; } }
  .dnb-form-row__label-dummy {
    margin: 0; }
  .dnb-form-row__fieldset,
  .dnb-core-style .dnb-form-row__fieldset {
    margin: 0;
    padding: 0;
    border: none;
    width: 100%; }
  @media screen and (-ms-high-contrast: none) {
    .dnb-form-row {
      align-items: flex-start; }
      .dnb-form-row__content {
        flex: auto; } }
"
`;
