// Jest Snapshot v1, https://goo.gl/fbAQLP

exports[`IconPrimary component have to match snapshot 1`] = `
<IconPrimary
  alt={null}
  attributes={null}
  border={null}
  class={null}
  className={null}
  color={null}
  height={null}
  icon="question"
  modifier={null}
  size={null}
  title={null}
  width={null}
>
  <span
    alt="question"
    aria-label="question"
    className="dnb-icon"
    role="img"
  >
    <span>
      <question>
        <svg
          fill="none"
          height={16}
          viewBox="0 0 16 16"
          width={16}
        >
          <path
            clipRule="evenodd"
            d="M4.352 5.1c0-2.05 1.55-3.6 3.6-3.6 2.052 0 3.601 1.55 3.601 3.6 0 2.051-1.55 3.6-3.6 3.6a.75.75 0 00-.75.75v2.666a.75.75 0 001.5 0V10.15c2.506-.348 4.35-2.425 4.35-5.049 0-2.879-2.22-5.1-5.1-5.1-2.88 0-5.1 2.221-5.1 5.1a.75.75 0 001.5 0zm3.6 10.898c.659 0 1.098-.439 1.098-1.097 0-.658-.44-1.097-1.097-1.097-.658 0-1.097.44-1.097 1.097 0 .658.439 1.097 1.097 1.097z"
            fill="#000"
            fillRule="evenodd"
          />
        </svg>
      </question>
    </span>
  </span>
</IconPrimary>
`;
