// Jest Snapshot v1, https://goo.gl/fbAQLP

exports[`InputMasked scss has to match style dependencies css 1`] = `
"/*
* Used for snapshot testing
*
*/
/*
 * Utilities
 */
/*
* Used for snapshot testing
*
*/
/*
 * Utilities
 */
/*
* Used for snapshot testing
*
*/
/*
 * Utilities
 */
/*
* Used for snapshot testing
*
*/
/*
 * Utilities
 */
/*
* Icon component
*
*/
/*
 * Utilities
 */
.dnb-icon {
  display: inline-block;
  vertical-align: middle;
  font-size: 1rem;
  line-height: 1rem;
  color: inherit;
  width: 1em;
  height: 1em;
}
.dnb-icon img, .dnb-core-style .dnb-icon img,
.dnb-icon svg,
.dnb-core-style .dnb-icon svg {
  width: inherit;
  height: inherit;
  shape-rendering: geometricprecision;
  vertical-align: top;
}
.dnb-icon svg[width="100%"] {
  width: inherit;
}
.dnb-icon svg[height="100%"] {
  height: inherit;
}
.dnb-icon--inherit-color svg:not([fill]), .dnb-icon--inherit-color svg [fill] {
  fill: currentcolor;
}
.dnb-icon--inherit-color svg [stroke] {
  stroke: currentcolor;
}
.dnb-icon--small {
  font-size: 0.75rem;
}
.dnb-icon--default {
  font-size: 1rem;
}
.dnb-icon--medium {
  font-size: 1.5rem;
}
.dnb-icon--large {
  font-size: 2rem;
}
.dnb-icon--x-large {
  font-size: 2.5rem;
}
.dnb-icon--xx-large {
  font-size: 3rem;
}
.dnb-icon--custom-size {
  width: auto;
  height: auto;
}
.dnb-icon--auto {
  font-size: 1em;
}
.dnb-icon--auto > .dnb-icon--wrapper {
  display: inline-flex;
  align-items: center;
  justify-content: center;
}
h1 > .dnb-icon, h2 > .dnb-icon, h3 > .dnb-icon, h4 > .dnb-icon, h5 > .dnb-icon, h6 > .dnb-icon {
  vertical-align: middle;
}
p > .dnb-icon {
  vertical-align: inherit;
}
.dnb-icon.dnb-skeleton {
  color: var(--skeleton-color) !important;
}
.dnb-icon.dnb-skeleton::before, .dnb-icon.dnb-skeleton::after {
  content: none !important;
}

/*
* Used for snapshot testing
*
*/
/*
 * Utilities
 */
/*
* Tooltip component
*
*/
/*
 * Utilities
 */
.dnb-tooltip {
  --tooltip-color: white;
  --tooltip-background-color: black;
  --tooltip-border-color: 1px solid black;
  --tooltip-border-radius: 1rem;
  position: absolute;
  z-index: 3100;
  display: flex;
  flex-direction: column;
  justify-content: center;
  align-items: center;
  padding: 0 1rem;
  color: var(--tooltip-color);
  text-align: center;
  background-color: var(--tooltip-background-color);
  border-radius: var(--tooltip-border-radius);
  box-shadow: var(--shadow-default);
  opacity: 0;
  visibility: hidden;
  transition: opacity 200ms var(--easing-default);
}
.dnb-tooltip--large {
  padding: 0.25rem 1rem;
}
.dnb-tooltip--active {
  visibility: visible;
  /*
    because of the first "show" we also use animation
    also, use forwards because of the usage of visibility
  */
  animation: show-tooltip 200ms var(--easing-default) forwards;
}
html[data-visual-test] .dnb-tooltip--active, .dnb-tooltip--active.dnb-tooltip--no-animation {
  animation: show-tooltip 1ms var(--easing-default) forwards;
}
.dnb-tooltip--hide {
  visibility: visible;
  animation: hide-tooltip 200ms var(--easing-default) forwards;
}
.dnb-tooltip--hide.dnb-tooltip--no-animation {
  animation: hide-tooltip 1ms linear forwards;
}
.dnb-tooltip--fixed {
  position: fixed;
}
html[data-visual-test] .dnb-tooltip--hide {
  animation: hide-tooltip 1ms linear 1s forwards;
}
.dnb-tooltip__portal {
  position: absolute;
  top: 0;
  left: 0;
  right: 0;
}
.dnb-tooltip__content {
  min-width: 2rem;
  min-height: 1.5rem;
  padding: 0;
}
.dnb-tooltip__arrow {
  position: absolute;
  pointer-events: none;
  margin: 0;
  width: 1rem;
  height: 0.5rem;
  overflow: hidden;
}
.dnb-tooltip__arrow::before {
  content: "";
  position: absolute;
  bottom: 0;
  left: 0;
  width: 1rem;
  height: 1rem;
  background-color: var(--tooltip-background-color);
  border: var(--tooltip-border-color);
  transform: translateY(70%) rotate(45deg);
}
.dnb-tooltip__arrow__position--bottom {
  top: -0.5rem;
}
.dnb-tooltip__arrow__position--top {
  bottom: -0.5rem;
  transform: rotate(180deg);
}
.dnb-tooltip__arrow__position--left {
  right: -0.75rem;
  margin-right: 3px;
  transform: rotate(90deg);
}
.dnb-tooltip__arrow__position--right {
  left: -0.75rem;
  margin-left: 3px;
  transform: rotate(270deg);
}
.dnb-tooltip__arrow__arrow--left {
  align-self: flex-start;
}
.dnb-tooltip__arrow__arrow--right {
  align-self: flex-end;
}

@keyframes show-tooltip {
  from {
    opacity: 0;
  }
  to {
    opacity: 1;
  }
}
@keyframes hide-tooltip {
  from {
    opacity: 1;
  }
  to {
    opacity: 0;
    visibility: hidden;
  }
}
/*
* Used for snapshot testing
*
*/
/*
 * Utilities
 */
/*
 * FormStatus component
 *
 */
/*
 * Utilities
 */
.dnb-form-status {
  --form-status-radius: 0.25rem;
  display: flex;
  opacity: 1;
  transition: height 400ms var(--easing-default), opacity 400ms var(--easing-default), margin 400ms var(--easing-default), padding 400ms var(--easing-default);
}
.dnb-form-status--hidden {
  will-change: height, opacity, margin, padding;
  width: 0;
  height: 0;
  opacity: 0;
}
.dnb-form-status--is-animating {
  overflow: hidden;
  width: auto;
}
.dnb-form-status--disappear, .dnb-form-status--hidden {
  margin: 0 !important;
  padding: 0 !important;
}
.dnb-form-status__shell {
  display: flex;
  justify-content: flex-start;
  align-items: flex-start;
  min-width: inherit;
  border-radius: var(--form-status-radius);
}
.dnb-form-status__text {
  padding: 0.625rem 1rem;
  cursor: text;
  color: inherit;
  line-height: var(--line-height-small);
  font-size: var(--font-size-small);
  white-space: normal;
}
button .dnb-form-status__text {
  cursor: inherit;
}
.dnb-form-status__text .dnb-anchor {
  font-size: inherit;
}
.dnb-icon + .dnb-form-status__text {
  padding-left: 0.5rem;
}
.dnb-form-status__shell > .dnb-icon {
  display: flex;
  justify-content: center;
  align-items: center;
  margin: 0.3333333em 0.3333333em 0.3333333em 0.6666666em;
}
.dnb-form-status__size--large .dnb-form-status__text {
  padding-top: 1.125rem;
  padding-bottom: 1.125rem;
}
.dnb-form-status__size--large .dnb-form-status__shell > .dnb-icon {
  margin-top: 0.6666666em;
  margin-bottom: 0.6666666em;
}
.dnb-form-status--stretch {
  flex-grow: 1;
}
.dnb-form-status--stretch .dnb-form-status__shell {
  width: 100%;
}
.dnb-form-status--stretch .dnb-form-status__text {
  max-width: 47rem;
}
.dnb-form-status[hidden] {
  display: none;
}
.dnb-form-status--no-animation, html[data-visual-test] .dnb-form-status {
  transition-duration: 1ms !important;
}

/*
* Button component
*
*/
/*
 * Utilities
 */
:root {
  --button-icon-size: 1rem;
  --button-height: 2.5rem;
  --button-border-radius: calc(var(--button-height) / 2);
}

.dnb-button {
  --button-font-size: var(--font-size-basis);
  --button-font-size-small: var(--font-size-small);
  --button-width: 2.5rem;
  --button-width--small: 1.5rem;
  --button-height--small: 1.5rem;
  --button-width--medium: 2rem;
  --button-height--medium: 2rem;
  --button-width--large: 3rem;
  --button-height--large: 3rem;
  --button-border-width: 0.0625rem;
  --button-border-width--hover: 0.1875rem;
  --button-border-radius--small: calc(var(--button-height--small) / 2);
  --button-border-radius--medium: calc(var(--button-height--medium) / 2);
  --button-border-radius--large: calc(var(--button-height--large) / 2);
  --button-border-radius--control-button: 0.25rem;
  position: relative;
  user-select: none;
  /* stylelint-disable-next-line */
  -webkit-user-select: none;
  cursor: pointer;
  white-space: nowrap;
  display: inline-flex;
  align-items: center;
  justify-content: center;
  width: var(--button-width);
  height: auto;
  padding: 0;
  border: none;
  border-radius: var(--button-border-radius);
  text-align: left;
  font-size: var(--font-size-small);
  text-decoration: none;
  box-shadow: none;
  /* stylelint-disable-next-line */
}
.dnb-button--wrap {
  overflow-wrap: break-word;
  white-space: normal;
}
.dnb-button, .dnb-core-style .dnb-button {
  line-height: var(--button-height);
}
.dnb-button__text {
  margin: 0.5rem 0;
  font-size: var(--button-font-size);
  line-height: var(--line-height-basis);
  color: inherit;
  transform: translateY(-0.03125rem);
}
.dnb-button__text [data-os=linux] {
  transform: translateY(-0.035rem);
}
.dnb-button__alignment {
  display: inline-block;
  width: 0;
}
.dnb-button__bounding {
  position: absolute;
  top: 0;
  bottom: 0;
  right: 0;
  left: 0;
  transform: scale(1.1, 1.4);
  background-color: transparent;
  border-radius: var(--button-border-radius);
}
.dnb-button--has-text {
  padding-left: 1.5rem;
  padding-right: 1.5rem;
}
.dnb-button--size-small {
  width: var(--button-width--small);
  font-size: var(--button-font-size-small);
  border-radius: var(--button-border-radius--small);
}
.dnb-button--size-small, .dnb-core-style .dnb-button--size-small {
  line-height: var(--button-height--small);
}
.dnb-button--size-small .dnb-button__text {
  margin: 0;
}
.dnb-button--has-text.dnb-button--size-small {
  padding-left: 1rem;
  padding-right: 1rem;
}
.dnb-button--has-text.dnb-button--icon-position-left.dnb-button--size-small {
  padding-left: 0.5rem;
}
.dnb-button--has-text.dnb-button--icon-position-right.dnb-button--size-small {
  padding-right: 0.5rem;
}
.dnb-button--size-medium {
  width: var(--button-width--medium);
  border-radius: var(--button-border-radius--medium);
}
.dnb-button--size-medium, .dnb-core-style .dnb-button--size-medium {
  line-height: var(--button-height--medium);
}
.dnb-button--size-medium .dnb-button__text {
  margin: 0;
}
.dnb-button--has-text.dnb-button--size-medium {
  padding-left: 1rem;
  padding-right: 1rem;
}
.dnb-button--has-text.dnb-button--icon-position-left.dnb-button--size-medium {
  padding-left: 0.5rem;
}
.dnb-button--has-text.dnb-button--icon-position-right.dnb-button--size-medium {
  padding-right: 0.5rem;
}
.dnb-button--control-before.dnb-button--size-medium {
  line-height: var(--button-height);
}
.dnb-button--control-after.dnb-button--size-medium {
  line-height: var(--button-height);
}
.dnb-button--size-large {
  width: var(--button-width--large);
  border-radius: var(--button-border-radius--large);
}
.dnb-button--size-large, .dnb-core-style .dnb-button--size-large {
  line-height: var(--button-height--large);
}
.dnb-button--has-text.dnb-button--size-large {
  padding-left: 2rem;
  padding-right: 2rem;
}
.dnb-button--has-text.dnb-button--icon-position-left.dnb-button--size-large {
  padding-left: 1rem;
}
.dnb-button--has-text.dnb-button--icon-position-right.dnb-button--size-large {
  padding-right: 1rem;
}
.dnb-button--has-text {
  width: auto;
}
.dnb-button--has-text .dnb-button__icon {
  margin: 0 calc(var(--button-icon-size) / 2);
}
.dnb-button--has-text.dnb-button--icon-position-left {
  padding-left: 0.5rem;
}
.dnb-button--has-text.dnb-button--icon-position-right {
  padding-right: 0.5rem;
}
.dnb-button--has-text.dnb-button--has-icon .dnb-button__icon {
  order: 2;
}
.dnb-button--has-text.dnb-button--has-icon .dnb-button__text {
  order: 1;
}
.dnb-button:not(.dnb-button--has-text) .dnb-button__icon {
  width: inherit;
}
.dnb-button__icon.dnb-icon svg:not([width]):not([height]) {
  width: var(--button-icon-size);
  height: var(--button-icon-size);
}
[href] > .dnb-button__icon.dnb-icon {
  line-height: var(--button-font-size);
}
.dnb-button--has-text.dnb-button--has-icon.dnb-button--icon-position-left .dnb-button__icon, .dnb-button--has-text.dnb-button--has-icon.dnb-button--icon-position-top .dnb-button__icon {
  order: 1;
}
.dnb-button--has-text.dnb-button--has-icon.dnb-button--icon-position-left .dnb-button__text, .dnb-button--has-text.dnb-button--has-icon.dnb-button--icon-position-top .dnb-button__text {
  order: 2;
}
.dnb-button--stretch {
  width: 100%;
}
.dnb-button--control-before {
  border-radius: var(--button-border-radius--control-button) 0 0 var(--button-border-radius--control-button);
}
.dnb-button--control-after {
  border-radius: 0 var(--button-border-radius--control-button) var(--button-border-radius--control-button) 0;
}
.dnb-button--reset {
  margin: 0;
  padding: 0;
  width: auto;
  height: auto;
  overflow: visible;
  border: none;
  border-radius: 0;
  background-color: transparent;
  appearance: none;
  box-shadow: none;
  color: inherit;
  font: inherit;
  text-align: inherit;
  line-height: inherit;
}
html:not([data-whatintent=touch]) .dnb-button--reset:hover[disabled] {
  cursor: not-allowed;
}
html:not([data-whatintent=touch]) .dnb-button--reset:hover:not([disabled]) {
  box-shadow: none;
  border: none;
}
.dnb-button--reset:not([disabled]):focus, .dnb-button--reset:not([disabled]):active {
  outline: none;
}
html[data-whatinput=keyboard] .dnb-button--reset:not([disabled]):focus, html[data-whatinput=keyboard] .dnb-button--reset:not([disabled]):active {
  --border-color: var(--focus-ring-color);
  --border-width: var(--focus-ring-width);
  box-shadow: 0 0 0 var(--border-width) var(--border-color);
  border-color: transparent;
}
html[data-whatinput=mouse] .dnb-button--reset:not([disabled]):focus, html[data-whatinput=mouse] .dnb-button--reset:not([disabled]):active {
  box-shadow: none;
  color: inherit;
  border: none;
}
.dnb-button[type=button], .dnb-button[type=reset], .dnb-button[type=submit] {
  appearance: none;
  /* stylelint-disable-next-line */
  -moz-appearance: none;
  /* stylelint-disable-next-line */
  -webkit-appearance: none;
}
.dnb-button[disabled] {
  cursor: not-allowed;
  outline: none;
}
.dnb-form-row--vertical .dnb-form-row__content > .dnb-button {
  align-self: flex-start;
}
.dnb-form-row--horizontal .dnb-form-row__content .dnb-button__text {
  white-space: nowrap;
}
.dnb-button + .dnb-form-status {
  margin-top: 0.5rem;
}

/* Firefox includes a hidden border which messes up button dimensions */
button.dnb-button::-moz-focus-inner {
  border: none;
}

/*
* Used for snapshot testing
*
*/
/*
 * Utilities
 */
/*
* Icon component
*
*/
/*
 * Utilities
 */
.dnb-icon {
  display: inline-block;
  vertical-align: middle;
  font-size: 1rem;
  line-height: 1rem;
  color: inherit;
  width: 1em;
  height: 1em;
}
.dnb-icon img, .dnb-core-style .dnb-icon img,
.dnb-icon svg,
.dnb-core-style .dnb-icon svg {
  width: inherit;
  height: inherit;
  shape-rendering: geometricprecision;
  vertical-align: top;
}
.dnb-icon svg[width="100%"] {
  width: inherit;
}
.dnb-icon svg[height="100%"] {
  height: inherit;
}
.dnb-icon--inherit-color svg:not([fill]), .dnb-icon--inherit-color svg [fill] {
  fill: currentcolor;
}
.dnb-icon--inherit-color svg [stroke] {
  stroke: currentcolor;
}
.dnb-icon--small {
  font-size: 0.75rem;
}
.dnb-icon--default {
  font-size: 1rem;
}
.dnb-icon--medium {
  font-size: 1.5rem;
}
.dnb-icon--large {
  font-size: 2rem;
}
.dnb-icon--x-large {
  font-size: 2.5rem;
}
.dnb-icon--xx-large {
  font-size: 3rem;
}
.dnb-icon--custom-size {
  width: auto;
  height: auto;
}
.dnb-icon--auto {
  font-size: 1em;
}
.dnb-icon--auto > .dnb-icon--wrapper {
  display: inline-flex;
  align-items: center;
  justify-content: center;
}
h1 > .dnb-icon, h2 > .dnb-icon, h3 > .dnb-icon, h4 > .dnb-icon, h5 > .dnb-icon, h6 > .dnb-icon {
  vertical-align: middle;
}
p > .dnb-icon {
  vertical-align: inherit;
}
.dnb-icon.dnb-skeleton {
  color: var(--skeleton-color) !important;
}
.dnb-icon.dnb-skeleton::before, .dnb-icon.dnb-skeleton::after {
  content: none !important;
}

/*
* Used for snapshot testing
*
*/
/*
 * Utilities
 */
/*
* Tooltip component
*
*/
/*
 * Utilities
 */
.dnb-tooltip {
  --tooltip-color: white;
  --tooltip-background-color: black;
  --tooltip-border-color: 1px solid black;
  --tooltip-border-radius: 1rem;
  position: absolute;
  z-index: 3100;
  display: flex;
  flex-direction: column;
  justify-content: center;
  align-items: center;
  padding: 0 1rem;
  color: var(--tooltip-color);
  text-align: center;
  background-color: var(--tooltip-background-color);
  border-radius: var(--tooltip-border-radius);
  box-shadow: var(--shadow-default);
  opacity: 0;
  visibility: hidden;
  transition: opacity 200ms var(--easing-default);
}
.dnb-tooltip--large {
  padding: 0.25rem 1rem;
}
.dnb-tooltip--active {
  visibility: visible;
  /*
    because of the first "show" we also use animation
    also, use forwards because of the usage of visibility
  */
  animation: show-tooltip 200ms var(--easing-default) forwards;
}
html[data-visual-test] .dnb-tooltip--active, .dnb-tooltip--active.dnb-tooltip--no-animation {
  animation: show-tooltip 1ms var(--easing-default) forwards;
}
.dnb-tooltip--hide {
  visibility: visible;
  animation: hide-tooltip 200ms var(--easing-default) forwards;
}
.dnb-tooltip--hide.dnb-tooltip--no-animation {
  animation: hide-tooltip 1ms linear forwards;
}
.dnb-tooltip--fixed {
  position: fixed;
}
html[data-visual-test] .dnb-tooltip--hide {
  animation: hide-tooltip 1ms linear 1s forwards;
}
.dnb-tooltip__portal {
  position: absolute;
  top: 0;
  left: 0;
  right: 0;
}
.dnb-tooltip__content {
  min-width: 2rem;
  min-height: 1.5rem;
  padding: 0;
}
.dnb-tooltip__arrow {
  position: absolute;
  pointer-events: none;
  margin: 0;
  width: 1rem;
  height: 0.5rem;
  overflow: hidden;
}
.dnb-tooltip__arrow::before {
  content: "";
  position: absolute;
  bottom: 0;
  left: 0;
  width: 1rem;
  height: 1rem;
  background-color: var(--tooltip-background-color);
  border: var(--tooltip-border-color);
  transform: translateY(70%) rotate(45deg);
}
.dnb-tooltip__arrow__position--bottom {
  top: -0.5rem;
}
.dnb-tooltip__arrow__position--top {
  bottom: -0.5rem;
  transform: rotate(180deg);
}
.dnb-tooltip__arrow__position--left {
  right: -0.75rem;
  margin-right: 3px;
  transform: rotate(90deg);
}
.dnb-tooltip__arrow__position--right {
  left: -0.75rem;
  margin-left: 3px;
  transform: rotate(270deg);
}
.dnb-tooltip__arrow__arrow--left {
  align-self: flex-start;
}
.dnb-tooltip__arrow__arrow--right {
  align-self: flex-end;
}

@keyframes show-tooltip {
  from {
    opacity: 0;
  }
  to {
    opacity: 1;
  }
}
@keyframes hide-tooltip {
  from {
    opacity: 1;
  }
  to {
    opacity: 0;
    visibility: hidden;
  }
}
/*
* Used for snapshot testing
*
*/
/*
 * Utilities
 */
/*
 * FormLabel component
 *
 */
/*
 * Utilities
 */
.dnb-form-label {
  display: inline-block;
  width: auto;
  padding: 0;
  text-align: left;
  vertical-align: baseline;
  white-space: pre-wrap;
  word-break: normal;
  font-size: var(--font-size-basis);
  color: inherit;
}
.dnb-form-label--vertical {
  display: block;
  margin-right: 0;
  margin-bottom: 0.5rem;
}
.dnb-form-label[for]:not([disabled]) {
  user-select: none;
}
.dnb-form-label[disabled] {
  cursor: not-allowed;
}

legend.dnb-form-label {
  display: inline-block;
}

/*
* Used for snapshot testing
*
*/
/*
 * Utilities
 */
/*
 * FormStatus component
 *
 */
/*
 * Utilities
 */
.dnb-form-status {
  --form-status-radius: 0.25rem;
  display: flex;
  opacity: 1;
  transition: height 400ms var(--easing-default), opacity 400ms var(--easing-default), margin 400ms var(--easing-default), padding 400ms var(--easing-default);
}
.dnb-form-status--hidden {
  will-change: height, opacity, margin, padding;
  width: 0;
  height: 0;
  opacity: 0;
}
.dnb-form-status--is-animating {
  overflow: hidden;
  width: auto;
}
.dnb-form-status--disappear, .dnb-form-status--hidden {
  margin: 0 !important;
  padding: 0 !important;
}
.dnb-form-status__shell {
  display: flex;
  justify-content: flex-start;
  align-items: flex-start;
  min-width: inherit;
  border-radius: var(--form-status-radius);
}
.dnb-form-status__text {
  padding: 0.625rem 1rem;
  cursor: text;
  color: inherit;
  line-height: var(--line-height-small);
  font-size: var(--font-size-small);
  white-space: normal;
}
button .dnb-form-status__text {
  cursor: inherit;
}
.dnb-form-status__text .dnb-anchor {
  font-size: inherit;
}
.dnb-icon + .dnb-form-status__text {
  padding-left: 0.5rem;
}
.dnb-form-status__shell > .dnb-icon {
  display: flex;
  justify-content: center;
  align-items: center;
  margin: 0.3333333em 0.3333333em 0.3333333em 0.6666666em;
}
.dnb-form-status__size--large .dnb-form-status__text {
  padding-top: 1.125rem;
  padding-bottom: 1.125rem;
}
.dnb-form-status__size--large .dnb-form-status__shell > .dnb-icon {
  margin-top: 0.6666666em;
  margin-bottom: 0.6666666em;
}
.dnb-form-status--stretch {
  flex-grow: 1;
}
.dnb-form-status--stretch .dnb-form-status__shell {
  width: 100%;
}
.dnb-form-status--stretch .dnb-form-status__text {
  max-width: 47rem;
}
.dnb-form-status[hidden] {
  display: none;
}
.dnb-form-status--no-animation, html[data-visual-test] .dnb-form-status {
  transition-duration: 1ms !important;
}

/*
* Input component
*
*/
/*
 * Utilities
 */
.dnb-input {
  --input-font-size: var(--font-size-basis);
  --input-font-size--small: var(--font-size-basis);
  --input-font-size--medium: var(--font-size-basis);
  --input-font-size--large: var(--font-size-medium);
  --input-padding: 1rem;
  --input-padding--small: 1rem;
  --input-padding--medium: 1rem;
  --input-padding--large: 1rem;
  --input-height: 2rem;
  --input-height--small: 1.5rem;
  --input-height--medium: 2.5rem;
  --input-height--large: 3rem;
  --input-background-color: var(--color-white);
  display: inline-flex;
  align-items: center;
  font-size: var(--input-font-small);
  line-height: var(--input-height);
  text-align: left;
}
.dnb-input__inner {
  display: inline-flex;
  flex-direction: column;
  width: auto;
}
.dnb-input__shell {
  position: relative;
  display: flex;
  align-items: center;
  border: var(--input-border-width) solid var(--color-sea-green);
}
.dnb-input__input {
  border: none;
  outline: none;
  word-break: normal;
  position: relative;
  z-index: 2;
}
.dnb-input__input[disabled] {
  user-select: none;
  opacity: 1;
}
.dnb-input__shell, .dnb-input__input {
  height: var(--input-height);
  border-radius: var(--input-border-radius);
}
.dnb-input__placeholder, .dnb-input__input {
  width: 100%;
  padding-left: var(--input-padding);
  padding-right: var(--input-padding);
}
.dnb-input__placeholder, .dnb-input__input,
.dnb-input input.dnb-input__input {
  padding-top: 0;
  padding-bottom: 0;
  color: inherit;
  background-color: transparent;
  font-size: var(--input-font-size);
  line-height: inherit;
}
.dnb-input__placeholder {
  pointer-events: none;
  position: absolute;
  z-index: 1;
  top: 0;
  left: 0;
  overflow: hidden;
  white-space: nowrap;
  text-overflow: ellipsis;
}
.dnb-input input.dnb-input__input[type=file] {
  line-height: calc(var(--input-height) - 2px);
}
.dnb-input__input::-webkit-search-cancel-button {
  display: none;
}
.dnb-input__input::-ms-clear {
  display: none;
}
.dnb-input ::-webkit-file-upload-button {
  cursor: pointer;
  outline: none;
  color: var(--color-sea-green);
}
.dnb-input ::-webkit-file-upload-button:active, .dnb-input ::-webkit-file-upload-button:hover {
  color: var(--color-emerald-green);
}
.dnb-input--has-submit-element .dnb-input__placeholder, .dnb-input--has-submit-element .dnb-input__input, .dnb-input--has-clear-button .dnb-input__placeholder, .dnb-input--has-clear-button .dnb-input__input {
  padding-right: calc(var(--input-padding) * 2.5);
}
.dnb-input--password .dnb-input__placeholder, .dnb-input--password .dnb-input__input {
  margin-right: 2.5rem;
  padding-right: 0;
}
.dnb-input--password .dnb-input__placeholder::-ms-clear, .dnb-input--password .dnb-input__input::-ms-clear {
  display: none;
}
.dnb-input--password .dnb-input__placeholder::-ms-reveal, .dnb-input--password .dnb-input__input::-ms-reveal {
  display: none;
}
.dnb-input--password .dnb-input__placeholder {
  padding-right: 4rem;
}
.dnb-input--password .dnb-input__input {
  font-family: var(--font-family-monospace);
}
.dnb-input__row {
  display: inline-flex;
  align-items: center;
}
.dnb-input__input:autofill {
  box-shadow: 0 0 0 var(--input-border-width) var(--input-border-color) var(--autofill-inset, inset), 0 0 0 10em var(--input-background-color) inset;
}
.dnb-input__suffix {
  color: inherit;
}
.dnb-input__submit-element {
  z-index: 3;
  margin-left: calc(0px - var(--input-height));
  line-height: var(--line-height-basis);
}
.dnb-input__submit-element .dnb-button--input-button {
  width: var(--input-height);
  height: var(--input-height);
  line-height: var(--input-height);
}
.dnb-input__submit-button {
  position: relative;
  align-self: center; /* IE needs this to stay centered */
}
.dnb-input__submit-button__button {
  border-radius: 0 var(--input-border-radius) var(--input-border-radius) 0;
}
.dnb-input > .dnb-form-label {
  line-height: var(--line-height-basis);
}
@media screen and (max-width: 40em) {
  .dnb-input {
    flex-wrap: wrap;
  }
  .dnb-input > .dnb-form-label {
    margin-bottom: 0.5rem;
    margin-top: 0.5rem;
  }
}
.dnb-input:not(.dnb-input--vertical)[class*=__status] {
  align-items: flex-start;
}
.dnb-input:not(.dnb-input--vertical)[class*=__status] > .dnb-form-label {
  margin-top: 0.25rem;
}
.dnb-input--small {
  line-height: var(--input-height--small);
}
.dnb-input--small .dnb-input__shell,
.dnb-input--small .dnb-input__input {
  height: var(--input-height--small);
}
.dnb-input--small .dnb-input__placeholder,
.dnb-input--small .dnb-input__input {
  padding-left: var(--input-padding--small);
  padding-right: var(--input-padding--small);
  font-size: var(--input-font-size--small);
}
.dnb-input--small .dnb-input__submit-element {
  margin-left: calc(0px - var(--input-height--small));
}
.dnb-input--small .dnb-input__submit-element .dnb-button--input-button {
  width: var(--input-height--small);
  height: var(--input-height--small);
  line-height: var(--input-height--small);
}
.dnb-input--small.dnb-input--has-submit-element .dnb-input__placeholder, .dnb-input--small.dnb-input--has-submit-element .dnb-input__input, .dnb-input--small.dnb-input--has-clear-button .dnb-input__placeholder, .dnb-input--small.dnb-input--has-clear-button .dnb-input__input {
  padding-right: calc(var(--input-padding--small) * 2);
}
.dnb-input--medium {
  line-height: var(--input-height--medium);
}
.dnb-input--medium .dnb-input__shell,
.dnb-input--medium .dnb-input__input {
  height: var(--input-height--medium);
}
.dnb-input--medium .dnb-input__placeholder,
.dnb-input--medium .dnb-input__input {
  padding-left: var(--input-padding--medium);
  padding-right: var(--input-padding--medium);
  font-size: var(--input-font-size--medium);
}
.dnb-input--medium .dnb-input__submit-element {
  margin-left: calc(0px - var(--input-height--medium));
}
.dnb-input--medium .dnb-input__submit-element .dnb-button--input-button {
  width: var(--input-height--medium);
  height: var(--input-height--medium);
  line-height: var(--input-height--medium);
}
.dnb-input--medium.dnb-input--has-submit-element .dnb-input__placeholder, .dnb-input--medium.dnb-input--has-submit-element .dnb-input__input, .dnb-input--medium.dnb-input--has-clear-button .dnb-input__placeholder, .dnb-input--medium.dnb-input--has-clear-button .dnb-input__input {
  padding-right: calc(var(--input-padding--medium) * 3);
}
.dnb-input--large {
  line-height: var(--input-height--large);
}
.dnb-input--large .dnb-input__shell,
.dnb-input--large .dnb-input__input {
  height: var(--input-height--large);
}
.dnb-input--large .dnb-input__placeholder,
.dnb-input--large .dnb-input__input {
  padding-left: var(--input-padding--large);
  padding-right: var(--input-padding--large);
  font-size: var(--input-font-size--large);
}
.dnb-input--large .dnb-input__submit-element {
  margin-left: calc(0px - var(--input-height--large));
}
.dnb-input--large .dnb-input__submit-element .dnb-button--input-button {
  width: var(--input-height--large);
  height: var(--input-height--large);
}
.dnb-input--large.dnb-input--has-submit-element .dnb-input__placeholder, .dnb-input--large.dnb-input--has-submit-element .dnb-input__input, .dnb-input--large.dnb-input--has-clear-button .dnb-input__placeholder, .dnb-input--large.dnb-input--has-clear-button .dnb-input__input {
  padding-right: calc(var(--input-padding--large) * 3);
}
.dnb-input--large.dnb-input--has-clear-button:not(.dnb-input--has-submit-element) .dnb-input__submit-element {
  margin-left: calc(0px - var(--input-height--large) + 0.5rem);
}
.dnb-input__align--center .dnb-input__placeholder, .dnb-input__align--center .dnb-input__input {
  text-align: center;
}
.dnb-input__align--right .dnb-input__placeholder, .dnb-input__align--right .dnb-input__input {
  text-align: right;
}
.dnb-input--clear.dnb-input__submit-element {
  opacity: 0;
  transition: opacity 200ms ease-in-out;
}
.dnb-input--clear.dnb-input__submit-element .dnb-button {
  width: var(--input-height--small);
  height: var(--input-height--small);
  border-radius: var(--button-border-radius);
}
.dnb-input--clear.dnb-input__submit-element .dnb-button .dnb-button__icon {
  margin: auto;
}
html:not([data-whatintent=touch]) .dnb-input--clear.dnb-input__submit-element .dnb-button:not(.dnb-button--has-text):hover[disabled] {
  cursor: default;
}
.dnb-input--small .dnb-input--clear.dnb-input__submit-element .dnb-button {
  width: 1rem;
  height: 1rem;
}
.dnb-input--medium .dnb-input--clear.dnb-input__submit-element .dnb-button, .dnb-input--large .dnb-input--clear.dnb-input__submit-element .dnb-button {
  width: var(--input-height--small);
  height: var(--input-height--small);
}
.dnb-input[data-has-content=true] .dnb-input--clear {
  opacity: 1;
}
.dnb-input--has-submit-element .dnb-input--clear.dnb-input__submit-element {
  margin-right: 2.5rem;
}
.dnb-input--small.dnb-input--has-submit-element .dnb-input--clear.dnb-input__submit-element {
  margin-right: 2rem;
}
.dnb-input--medium.dnb-input--has-submit-element .dnb-input--clear.dnb-input__submit-element {
  margin-right: 3rem;
}
.dnb-input--large.dnb-input--has-submit-element .dnb-input--clear.dnb-input__submit-element {
  margin-right: 3.5rem;
}
.dnb-input__inner > .dnb-form-status {
  order: 2;
  margin-top: 0.5rem;
}
.dnb-input--vertical {
  display: flex;
  flex-direction: column;
  align-items: flex-start;
}
.dnb-input--stretch {
  display: flex;
  flex-grow: 1;
}
.dnb-input--stretch .dnb-input__inner {
  flex-grow: 1;
}
.dnb-input--stretch .dnb-input__inner, .dnb-input--stretch .dnb-input__shell {
  width: 100%;
}
.dnb-input--stretch .dnb-form-label + .dnb-input__inner {
  width: auto;
}
.dnb-input--vertical.dnb-input--stretch .dnb-input__inner {
  width: 100%;
}
.dnb-form-row--horizontal .dnb-input--stretch {
  width: 100%;
}
.dnb-input__icon {
  order: 0;
  position: absolute;
  z-index: 2;
  left: 1rem;
  right: auto;
  top: 0;
  bottom: 0;
  margin: auto;
}
.dnb-input--icon-position-right .dnb-input__icon {
  order: 1;
  left: auto;
  right: 1rem;
}
.dnb-input--icon-position-left.dnb-input--has-icon .dnb-input__input, .dnb-input--icon-position-left.dnb-input--has-icon .dnb-input__placeholder {
  padding-left: 2.5rem;
}
.dnb-input--icon-position-right.dnb-input--has-icon .dnb-input__input, .dnb-input--icon-position-right.dnb-input--has-icon .dnb-input__placeholder {
  padding-right: 2.5rem;
}
.dnb-input--icon-size-medium.dnb-input--icon-position-left.dnb-input--has-icon .dnb-input__input, .dnb-input--icon-size-medium.dnb-input--icon-position-left.dnb-input--has-icon .dnb-input__placeholder {
  padding-left: 3rem;
}
.dnb-input--icon-size-medium.dnb-input--icon-position-right.dnb-input--has-icon .dnb-input__input, .dnb-input--icon-size-medium.dnb-input--icon-position-right.dnb-input--has-icon .dnb-input__placeholder {
  padding-right: 3rem;
}
html[data-visual-test] .dnb-input__input {
  caret-color: var(--color-white);
}
.dnb-input[data-has-content=false] .dnb-input__input:focus:autofill {
  --autofill-inset: none;
}
@media screen and (max-width: 40em) {
  .dnb-responsive-component .dnb-input {
    display: flex;
    flex-direction: column;
    align-items: flex-start;
    margin-bottom: 0.5rem;
  }
  .dnb-responsive-component .dnb-input__row {
    align-items: flex-start;
  }
  .dnb-responsive-component .dnb-input > .dnb-form-label {
    margin-bottom: 0.5rem;
  }
}

/*
* InputMasked component
*
*/
/*
 * Utilities
 */
.dnb-input-masked--guide {
  font-family: var(--font-family-monospace);
}
.dnb-input-masked input::placeholder {
  color: inherit;
}

.dnb-multi-input-mask__fieldset {
  margin: 0;
  padding: 0;
  border: none;
}
.dnb-multi-input-mask__fieldset--horizontal {
  display: inline-flex;
  flex-flow: row wrap;
  align-items: baseline;
  gap: 1rem;
}

.dnb-multi-input-mask__input.dnb-input__input {
  display: inline-block;
  width: auto;
  margin: 0;
  padding: 0 0.125rem;
  transform: translateY(0);
  outline: none;
  font-family: var(--font-family-monospace);
  text-align: center;
  border: none;
  background: transparent;
  overflow: visible;
  white-space: nowrap;
}
.dnb-multi-input-mask__input.dnb-input__input:first-of-type {
  padding-left: 0.5rem;
}
.dnb-multi-input-mask__input.dnb-input__input:last-of-type {
  padding-right: 0.5rem;
}

.dnb-multi-input-mask {
  width: fit-content;
}
.dnb-multi-input-mask:not(.dnb-input__status--error) .dnb-multi-input-mask__input,
.dnb-multi-input-mask:not(.dnb-input__status--error) .dnb-multi-input-mask__delimiter {
  color: var(--color-black-55);
}
.dnb-multi-input-mask:not(.dnb-input__status--error) .dnb-multi-input-mask__input--highlight,
.dnb-multi-input-mask:not(.dnb-input__status--error) .dnb-multi-input-mask__delimiter--highlight {
  color: var(--color-black);
}
.dnb-multi-input-mask .dnb-input__shell:focus-within {
  box-shadow: 0 0 0 var(--input-border-width--focus) var(--input-border-color--hover);
}

.dnb-multi-input-mask__legend--horizontal.dnb-form-label {
  display: contents;
}
.dnb-multi-input-mask__legend:not([disabled]):hover ~ .dnb-multi-input-mask .dnb-input__shell {
  box-shadow: 0 0 0 var(--input-border-width--focus) var(--input-border-color--hover);
}"
`;
