// Jest Snapshot v1, https://goo.gl/fbAQLP

exports[`Circular ProgressIndicator component have to match snapshot 1`] = `
<ProgressIndicator
  0={
    Object {
      "displayName": "ProgressIndicator",
      "props": Object {
        "no_animation": "no_animation",
        "on_complete": [Function],
        "progress": "progress",
        "size": "'small'",
        "type": "'circular'",
        "visible": "visible",
      },
    }
  }
  no_animation={false}
  on_complete={null}
  progress={50}
  size="medium"
  type="circular"
  visible={true}
>
  <div
    className="dnb-progress-indicator dnb-progress-indicator--visible"
  >
    <ProgressIndicatorCircular
      callOnCompleteHandler={[Function]}
      complete={false}
      maxOffset={88}
      onComplete={null}
      progress={50}
      size="medium"
      visible={true}
    >
      <div
        aria-label="50%"
        className="dnb-progress-indicator__circular dnb-progress-indicator__circular--medium dnb-progress-indicator__circular--has-progress-indicator"
        title="50%"
      >
        <ForwardRef
          className="dnb-progress-indicator__circular__line light paused"
        >
          <svg
            className="dnb-progress-indicator__circular__line light paused"
            shapeRendering="geometricPrecision"
            viewBox="0 0 32 32"
          >
            <circle
              className="dnb-progress-indicator__circular__circle"
              cx="16"
              cy="16"
              fill="none"
              r="14"
              strokeWidth="4"
            />
          </svg>
        </ForwardRef>
        <ForwardRef
          className="dnb-progress-indicator__circular__line dark dark paused"
          style={
            Object {
              "strokeDashoffset": 44,
            }
          }
        >
          <svg
            className="dnb-progress-indicator__circular__line dark dark paused"
            shapeRendering="geometricPrecision"
            style={
              Object {
                "strokeDashoffset": 44,
              }
            }
            viewBox="0 0 32 32"
          >
            <circle
              className="dnb-progress-indicator__circular__circle"
              cx="16"
              cy="16"
              fill="none"
              r="14"
              strokeWidth="4"
            />
          </svg>
        </ForwardRef>
      </div>
    </ProgressIndicatorCircular>
  </div>
</ProgressIndicator>
`;

exports[`ProgressIndicator scss have to match default theme snapshot 1`] = `
"/*
* ProgressIndicator theme
*
*/
/**
 * This file is only used to make themes independent
 * so that they can get imported individually, without the core styles
 *
 */
/*
 * Utilities
 */
.dnb-progress-indicator__circular--small {
  width: 1rem;
  height: 1rem; }

.dnb-progress-indicator__circular--large {
  width: 3.5rem;
  height: 3.5rem; }

.dnb-progress-indicator__circular--huge {
  width: 20rem;
  height: 20rem; }

.dnb-progress-indicator__circular__line {
  animation-duration: 2s; }

.dnb-progress-indicator__circular__line.light .dnb-progress-indicator__circular__circle {
  stroke: var(--color-mint-green); }

.dnb-progress-indicator__circular__line.dark .dnb-progress-indicator__circular__circle {
  stroke: var(--color-emerald-green); }
"
`;

exports[`ProgressIndicator scss have to match snapshot 1`] = `
"/*
* DNB ProgressIndicator
*
*/
/**
 * This file is only used to make components independent
 * so that they can get imported individually, without the core styles
 *
 */
/*
 * Utilities
 */
/*
 * Scopes
 *
 */
/*
 * Document Reset
 *
 */
.dnb-progress-indicator {
  font-family: var(--font-family-default);
  font-weight: var(--font-weight-default);
  font-size: var(--font-size-basis);
  font-style: normal;
  line-height: var(--line-height-basis);
  color: var(--color-black-80, #333);
  -webkit-tap-highlight-color: rgba(0, 0, 0, 0);
  font-variant-numeric: lining-nums;
  font-feature-settings: \\"lnum\\";
  /**
  * 1. Remove repeating backgrounds in all browsers (opinionated).
  * 2. Add border box sizing in all browsers (opinionated).
  */
  /**
  * 1. Add text decoration inheritance in all browsers (opinionated).
  * 2. Add vertical alignment inheritance in all browsers (opinionated).
  */
  margin: 0;
  padding: 0; }
  .dnb-progress-indicator *,
  .dnb-progress-indicator ::before,
  .dnb-progress-indicator ::after {
    background-repeat: no-repeat;
    /* 1 */
    box-sizing: border-box;
    /* 2 */ }
  .dnb-progress-indicator ::before,
  .dnb-progress-indicator ::after {
    text-decoration: inherit;
    /* 1 */
    vertical-align: inherit;
    /* 2 */ }

/*
 * ProgressIndicator component
 *
 */
:root {
  --progress-indicator-timing: cubic-bezier(0.5, 0, 0.5, 0.99);
  --progress-indicator-circular-circle: 88;
  --progress-indicator-circular-circle-offset--min: 88;
  --progress-indicator-circular-circle-offset--max: 1; }

.dnb-progress-indicator {
  position: relative; }
  .dnb-progress-indicator__circular {
    position: relative;
    width: 2rem;
    height: 2rem;
    transform: rotate(-90deg); }
    .dnb-progress-indicator__circular svg {
      position: absolute;
      width: 100%;
      height: 100%; }
    .dnb-progress-indicator__circular__line {
      animation-duration: 2s;
      animation-delay: 200ms;
      animation-timing-function: var(--progress-indicator-timing);
      animation-iteration-count: infinite; }
    .dnb-progress-indicator__circular__line.background {
      stroke-dashoffset: var(--progress-indicator-circular-circle-offset--max); }
    .dnb-progress-indicator__circular__line.light {
      animation-name: progress-indicator-circular-line-light;
      stroke-dasharray: var(--progress-indicator-circular-circle), var(--progress-indicator-circular-circle);
      stroke-dashoffset: var(--progress-indicator-circular-circle-offset--max); }
    .dnb-progress-indicator__circular__line.dark {
      animation-name: progress-indicator-circular-line-dark;
      stroke-dasharray: var(--progress-indicator-circular-circle), var(--progress-indicator-circular-circle);
      stroke-dashoffset: var(--progress-indicator-circular-circle-offset--min); }
    .dnb-progress-indicator__circular__line.paused {
      animation-play-state: paused; }
    .dnb-progress-indicator__circular--has-progress-indicator .dnb-progress-indicator__circular__line.dark {
      transition: stroke-dashoffset 600ms var(--progress-indicator-timing); }
    .dnb-progress-indicator__circular__circle {
      stroke-linecap: round; }
    .dnb-progress-indicator__circular__line.light .dnb-progress-indicator__circular__circle {
      stroke: grey; }
    .dnb-progress-indicator__circular__line.dark .dnb-progress-indicator__circular__circle {
      stroke: black; }
  .dnb-progress-indicator:not(.dnb-progress-indicator--no-animation), .dnb-progress-indicator--visible:not(.dnb-progress-indicator--no-animation) {
    opacity: 0;
    animation: progress-indicator-fade-in 200ms ease-out 1 forwards; }
  .dnb-progress-indicator--complete:not(.dnb-progress-indicator--no-animation):not(.dnb-progress-indicator--visible) {
    animation: progress-indicator-fade-out 600ms ease-out 1 forwards; }

@keyframes progress-indicator-fade-in {
  0% {
    opacity: 0; }
  100% {
    opacity: 1; } }

@keyframes progress-indicator-fade-out {
  0% {
    opacity: 1; }
  100% {
    opacity: 0; } }

@keyframes progress-indicator-circular-line-light {
  0% {
    stroke-dashoffset: var(--progress-indicator-circular-circle-offset--min); }
  50% {
    stroke-dashoffset: var(--progress-indicator-circular-circle-offset--min); }
  100% {
    stroke-dashoffset: var(--progress-indicator-circular-circle-offset--max); } }

@keyframes progress-indicator-circular-line-dark {
  0% {
    stroke-dashoffset: var(--progress-indicator-circular-circle-offset--min); }
  50% {
    stroke-dashoffset: var(--progress-indicator-circular-circle-offset--max); }
  100% {
    stroke-dashoffset: var(--progress-indicator-circular-circle-offset--max); } }
"
`;
