// Jest Snapshot v1, https://goo.gl/fbAQLP

exports[`FormStatus component have to match snapshot 1`] = `
<FormStatus
  animation="animation"
  class="class"
  className="className"
  icon="exclamation"
  icon_size="icon_size"
  render_content={[Function]}
  status="error"
  text="text"
  title="title"
>
  <span
    className="dnb-form-status dnb-form-status--error dnb-form-status--animation className class"
    title="title"
  >
    <IconPrimary
      alt={null}
      area_hidden={false}
      attributes={null}
      class={null}
      className={null}
      color={null}
      height={null}
      icon="exclamation"
      modifier={null}
      size="icon_size"
      width={null}
    />
    <span
      className="dnb-form-status--text"
    >
      text
    </span>
  </span>
</FormStatus>
`;
