// Jest Snapshot v1, https://goo.gl/fbAQLP

exports[`Space scss has to match style dependencies css 1`] = `
"/*
* Used for snapshot testing
*
*/
/*
 * Utilities
 */
/*
 * Space component
 *
 * TODO: Set spacing in the theme file, as theme comes later in the stack
 *
 */
/*
 * Utilities
 */
/** NB: Because CSS specificity ".dnb-core-style .dnb-space"
    has to come before the next ".dnb-space"
  */
.dnb-core-style .dnb-space__top--zero {
  margin-top: 0;
}
.dnb-core-style .dnb-space__top--xx-small {
  margin-top: var(--spacing-xx-small);
}
.dnb-core-style .dnb-space__top--x-small {
  margin-top: var(--spacing-x-small);
}
.dnb-core-style .dnb-space__top--small {
  margin-top: var(--spacing-small);
}
.dnb-core-style .dnb-space__top--medium {
  margin-top: var(--spacing-medium);
}
.dnb-core-style .dnb-space__top--large {
  margin-top: var(--spacing-large);
}
.dnb-core-style .dnb-space__top--large.dnb-core-style .dnb-space__top--x-small {
  margin-top: calc(var(--spacing-large) + var(--spacing-x-small));
}
.dnb-core-style .dnb-space__top--x-large {
  margin-top: var(--spacing-x-large);
}
.dnb-core-style .dnb-space__top--xx-large {
  margin-top: var(--spacing-xx-large);
}
.dnb-core-style .dnb-space__top--xx-large.dnb-core-style .dnb-space__top--x-small {
  margin-top: calc(var(--spacing-large) + var(--spacing-large));
}
.dnb-core-style .dnb-space__top--xx-large.dnb-core-style .dnb-space__top--small {
  margin-top: calc(var(--spacing-x-large) + var(--spacing-medium));
}
.dnb-core-style .dnb-space__top--xx-large.dnb-core-style .dnb-space__top--medium {
  margin-top: calc(var(--spacing-x-large) + var(--spacing-large));
}
.dnb-core-style .dnb-space__top--xx-large.dnb-core-style .dnb-space__top--large {
  margin-top: calc(var(--spacing-x-large) + var(--spacing-large) + var(--spacing-x-small));
}
.dnb-core-style .dnb-space__top--xx-large.dnb-core-style .dnb-space__top--large.dnb-core-style .dnb-space__top--x-small {
  margin-top: calc(var(--spacing-x-large) + var(--spacing-large) + var(--spacing-small));
}
.dnb-core-style .dnb-space__top--xx-large.dnb-core-style .dnb-space__top--x-large {
  margin-top: calc(var(--spacing-xx-large) + var(--spacing-x-large));
}
.dnb-core-style .dnb-space__top--xx-large-x2 {
  margin-top: calc(var(--spacing-x-large) + var(--spacing-large) + var(--spacing-large));
}
.dnb-core-style .dnb-space__top--xx-large-x2.dnb-core-style .dnb-space__top--x-small {
  margin-top: calc(var(--spacing-xx-large) + var(--spacing-large) + var(--spacing-large));
}
.dnb-core-style .dnb-space__top--xx-large-x2.dnb-core-style .dnb-space__top--small {
  margin-top: calc(var(--spacing-x-large) + var(--spacing-x-large) + var(--spacing-large));
}
.dnb-core-style .dnb-space__top--xx-large-x2.dnb-core-style .dnb-space__top--medium {
  margin-top: calc(var(--spacing-xx-large) + var(--spacing-x-large) + var(--spacing-large));
}
.dnb-core-style .dnb-space__top--xx-large-x2.dnb-core-style .dnb-space__top--large {
  margin-top: calc(var(--spacing-x-large) + var(--spacing-x-large) + var(--spacing-x-large));
}
.dnb-core-style .dnb-space__top--xx-large-x2.dnb-core-style .dnb-space__top--large.dnb-core-style .dnb-space__top--x-small {
  margin-top: calc(var(--spacing-xx-large) + var(--spacing-x-large) + var(--spacing-x-large));
}
.dnb-core-style .dnb-space__top--xx-large-x2.dnb-core-style .dnb-space__top--x-large {
  margin-top: calc(var(--spacing-xx-large) + var(--spacing-xx-large) + var(--spacing-x-large));
}
.dnb-core-style .dnb-space__right--zero {
  margin-right: 0;
}
.dnb-core-style .dnb-space__right--xx-small {
  margin-right: var(--spacing-xx-small);
}
.dnb-core-style .dnb-space__right--x-small {
  margin-right: var(--spacing-x-small);
}
.dnb-core-style .dnb-space__right--small {
  margin-right: var(--spacing-small);
}
.dnb-core-style .dnb-space__right--medium {
  margin-right: var(--spacing-medium);
}
.dnb-core-style .dnb-space__right--large {
  margin-right: var(--spacing-large);
}
.dnb-core-style .dnb-space__right--large.dnb-core-style .dnb-space__right--x-small {
  margin-right: calc(var(--spacing-large) + var(--spacing-x-small));
}
.dnb-core-style .dnb-space__right--x-large {
  margin-right: var(--spacing-x-large);
}
.dnb-core-style .dnb-space__right--xx-large {
  margin-right: var(--spacing-xx-large);
}
.dnb-core-style .dnb-space__right--xx-large.dnb-core-style .dnb-space__right--x-small {
  margin-right: calc(var(--spacing-large) + var(--spacing-large));
}
.dnb-core-style .dnb-space__right--xx-large.dnb-core-style .dnb-space__right--small {
  margin-right: calc(var(--spacing-x-large) + var(--spacing-medium));
}
.dnb-core-style .dnb-space__right--xx-large.dnb-core-style .dnb-space__right--medium {
  margin-right: calc(var(--spacing-x-large) + var(--spacing-large));
}
.dnb-core-style .dnb-space__right--xx-large.dnb-core-style .dnb-space__right--large {
  margin-right: calc(var(--spacing-x-large) + var(--spacing-large) + var(--spacing-x-small));
}
.dnb-core-style .dnb-space__right--xx-large.dnb-core-style .dnb-space__right--large.dnb-core-style .dnb-space__right--x-small {
  margin-right: calc(var(--spacing-x-large) + var(--spacing-large) + var(--spacing-small));
}
.dnb-core-style .dnb-space__right--xx-large.dnb-core-style .dnb-space__right--x-large {
  margin-right: calc(var(--spacing-xx-large) + var(--spacing-x-large));
}
.dnb-core-style .dnb-space__right--xx-large-x2 {
  margin-right: calc(var(--spacing-x-large) + var(--spacing-large) + var(--spacing-large));
}
.dnb-core-style .dnb-space__right--xx-large-x2.dnb-core-style .dnb-space__right--x-small {
  margin-right: calc(var(--spacing-xx-large) + var(--spacing-large) + var(--spacing-large));
}
.dnb-core-style .dnb-space__right--xx-large-x2.dnb-core-style .dnb-space__right--small {
  margin-right: calc(var(--spacing-x-large) + var(--spacing-x-large) + var(--spacing-large));
}
.dnb-core-style .dnb-space__right--xx-large-x2.dnb-core-style .dnb-space__right--medium {
  margin-right: calc(var(--spacing-xx-large) + var(--spacing-x-large) + var(--spacing-large));
}
.dnb-core-style .dnb-space__right--xx-large-x2.dnb-core-style .dnb-space__right--large {
  margin-right: calc(var(--spacing-x-large) + var(--spacing-x-large) + var(--spacing-x-large));
}
.dnb-core-style .dnb-space__right--xx-large-x2.dnb-core-style .dnb-space__right--large.dnb-core-style .dnb-space__right--x-small {
  margin-right: calc(var(--spacing-xx-large) + var(--spacing-x-large) + var(--spacing-x-large));
}
.dnb-core-style .dnb-space__right--xx-large-x2.dnb-core-style .dnb-space__right--x-large {
  margin-right: calc(var(--spacing-xx-large) + var(--spacing-xx-large) + var(--spacing-x-large));
}
.dnb-core-style .dnb-space__bottom--zero {
  margin-bottom: 0;
}
.dnb-core-style .dnb-space__bottom--xx-small {
  margin-bottom: var(--spacing-xx-small);
}
.dnb-core-style .dnb-space__bottom--x-small {
  margin-bottom: var(--spacing-x-small);
}
.dnb-core-style .dnb-space__bottom--small {
  margin-bottom: var(--spacing-small);
}
.dnb-core-style .dnb-space__bottom--medium {
  margin-bottom: var(--spacing-medium);
}
.dnb-core-style .dnb-space__bottom--large {
  margin-bottom: var(--spacing-large);
}
.dnb-core-style .dnb-space__bottom--large.dnb-core-style .dnb-space__bottom--x-small {
  margin-bottom: calc(var(--spacing-large) + var(--spacing-x-small));
}
.dnb-core-style .dnb-space__bottom--x-large {
  margin-bottom: var(--spacing-x-large);
}
.dnb-core-style .dnb-space__bottom--xx-large {
  margin-bottom: var(--spacing-xx-large);
}
.dnb-core-style .dnb-space__bottom--xx-large.dnb-core-style .dnb-space__bottom--x-small {
  margin-bottom: calc(var(--spacing-large) + var(--spacing-large));
}
.dnb-core-style .dnb-space__bottom--xx-large.dnb-core-style .dnb-space__bottom--small {
  margin-bottom: calc(var(--spacing-x-large) + var(--spacing-medium));
}
.dnb-core-style .dnb-space__bottom--xx-large.dnb-core-style .dnb-space__bottom--medium {
  margin-bottom: calc(var(--spacing-x-large) + var(--spacing-large));
}
.dnb-core-style .dnb-space__bottom--xx-large.dnb-core-style .dnb-space__bottom--large {
  margin-bottom: calc(var(--spacing-x-large) + var(--spacing-large) + var(--spacing-x-small));
}
.dnb-core-style .dnb-space__bottom--xx-large.dnb-core-style .dnb-space__bottom--large.dnb-core-style .dnb-space__bottom--x-small {
  margin-bottom: calc(var(--spacing-x-large) + var(--spacing-large) + var(--spacing-small));
}
.dnb-core-style .dnb-space__bottom--xx-large.dnb-core-style .dnb-space__bottom--x-large {
  margin-bottom: calc(var(--spacing-xx-large) + var(--spacing-x-large));
}
.dnb-core-style .dnb-space__bottom--xx-large-x2 {
  margin-bottom: calc(var(--spacing-x-large) + var(--spacing-large) + var(--spacing-large));
}
.dnb-core-style .dnb-space__bottom--xx-large-x2.dnb-core-style .dnb-space__bottom--x-small {
  margin-bottom: calc(var(--spacing-xx-large) + var(--spacing-large) + var(--spacing-large));
}
.dnb-core-style .dnb-space__bottom--xx-large-x2.dnb-core-style .dnb-space__bottom--small {
  margin-bottom: calc(var(--spacing-x-large) + var(--spacing-x-large) + var(--spacing-large));
}
.dnb-core-style .dnb-space__bottom--xx-large-x2.dnb-core-style .dnb-space__bottom--medium {
  margin-bottom: calc(var(--spacing-xx-large) + var(--spacing-x-large) + var(--spacing-large));
}
.dnb-core-style .dnb-space__bottom--xx-large-x2.dnb-core-style .dnb-space__bottom--large {
  margin-bottom: calc(var(--spacing-x-large) + var(--spacing-x-large) + var(--spacing-x-large));
}
.dnb-core-style .dnb-space__bottom--xx-large-x2.dnb-core-style .dnb-space__bottom--large.dnb-core-style .dnb-space__bottom--x-small {
  margin-bottom: calc(var(--spacing-xx-large) + var(--spacing-x-large) + var(--spacing-x-large));
}
.dnb-core-style .dnb-space__bottom--xx-large-x2.dnb-core-style .dnb-space__bottom--x-large {
  margin-bottom: calc(var(--spacing-xx-large) + var(--spacing-xx-large) + var(--spacing-x-large));
}
.dnb-core-style .dnb-space__left--zero {
  margin-left: 0;
}
.dnb-core-style .dnb-space__left--xx-small {
  margin-left: var(--spacing-xx-small);
}
.dnb-core-style .dnb-space__left--x-small {
  margin-left: var(--spacing-x-small);
}
.dnb-core-style .dnb-space__left--small {
  margin-left: var(--spacing-small);
}
.dnb-core-style .dnb-space__left--medium {
  margin-left: var(--spacing-medium);
}
.dnb-core-style .dnb-space__left--large {
  margin-left: var(--spacing-large);
}
.dnb-core-style .dnb-space__left--large.dnb-core-style .dnb-space__left--x-small {
  margin-left: calc(var(--spacing-large) + var(--spacing-x-small));
}
.dnb-core-style .dnb-space__left--x-large {
  margin-left: var(--spacing-x-large);
}
.dnb-core-style .dnb-space__left--xx-large {
  margin-left: var(--spacing-xx-large);
}
.dnb-core-style .dnb-space__left--xx-large.dnb-core-style .dnb-space__left--x-small {
  margin-left: calc(var(--spacing-large) + var(--spacing-large));
}
.dnb-core-style .dnb-space__left--xx-large.dnb-core-style .dnb-space__left--small {
  margin-left: calc(var(--spacing-x-large) + var(--spacing-medium));
}
.dnb-core-style .dnb-space__left--xx-large.dnb-core-style .dnb-space__left--medium {
  margin-left: calc(var(--spacing-x-large) + var(--spacing-large));
}
.dnb-core-style .dnb-space__left--xx-large.dnb-core-style .dnb-space__left--large {
  margin-left: calc(var(--spacing-x-large) + var(--spacing-large) + var(--spacing-x-small));
}
.dnb-core-style .dnb-space__left--xx-large.dnb-core-style .dnb-space__left--large.dnb-core-style .dnb-space__left--x-small {
  margin-left: calc(var(--spacing-x-large) + var(--spacing-large) + var(--spacing-small));
}
.dnb-core-style .dnb-space__left--xx-large.dnb-core-style .dnb-space__left--x-large {
  margin-left: calc(var(--spacing-xx-large) + var(--spacing-x-large));
}
.dnb-core-style .dnb-space__left--xx-large-x2 {
  margin-left: calc(var(--spacing-x-large) + var(--spacing-large) + var(--spacing-large));
}
.dnb-core-style .dnb-space__left--xx-large-x2.dnb-core-style .dnb-space__left--x-small {
  margin-left: calc(var(--spacing-xx-large) + var(--spacing-large) + var(--spacing-large));
}
.dnb-core-style .dnb-space__left--xx-large-x2.dnb-core-style .dnb-space__left--small {
  margin-left: calc(var(--spacing-x-large) + var(--spacing-x-large) + var(--spacing-large));
}
.dnb-core-style .dnb-space__left--xx-large-x2.dnb-core-style .dnb-space__left--medium {
  margin-left: calc(var(--spacing-xx-large) + var(--spacing-x-large) + var(--spacing-large));
}
.dnb-core-style .dnb-space__left--xx-large-x2.dnb-core-style .dnb-space__left--large {
  margin-left: calc(var(--spacing-x-large) + var(--spacing-x-large) + var(--spacing-x-large));
}
.dnb-core-style .dnb-space__left--xx-large-x2.dnb-core-style .dnb-space__left--large.dnb-core-style .dnb-space__left--x-small {
  margin-left: calc(var(--spacing-xx-large) + var(--spacing-x-large) + var(--spacing-x-large));
}
.dnb-core-style .dnb-space__left--xx-large-x2.dnb-core-style .dnb-space__left--x-large {
  margin-left: calc(var(--spacing-xx-large) + var(--spacing-xx-large) + var(--spacing-x-large));
}

/* stylelint-disable */
.dnb-space--no-collapse {
  display: flow-root;
}
.dnb-space--stretch {
  width: 100%;
}
.dnb-space--inline {
  display: inline-block;
}
.dnb-space__top--zero {
  margin-top: 0;
}
.dnb-space__top--xx-small {
  margin-top: var(--spacing-xx-small);
}
.dnb-space__top--x-small {
  margin-top: var(--spacing-x-small);
}
.dnb-space__top--small {
  margin-top: var(--spacing-small);
}
.dnb-space__top--medium {
  margin-top: var(--spacing-medium);
}
.dnb-space__top--large {
  margin-top: var(--spacing-large);
}
.dnb-space__top--large.dnb-space__top--x-small {
  margin-top: calc(var(--spacing-large) + var(--spacing-x-small));
}
.dnb-space__top--x-large {
  margin-top: var(--spacing-x-large);
}
.dnb-space__top--xx-large {
  margin-top: var(--spacing-xx-large);
}
.dnb-space__top--xx-large.dnb-space__top--x-small {
  margin-top: calc(var(--spacing-large) + var(--spacing-large));
}
.dnb-space__top--xx-large.dnb-space__top--small {
  margin-top: calc(var(--spacing-x-large) + var(--spacing-medium));
}
.dnb-space__top--xx-large.dnb-space__top--medium {
  margin-top: calc(var(--spacing-x-large) + var(--spacing-large));
}
.dnb-space__top--xx-large.dnb-space__top--large {
  margin-top: calc(var(--spacing-x-large) + var(--spacing-large) + var(--spacing-x-small));
}
.dnb-space__top--xx-large.dnb-space__top--large.dnb-space__top--x-small {
  margin-top: calc(var(--spacing-x-large) + var(--spacing-large) + var(--spacing-small));
}
.dnb-space__top--xx-large.dnb-space__top--x-large {
  margin-top: calc(var(--spacing-xx-large) + var(--spacing-x-large));
}
.dnb-space__top--xx-large-x2 {
  margin-top: calc(var(--spacing-x-large) + var(--spacing-large) + var(--spacing-large));
}
.dnb-space__top--xx-large-x2.dnb-space__top--x-small {
  margin-top: calc(var(--spacing-xx-large) + var(--spacing-large) + var(--spacing-large));
}
.dnb-space__top--xx-large-x2.dnb-space__top--small {
  margin-top: calc(var(--spacing-x-large) + var(--spacing-x-large) + var(--spacing-large));
}
.dnb-space__top--xx-large-x2.dnb-space__top--medium {
  margin-top: calc(var(--spacing-xx-large) + var(--spacing-x-large) + var(--spacing-large));
}
.dnb-space__top--xx-large-x2.dnb-space__top--large {
  margin-top: calc(var(--spacing-x-large) + var(--spacing-x-large) + var(--spacing-x-large));
}
.dnb-space__top--xx-large-x2.dnb-space__top--large.dnb-space__top--x-small {
  margin-top: calc(var(--spacing-xx-large) + var(--spacing-x-large) + var(--spacing-x-large));
}
.dnb-space__top--xx-large-x2.dnb-space__top--x-large {
  margin-top: calc(var(--spacing-xx-large) + var(--spacing-xx-large) + var(--spacing-x-large));
}
.dnb-space__right--zero {
  margin-right: 0;
}
.dnb-space__right--xx-small {
  margin-right: var(--spacing-xx-small);
}
.dnb-space__right--x-small {
  margin-right: var(--spacing-x-small);
}
.dnb-space__right--small {
  margin-right: var(--spacing-small);
}
.dnb-space__right--medium {
  margin-right: var(--spacing-medium);
}
.dnb-space__right--large {
  margin-right: var(--spacing-large);
}
.dnb-space__right--large.dnb-space__right--x-small {
  margin-right: calc(var(--spacing-large) + var(--spacing-x-small));
}
.dnb-space__right--x-large {
  margin-right: var(--spacing-x-large);
}
.dnb-space__right--xx-large {
  margin-right: var(--spacing-xx-large);
}
.dnb-space__right--xx-large.dnb-space__right--x-small {
  margin-right: calc(var(--spacing-large) + var(--spacing-large));
}
.dnb-space__right--xx-large.dnb-space__right--small {
  margin-right: calc(var(--spacing-x-large) + var(--spacing-medium));
}
.dnb-space__right--xx-large.dnb-space__right--medium {
  margin-right: calc(var(--spacing-x-large) + var(--spacing-large));
}
.dnb-space__right--xx-large.dnb-space__right--large {
  margin-right: calc(var(--spacing-x-large) + var(--spacing-large) + var(--spacing-x-small));
}
.dnb-space__right--xx-large.dnb-space__right--large.dnb-space__right--x-small {
  margin-right: calc(var(--spacing-x-large) + var(--spacing-large) + var(--spacing-small));
}
.dnb-space__right--xx-large.dnb-space__right--x-large {
  margin-right: calc(var(--spacing-xx-large) + var(--spacing-x-large));
}
.dnb-space__right--xx-large-x2 {
  margin-right: calc(var(--spacing-x-large) + var(--spacing-large) + var(--spacing-large));
}
.dnb-space__right--xx-large-x2.dnb-space__right--x-small {
  margin-right: calc(var(--spacing-xx-large) + var(--spacing-large) + var(--spacing-large));
}
.dnb-space__right--xx-large-x2.dnb-space__right--small {
  margin-right: calc(var(--spacing-x-large) + var(--spacing-x-large) + var(--spacing-large));
}
.dnb-space__right--xx-large-x2.dnb-space__right--medium {
  margin-right: calc(var(--spacing-xx-large) + var(--spacing-x-large) + var(--spacing-large));
}
.dnb-space__right--xx-large-x2.dnb-space__right--large {
  margin-right: calc(var(--spacing-x-large) + var(--spacing-x-large) + var(--spacing-x-large));
}
.dnb-space__right--xx-large-x2.dnb-space__right--large.dnb-space__right--x-small {
  margin-right: calc(var(--spacing-xx-large) + var(--spacing-x-large) + var(--spacing-x-large));
}
.dnb-space__right--xx-large-x2.dnb-space__right--x-large {
  margin-right: calc(var(--spacing-xx-large) + var(--spacing-xx-large) + var(--spacing-x-large));
}
.dnb-space__bottom--zero {
  margin-bottom: 0;
}
.dnb-space__bottom--xx-small {
  margin-bottom: var(--spacing-xx-small);
}
.dnb-space__bottom--x-small {
  margin-bottom: var(--spacing-x-small);
}
.dnb-space__bottom--small {
  margin-bottom: var(--spacing-small);
}
.dnb-space__bottom--medium {
  margin-bottom: var(--spacing-medium);
}
.dnb-space__bottom--large {
  margin-bottom: var(--spacing-large);
}
.dnb-space__bottom--large.dnb-space__bottom--x-small {
  margin-bottom: calc(var(--spacing-large) + var(--spacing-x-small));
}
.dnb-space__bottom--x-large {
  margin-bottom: var(--spacing-x-large);
}
.dnb-space__bottom--xx-large {
  margin-bottom: var(--spacing-xx-large);
}
.dnb-space__bottom--xx-large.dnb-space__bottom--x-small {
  margin-bottom: calc(var(--spacing-large) + var(--spacing-large));
}
.dnb-space__bottom--xx-large.dnb-space__bottom--small {
  margin-bottom: calc(var(--spacing-x-large) + var(--spacing-medium));
}
.dnb-space__bottom--xx-large.dnb-space__bottom--medium {
  margin-bottom: calc(var(--spacing-x-large) + var(--spacing-large));
}
.dnb-space__bottom--xx-large.dnb-space__bottom--large {
  margin-bottom: calc(var(--spacing-x-large) + var(--spacing-large) + var(--spacing-x-small));
}
.dnb-space__bottom--xx-large.dnb-space__bottom--large.dnb-space__bottom--x-small {
  margin-bottom: calc(var(--spacing-x-large) + var(--spacing-large) + var(--spacing-small));
}
.dnb-space__bottom--xx-large.dnb-space__bottom--x-large {
  margin-bottom: calc(var(--spacing-xx-large) + var(--spacing-x-large));
}
.dnb-space__bottom--xx-large-x2 {
  margin-bottom: calc(var(--spacing-x-large) + var(--spacing-large) + var(--spacing-large));
}
.dnb-space__bottom--xx-large-x2.dnb-space__bottom--x-small {
  margin-bottom: calc(var(--spacing-xx-large) + var(--spacing-large) + var(--spacing-large));
}
.dnb-space__bottom--xx-large-x2.dnb-space__bottom--small {
  margin-bottom: calc(var(--spacing-x-large) + var(--spacing-x-large) + var(--spacing-large));
}
.dnb-space__bottom--xx-large-x2.dnb-space__bottom--medium {
  margin-bottom: calc(var(--spacing-xx-large) + var(--spacing-x-large) + var(--spacing-large));
}
.dnb-space__bottom--xx-large-x2.dnb-space__bottom--large {
  margin-bottom: calc(var(--spacing-x-large) + var(--spacing-x-large) + var(--spacing-x-large));
}
.dnb-space__bottom--xx-large-x2.dnb-space__bottom--large.dnb-space__bottom--x-small {
  margin-bottom: calc(var(--spacing-xx-large) + var(--spacing-x-large) + var(--spacing-x-large));
}
.dnb-space__bottom--xx-large-x2.dnb-space__bottom--x-large {
  margin-bottom: calc(var(--spacing-xx-large) + var(--spacing-xx-large) + var(--spacing-x-large));
}
.dnb-space__left--zero {
  margin-left: 0;
}
.dnb-space__left--xx-small {
  margin-left: var(--spacing-xx-small);
}
.dnb-space__left--x-small {
  margin-left: var(--spacing-x-small);
}
.dnb-space__left--small {
  margin-left: var(--spacing-small);
}
.dnb-space__left--medium {
  margin-left: var(--spacing-medium);
}
.dnb-space__left--large {
  margin-left: var(--spacing-large);
}
.dnb-space__left--large.dnb-space__left--x-small {
  margin-left: calc(var(--spacing-large) + var(--spacing-x-small));
}
.dnb-space__left--x-large {
  margin-left: var(--spacing-x-large);
}
.dnb-space__left--xx-large {
  margin-left: var(--spacing-xx-large);
}
.dnb-space__left--xx-large.dnb-space__left--x-small {
  margin-left: calc(var(--spacing-large) + var(--spacing-large));
}
.dnb-space__left--xx-large.dnb-space__left--small {
  margin-left: calc(var(--spacing-x-large) + var(--spacing-medium));
}
.dnb-space__left--xx-large.dnb-space__left--medium {
  margin-left: calc(var(--spacing-x-large) + var(--spacing-large));
}
.dnb-space__left--xx-large.dnb-space__left--large {
  margin-left: calc(var(--spacing-x-large) + var(--spacing-large) + var(--spacing-x-small));
}
.dnb-space__left--xx-large.dnb-space__left--large.dnb-space__left--x-small {
  margin-left: calc(var(--spacing-x-large) + var(--spacing-large) + var(--spacing-small));
}
.dnb-space__left--xx-large.dnb-space__left--x-large {
  margin-left: calc(var(--spacing-xx-large) + var(--spacing-x-large));
}
.dnb-space__left--xx-large-x2 {
  margin-left: calc(var(--spacing-x-large) + var(--spacing-large) + var(--spacing-large));
}
.dnb-space__left--xx-large-x2.dnb-space__left--x-small {
  margin-left: calc(var(--spacing-xx-large) + var(--spacing-large) + var(--spacing-large));
}
.dnb-space__left--xx-large-x2.dnb-space__left--small {
  margin-left: calc(var(--spacing-x-large) + var(--spacing-x-large) + var(--spacing-large));
}
.dnb-space__left--xx-large-x2.dnb-space__left--medium {
  margin-left: calc(var(--spacing-xx-large) + var(--spacing-x-large) + var(--spacing-large));
}
.dnb-space__left--xx-large-x2.dnb-space__left--large {
  margin-left: calc(var(--spacing-x-large) + var(--spacing-x-large) + var(--spacing-x-large));
}
.dnb-space__left--xx-large-x2.dnb-space__left--large.dnb-space__left--x-small {
  margin-left: calc(var(--spacing-xx-large) + var(--spacing-x-large) + var(--spacing-x-large));
}
.dnb-space__left--xx-large-x2.dnb-space__left--x-large {
  margin-left: calc(var(--spacing-xx-large) + var(--spacing-xx-large) + var(--spacing-x-large));
}
.dnb-space__reset:not([class*=dnb-space__top]) {
  margin-top: 0;
}
.dnb-space__reset:not([class*=dnb-space__bottom]) {
  margin-bottom: 0;
}
.dnb-space__reset:not([class*=dnb-space__left]) {
  margin-left: 0;
}
.dnb-space__reset:not([class*=dnb-space__right]) {
  margin-right: 0;
}
.dnb-space[style*="--space-t-"] {
  padding-top: var(--padding-top, 0);
}
.dnb-space[style*="--space-r-"] {
  padding-right: var(--padding-right, 0);
}
.dnb-space[style*="--space-b-"] {
  padding-bottom: var(--padding-bottom, 0);
}
.dnb-space[style*="--space-l-"] {
  padding-left: var(--padding-left, 0);
}
@media screen and (max-width: 60em) {
  .dnb-space {
    --padding-right: var(--space-r-s);
    --padding-left: var(--space-l-s);
    --padding-top: var(--space-t-s);
    --padding-bottom: var(--space-b-s);
  }
}
@media screen and (max-width: 60em) and (min-width: 40.00625em) {
  .dnb-space {
    --padding-right: var(--space-r-m);
    --padding-left: var(--space-l-m);
    --padding-top: var(--space-t-m);
    --padding-bottom: var(--space-b-m);
  }
}
@media screen and (min-width: 60.00625em) {
  .dnb-space {
    --padding-right: var(--space-r-l);
    --padding-left: var(--space-l-l);
    --padding-top: var(--space-t-l);
    --padding-bottom: var(--space-b-l);
  }
}

span.dnb-space--no-collapse > span {
  display: block;
}

/* stylelint-enable */"
`;

exports[`Space scss have to match default theme snapshot 1`] = `
"/*
 * Np theme is provided
 *
 */"
`;
