// Jest Snapshot v1, https://goo.gl/fbAQLP

exports[`Drawer scss has to match style dependencies css 1`] = `
"@charset "UTF-8";
/*
* Used for snapshot testing
*
*/
/*
 * Utilities
 */
/*
* Used for snapshot testing
*
*/
/*
 * Utilities
 */
/*
* Used for snapshot testing
*
*/
/*
 * Utilities
 */
/*
* Used for snapshot testing
*
*/
/*
 * Utilities
 */
/*
* Used for snapshot testing
*
*/
/*
 * Utilities
 */
/*
* Icon component
*
*/
/*
 * Utilities
 */
.dnb-icon {
  display: inline-block;
  vertical-align: middle;
  font-size: 1rem;
  line-height: 1rem;
  color: inherit;
  width: 1em;
  height: 1em;
}
.dnb-icon img, :where(.dnb-core-style) .dnb-icon img,
.dnb-icon svg,
:where(.dnb-core-style) .dnb-icon svg {
  width: inherit;
  height: inherit;
  shape-rendering: geometricprecision;
  vertical-align: top;
}
.dnb-icon svg[width="100%"] {
  width: inherit;
}
.dnb-icon svg[height="100%"] {
  height: inherit;
}
.dnb-icon--inherit-color svg:not([fill]), .dnb-icon--inherit-color svg [fill] {
  fill: currentcolor;
}
.dnb-icon--inherit-color svg [stroke] {
  stroke: currentcolor;
}
.dnb-icon--small {
  font-size: 0.75rem;
}
.dnb-icon--default {
  font-size: 1rem;
}
.dnb-icon--medium {
  font-size: 1.5rem;
}
.dnb-icon--large {
  font-size: 2rem;
}
.dnb-icon--x-large {
  font-size: 2.5rem;
}
.dnb-icon--xx-large {
  font-size: 3rem;
}
.dnb-icon--custom-size {
  width: auto;
  height: auto;
  line-height: 0;
}
.dnb-icon--auto {
  font-size: 1em;
}
.dnb-icon--auto > .dnb-icon--wrapper {
  display: inline-flex;
  align-items: center;
  justify-content: center;
}
h1 > .dnb-icon, h2 > .dnb-icon, h3 > .dnb-icon, h4 > .dnb-icon, h5 > .dnb-icon, h6 > .dnb-icon {
  vertical-align: middle;
}
p > .dnb-icon {
  vertical-align: inherit;
}
.dnb-icon.dnb-skeleton {
  color: var(--skeleton-color) !important;
}
.dnb-icon.dnb-skeleton::before, .dnb-icon.dnb-skeleton::after {
  content: none !important;
}

/*
* Used for snapshot testing
*
*/
/*
 * Utilities
 */
/*
* Tooltip component
*
*/
/*
 * Utilities
 */
.dnb-tooltip {
  --tooltip-color: white;
  --tooltip-background-color: black;
  --tooltip-border-color: 1px solid black;
  --tooltip-border-radius: 1rem;
  position: absolute;
  z-index: 3100;
  display: flex;
  flex-direction: column;
  justify-content: center;
  align-items: center;
  padding: 0 1rem;
  color: var(--tooltip-color);
  text-align: center;
  background-color: var(--tooltip-background-color);
  border-radius: var(--tooltip-border-radius);
  box-shadow: var(--shadow-default);
  opacity: 0;
  visibility: hidden;
  transition: opacity 200ms var(--easing-default);
}
.dnb-tooltip--large {
  padding: 0.25rem 1rem;
}
.dnb-tooltip--active {
  visibility: visible;
  /*
    because of the first "show" we also use animation
    also, use forwards because of the usage of visibility
  */
  animation: show-tooltip 200ms var(--easing-default) forwards;
}
html[data-visual-test] .dnb-tooltip--active, .dnb-tooltip--active.dnb-tooltip--no-animation {
  animation: show-tooltip 1ms var(--easing-default) forwards;
}
.dnb-tooltip--hide {
  visibility: visible;
  animation: hide-tooltip 200ms var(--easing-default) forwards;
}
.dnb-tooltip--hide.dnb-tooltip--no-animation {
  animation: hide-tooltip 1ms linear forwards;
}
.dnb-tooltip--fixed {
  position: fixed;
}
html[data-visual-test] .dnb-tooltip--hide {
  animation: hide-tooltip 1ms linear 1s forwards;
}
.dnb-tooltip__portal {
  position: absolute;
  top: 0;
  left: 0;
  right: 0;
}
.dnb-tooltip__content {
  min-width: 2rem;
  min-height: 1.5rem;
  padding: 0;
}
.dnb-tooltip__arrow {
  position: absolute;
  pointer-events: none;
  margin: 0;
  width: 1rem;
  height: 0.5rem;
  overflow: hidden;
}
.dnb-tooltip__arrow::before {
  content: "";
  position: absolute;
  bottom: 0;
  left: 0;
  width: 1rem;
  height: 1rem;
  background-color: var(--tooltip-background-color);
  border: var(--tooltip-border-color);
  transform: translateY(70%) rotate(45deg);
}
.dnb-tooltip__arrow__position--bottom {
  top: -0.5rem;
}
.dnb-tooltip__arrow__position--top {
  bottom: -0.5rem;
  transform: rotate(180deg);
}
.dnb-tooltip__arrow__position--left {
  right: -0.75rem;
  margin-right: 3px;
  transform: rotate(90deg);
}
.dnb-tooltip__arrow__position--right {
  left: -0.75rem;
  margin-left: 3px;
  transform: rotate(270deg);
}
.dnb-tooltip__arrow__arrow--left {
  align-self: flex-start;
}
.dnb-tooltip__arrow__arrow--right {
  align-self: flex-end;
}

@keyframes show-tooltip {
  from {
    opacity: 0;
  }
  to {
    opacity: 1;
  }
}
@keyframes hide-tooltip {
  from {
    opacity: 1;
  }
  to {
    opacity: 0;
    visibility: hidden;
  }
}
/*
* Used for snapshot testing
*
*/
/*
 * Utilities
 */
/*
 * FormStatus component
 *
 */
/*
 * Utilities
 */
.dnb-form-status {
  --form-status-radius: 0.25rem;
  display: flex;
  opacity: 1;
}
.dnb-form-status__shell {
  display: flex;
  justify-content: flex-start;
  align-items: flex-start;
  min-width: inherit;
  border-radius: var(--form-status-radius);
}
.dnb-form-status__text {
  padding: 0.625rem 1rem;
  cursor: text;
  color: inherit;
  line-height: var(--line-height-small);
  font-size: var(--font-size-small);
  white-space: normal;
}
button .dnb-form-status__text {
  cursor: inherit;
}
.dnb-form-status__text .dnb-ul,
.dnb-form-status__text .dnb-anchor {
  font-size: inherit;
}
.dnb-form-status__text .dnb-ul:not([class*=dnb-space__left]) {
  padding-left: 1rem;
}
.dnb-spacing .dnb-form-status__text .dnb-ul:not([class*=dnb-space__bottom]) {
  margin-bottom: 0.5rem;
}
.dnb-spacing .dnb-form-status__text .dnb-ul:not([class*=dnb-space__bottom]) .dnb-li {
  margin-top: 0.5rem;
  margin-bottom: 0.5rem;
}
.dnb-icon + .dnb-form-status__text {
  padding-left: 0.5rem;
}
.dnb-form-status__shell > .dnb-icon {
  display: flex;
  justify-content: center;
  align-items: center;
  margin: 0.3333333em 0.3333333em 0.3333333em 0.6666666em;
}
.dnb-form-status__size--large .dnb-form-status__text {
  padding-top: 1.125rem;
  padding-bottom: 1.125rem;
}
.dnb-form-status__size--large .dnb-form-status__shell > .dnb-icon {
  margin-top: 0.6666666em;
  margin-bottom: 0.6666666em;
}
.dnb-form-status--stretch {
  flex-grow: 1;
}
.dnb-form-status--stretch .dnb-form-status__shell {
  width: 100%;
}
.dnb-form-status--stretch .dnb-form-status__text {
  max-width: 47rem;
}
.dnb-form-status[hidden] {
  display: none;
}

/*
* Button component
*
*/
/*
 * Utilities
 */
:root {
  --button-icon-size: 1rem;
  --button-height: 2.5rem;
}

.dnb-button {
  --button-font-size: var(--font-size-basis);
  --button-font-size-small: var(--font-size-small);
  --button-icon-size--small: 0.75rem;
  --button-icon-size--medium: 1.5rem;
  --button-icon-size--large: 2rem;
  --button-icon-gutter: 0.5rem;
  --button-width: 2.5rem;
  --button-width--small: 1.5rem;
  --button-height--small: 1.5rem;
  --button-width--medium: 2rem;
  --button-height--medium: 2rem;
  --button-width--large: 3rem;
  --button-height--large: 3rem;
  --button-border-width: 0.0625rem;
  --button-border-width--hover: 0.1875rem;
  --button-border-radius: calc(var(--button-height) / 2);
  --button-border-radius--control-button: 0.25rem;
  --button-padding-left: 0;
  --button-padding-right: 0;
  --button-padding-icon: 1rem;
  --button-padding--default: 1.5rem;
  --button-padding--small: 1rem;
  --button-padding--medium: 1rem;
  --button-padding--large: 2rem;
  --button-icon-margin-top: 0;
  --button-icon-margin-left: 0;
  --button-icon-margin-right: 0;
  position: relative;
  user-select: none;
  /* stylelint-disable-next-line */
  -webkit-user-select: none;
  cursor: pointer;
  white-space: nowrap;
  display: inline-flex;
  align-items: center;
  justify-content: center;
  width: var(--button-width);
  height: auto;
  padding: 0 var(--button-padding-right) 0 var(--button-padding-left);
  border: none;
  border-radius: var(--button-border-radius);
  text-align: left;
  font-size: var(--font-size-small);
  text-decoration: none;
  box-shadow: none;
  /* stylelint-disable-next-line */
}
.dnb-button--wrap {
  overflow-wrap: break-word;
  white-space: normal;
}
.dnb-button, .dnb-core-style .dnb-button {
  line-height: var(--button-height);
}
.dnb-button__text {
  margin: 0.5rem 0;
  font-size: var(--button-font-size);
  line-height: var(--line-height-basis);
  color: inherit;
  transform: translateY(-0.03125rem);
}
.dnb-button__text [data-os=linux] {
  transform: translateY(-0.035rem);
}
.dnb-button__alignment {
  display: inline-block;
  width: 0;
}
.dnb-button__bounding {
  position: absolute;
  top: 0;
  bottom: 0;
  right: 0;
  left: 0;
  transform: scale(1.1, 1.4);
  background-color: transparent;
  border-radius: var(--button-border-radius);
}
.dnb-button--size-small {
  --button-height: var(--button-height--small);
  width: var(--button-width--small);
  font-size: var(--button-font-size-small);
}
.dnb-button--size-small .dnb-button__text {
  margin: 0;
}
.dnb-button--has-text.dnb-button--size-small {
  --button-padding-left: var(--button-padding--small);
  --button-padding-right: var(--button-padding--small);
}
.dnb-button--size-medium {
  --button-height: var(--button-height--medium);
  width: var(--button-width--medium);
}
.dnb-button--size-medium .dnb-button__text {
  margin: 0;
}
.dnb-button--has-text.dnb-button--size-medium {
  --button-padding-left: var(--button-padding--medium);
  --button-padding-right: var(--button-padding--medium);
}
.dnb-button--control-before.dnb-button--size-medium {
  line-height: var(--button-height);
}
.dnb-button--control-after.dnb-button--size-medium {
  line-height: var(--button-height);
}
.dnb-button--size-large {
  --button-height: var(--button-height--large);
  --button-padding-icon: 1.5rem;
  width: var(--button-width--large);
}
.dnb-button--has-text.dnb-button--size-large {
  --button-padding-left: var(--button-padding--large);
  --button-padding-right: var(--button-padding--large);
}
.dnb-button--has-text {
  --button-padding-left: var(--button-padding--default);
  --button-padding-right: var(--button-padding--default);
  width: auto;
}
.dnb-button__icon {
  margin: var(--button-icon-margin-top) var(--button-icon-margin-right) 0 var(--button-icon-margin-left);
}
.dnb-button--has-text.dnb-button--icon-position-left {
  --button-padding-left: var(--button-padding-icon);
  --button-icon-margin-right: var(--button-icon-gutter);
}
.dnb-button--has-text.dnb-button--icon-position-right {
  --button-padding-right: var(--button-padding-icon);
  --button-icon-margin-left: var(--button-icon-gutter);
}
.dnb-button--icon-size-small {
  --button-icon-size: var(--button-icon-size--small);
}
.dnb-button--icon-size-medium {
  --button-icon-size: var(--button-icon-size--medium);
}
.dnb-button--icon-size-large {
  --button-icon-size: var(--button-icon-size--large);
}
.dnb-button--has-text.dnb-button--has-icon .dnb-button__icon {
  order: 2;
}
.dnb-button--has-text.dnb-button--has-icon .dnb-button__text {
  order: 1;
}
.dnb-button:not(.dnb-button--has-text) .dnb-button__icon {
  width: inherit;
}
.dnb-button__icon.dnb-icon svg:not([width]):not([height]) {
  width: var(--button-icon-size);
  height: var(--button-icon-size);
}
[href] > .dnb-button__icon.dnb-icon {
  line-height: var(--button-font-size);
}
.dnb-button--has-text.dnb-button--has-icon.dnb-button--icon-position-left .dnb-button__icon, .dnb-button--has-text.dnb-button--has-icon.dnb-button--icon-position-top .dnb-button__icon {
  order: 1;
}
.dnb-button--has-text.dnb-button--has-icon.dnb-button--icon-position-left .dnb-button__text, .dnb-button--has-text.dnb-button--has-icon.dnb-button--icon-position-top .dnb-button__text {
  order: 2;
}
.dnb-button--stretch {
  width: 100%;
}
.dnb-button--control-before {
  border-radius: var(--button-border-radius--control-button) 0 0 var(--button-border-radius--control-button);
}
.dnb-button--control-after {
  border-radius: 0 var(--button-border-radius--control-button) var(--button-border-radius--control-button) 0;
}
.dnb-button--reset {
  margin: 0;
  padding: 0;
  width: auto;
  height: auto;
  overflow: visible;
  border: none;
  border-radius: 0;
  background-color: transparent;
  appearance: none;
  box-shadow: none;
  color: inherit;
  font: inherit;
  text-align: inherit;
  line-height: inherit;
}
html:not([data-whatintent=touch]) .dnb-button--reset:hover[disabled] {
  cursor: not-allowed;
}
html:not([data-whatintent=touch]) .dnb-button--reset:hover:not([disabled]) {
  box-shadow: none;
  border: none;
}
.dnb-button--reset:not([disabled]):focus, .dnb-button--reset:not([disabled]):active {
  outline: none;
}
html[data-whatinput=keyboard] .dnb-button--reset:not([disabled]):focus, html[data-whatinput=keyboard] .dnb-button--reset:not([disabled]):active {
  --border-color: var(--focus-ring-color);
  --border-width: var(--focus-ring-width);
  box-shadow: 0 0 0 var(--border-width) var(--border-color);
  border-color: transparent;
}
html[data-whatinput=mouse] .dnb-button--reset:not([disabled]):focus, html[data-whatinput=mouse] .dnb-button--reset:not([disabled]):active {
  box-shadow: none;
  color: inherit;
  border: none;
}
.dnb-button[type=button], .dnb-button[type=reset], .dnb-button[type=submit] {
  appearance: none;
  /* stylelint-disable-next-line */
  -moz-appearance: none;
  /* stylelint-disable-next-line */
  -webkit-appearance: none;
}
.dnb-button[disabled] {
  cursor: not-allowed;
  outline: none;
}
.dnb-form-row--vertical .dnb-form-row__content > .dnb-button {
  align-self: flex-start;
}
.dnb-form-row--horizontal .dnb-form-row__content .dnb-button__text {
  white-space: nowrap;
}
.dnb-button + .dnb-form-status {
  margin-top: 0.5rem;
}

/* Firefox includes a hidden border which messes up button dimensions */
button.dnb-button::-moz-focus-inner {
  border: none;
}

/*
 * HelpButton component
 *
 * TODO: Set spacing in the theme file, as theme comes later in the stack
 *
 */
.dnb-help-button .dnb-button__bounding {
  transform: scale(1.5);
}

/*
 * Modal component
 *
 */
/*
 * Utilities
 */
/*
 * Modal component
 *
 */
@keyframes show-modal {
  from {
    opacity: 0.1;
    transform: translate3d(0, -1rem, 0);
  }
  to {
    transform: translate3d(0, 0, 0);
    opacity: 1;
  }
}
@keyframes hide-modal {
  from {
    transform: translate3d(0, 0, 0);
    opacity: 1;
  }
  to {
    transform: translate3d(0, 1rem, 0);
    opacity: 0;
  }
}
@keyframes show-drawer {
  to {
    transform: translate3d(0, 0, 0);
    opacity: 1;
  }
}
@keyframes hide-drawer-left {
  from {
    transform: translate3d(0, 0, 0);
    opacity: 1;
  }
  to {
    transform: translate3d(-20rem, 0, 0);
    opacity: 0;
  }
}
@keyframes hide-drawer-top {
  from {
    transform: translate3d(0, 0, 0);
    opacity: 1;
  }
  to {
    transform: translate3d(0, -20rem, 0);
    opacity: 0;
  }
}
@keyframes hide-drawer-bottom {
  from {
    transform: translate3d(0, 0, 0);
    opacity: 1;
  }
  to {
    transform: translate3d(0, 20rem, 0);
    opacity: 0;
  }
}
@keyframes hide-drawer-right {
  from {
    transform: translate3d(0, 0, 0);
    opacity: 1;
  }
  to {
    transform: translate3d(20rem, 0, 0);
    opacity: 0;
  }
}
@keyframes show-modal-overlay {
  from {
    opacity: 0;
  }
  to {
    opacity: 1;
  }
}
@keyframes hide-modal-overlay {
  from {
    opacity: 1;
  }
  to {
    opacity: 0;
  }
}
:root {
  --modal-z-index: 3000;
  --modal-animation-duration: 300ms;
}

html[data-dnb-modal-active] {
  user-select: none;
  /* stylelint-disable-next-line */
  -webkit-user-select: none;
}

#dnb-modal-root {
  position: absolute;
  top: 0;
  left: 0;
}

.dnb-modal {
  /* stylelint-disable-next-line */
}
.dnb-modal__content {
  position: fixed;
  top: 0;
  left: 0;
  z-index: calc(var(--modal-z-index) + 1);
  display: flex;
  align-items: center;
  justify-content: center;
  max-width: 100vw;
  width: 100%;
  height: 100%;
  user-select: none;
  /* stylelint-disable-next-line */
  -webkit-user-select: none;
}
@media screen and (max-width: 40em) {
  .dnb-modal__content--auto-fullscreen {
    height: auto;
  }
}
.dnb-modal__content--fullscreen {
  align-items: flex-start;
  justify-content: flex-start;
}
.dnb-modal__content--fullscreen .dnb-modal__content__content {
  height: auto;
}
.dnb-modal__content--left, .dnb-modal__content--top {
  align-items: flex-start;
  justify-content: flex-start;
}
.dnb-modal__content--right {
  align-items: flex-start;
  justify-content: flex-end;
}
.dnb-modal__content--bottom {
  align-items: flex-end;
  justify-content: flex-start;
}
.dnb-modal__overlay {
  position: fixed;
  z-index: var(--modal-z-index);
  left: 0;
  top: 0;
  width: 100%;
  height: 100%;
}
.dnb-modal-root__inner .dnb-modal__overlay {
  animation: hide-modal-overlay var(--modal-animation-duration) ease-out forwards;
}
.dnb-modal-root__inner:last-of-type .dnb-modal__overlay {
  animation: show-modal-overlay var(--modal-animation-duration) ease-out;
}
.dnb-modal-root__inner:last-of-type .dnb-modal__overlay--hide {
  animation: hide-modal-overlay var(--modal-animation-duration) ease-out forwards;
}
html[data-visual-test] .dnb-modal__overlay, .dnb-modal__overlay--no-animation {
  animation-delay: 0ms !important;
  animation-duration: 0ms !important;
}
.dnb-modal-root__inner {
  position: relative;
  z-index: calc(var(--modal-z-index) + 1);
}
.dnb-modal-root__inner ~ .dnb-modal-root__inner {
  z-index: calc(var(--modal-z-index) + 2);
}
.dnb-modal-root__inner ~ .dnb-modal-root__inner ~ .dnb-modal-root__inner {
  z-index: calc(var(--modal-z-index) + 3);
}
.dnb-modal-root__inner ~ .dnb-modal-root__inner ~ .dnb-modal-root__inner ~ .dnb-modal-root__inner {
  z-index: calc(var(--modal-z-index) + 4);
}
.dnb-modal__close-button {
  z-index: calc(var(--modal-z-index) + 1);
}
.dnb-modal__header__bar.dnb-section {
  display: flex;
  flex-direction: row;
  justify-content: space-between;
}

[data-visual-test].hide-page-content #___gatsby {
  opacity: 0;
}

/*
* Drawer component
*
*/
/*
 * Utilities
 */
/*
 * Modal component
 *
 */
@keyframes show-modal {
  from {
    opacity: 0.1;
    transform: translate3d(0, -1rem, 0);
  }
  to {
    transform: translate3d(0, 0, 0);
    opacity: 1;
  }
}
@keyframes hide-modal {
  from {
    transform: translate3d(0, 0, 0);
    opacity: 1;
  }
  to {
    transform: translate3d(0, 1rem, 0);
    opacity: 0;
  }
}
@keyframes show-drawer {
  to {
    transform: translate3d(0, 0, 0);
    opacity: 1;
  }
}
@keyframes hide-drawer-left {
  from {
    transform: translate3d(0, 0, 0);
    opacity: 1;
  }
  to {
    transform: translate3d(-20rem, 0, 0);
    opacity: 0;
  }
}
@keyframes hide-drawer-top {
  from {
    transform: translate3d(0, 0, 0);
    opacity: 1;
  }
  to {
    transform: translate3d(0, -20rem, 0);
    opacity: 0;
  }
}
@keyframes hide-drawer-bottom {
  from {
    transform: translate3d(0, 0, 0);
    opacity: 1;
  }
  to {
    transform: translate3d(0, 20rem, 0);
    opacity: 0;
  }
}
@keyframes hide-drawer-right {
  from {
    transform: translate3d(0, 0, 0);
    opacity: 1;
  }
  to {
    transform: translate3d(20rem, 0, 0);
    opacity: 0;
  }
}
@keyframes show-modal-overlay {
  from {
    opacity: 0;
  }
  to {
    opacity: 1;
  }
}
@keyframes hide-modal-overlay {
  from {
    opacity: 1;
  }
  to {
    opacity: 0;
  }
}
.dnb-drawer {
  --drawer-width: 40vw;
  --drawer-min-width: 25rem;
  --drawer-max-width: 40rem;
  --drawer-spacing: 2rem;
  --drawer-spacing-minus: -2rem;
  position: relative;
  max-height: 100vh;
  width: 100%;
  height: 100vh;
  max-width: 100%;
  max-height: 100vh;
  border-radius: 0;
  box-shadow: none;
  width: var(--drawer-width);
  min-width: var(--drawer-min-width);
  max-width: var(--drawer-max-width);
  box-shadow: var(--shadow-default);
  user-select: text;
  border: none;
  -webkit-tap-highlight-color: rgba(0, 0, 0, 0);
}
@media screen and (max-width: 40em) {
  .dnb-drawer {
    width: 100vw;
    min-width: auto;
    max-width: auto;
  }
}
@media screen and (max-width: 40em) {
  .dnb-drawer--auto-fullscreen {
    width: 100%;
    height: 100vh;
    max-width: 100%;
    max-height: 100vh;
    border-radius: 0;
    box-shadow: none;
  }
}
.dnb-drawer__inner {
  position: relative;
  display: flex;
  flex-direction: column;
  z-index: 10;
  /** 
    NB: Do not use "overflow-x: hidden;" in here,
    (overflowing one direction, will influence the other – we can't just have one at a time) 
    To make the Drawer scroll, we use .dnb-scroll-view
  */
  width: 100%;
  height: calc(100% - var(--header-height, 0));
  /** Sets the color on scroll overflow (at the bottom) */
  background-color: var(--modal-background-color, transparent);
}
.dnb-drawer__align--centered .dnb-drawer__inner {
  align-items: center;
  justify-content: center;
}
.dnb-drawer__content {
  position: relative;
  z-index: 1;
}
.dnb-drawer--spacing .dnb-drawer__content {
  padding: 0 var(--drawer-spacing);
}
@media screen and (min-width: 80em) {
  .dnb-drawer--spacing .dnb-drawer__content {
    padding: 0 calc(var(--drawer-spacing) * 1.75);
  }
}
@media screen and (max-width: 60em) {
  .dnb-drawer--spacing .dnb-drawer__content {
    padding: 0 calc(var(--drawer-spacing) / 1.333333);
  }
}
@media screen and (max-width: 40em) {
  .dnb-drawer--spacing .dnb-drawer__content {
    padding: 0 calc(var(--drawer-spacing) / 2);
  }
}
.dnb-drawer__align--center .dnb-drawer__content {
  align-items: center;
  text-align: center;
}
.dnb-drawer__align--right .dnb-drawer__content {
  align-items: flex-end;
  text-align: right;
}
.dnb-drawer--top, .dnb-drawer--bottom {
  max-width: 100%;
  width: 100vw;
  height: 40vh;
}
@media screen and (max-height: 40em) {
  .dnb-drawer--top, .dnb-drawer--bottom {
    height: 100vw;
    min-height: auto;
    max-height: auto;
  }
}
.dnb-drawer--fullscreen {
  width: 100%;
  height: 100vh;
  max-width: 100%;
  max-height: 100vh;
  border-radius: 0;
  box-shadow: none;
}
html:not([data-visual-test]) .dnb-drawer {
  opacity: 0.1;
  animation: show-drawer var(--modal-animation-duration) ease-out forwards;
}
html:not([data-visual-test]) .dnb-drawer--left {
  transform: translate3d(-20rem, 0, 0);
}
html:not([data-visual-test]) .dnb-drawer--right {
  transform: translate3d(20rem, 0, 0);
}
html:not([data-visual-test]) .dnb-drawer--top {
  transform: translate3d(0, -20rem, 0);
}
html:not([data-visual-test]) .dnb-drawer--bottom {
  transform: translate3d(0, 20rem, 0);
}
html:not([data-visual-test]) .dnb-drawer--hide.dnb-drawer--left {
  animation: hide-drawer-left var(--modal-animation-duration) ease-in-out forwards;
}
html:not([data-visual-test]) .dnb-drawer--hide.dnb-drawer--right {
  animation: hide-drawer-right var(--modal-animation-duration) ease-in-out forwards;
}
html:not([data-visual-test]) .dnb-drawer--hide.dnb-drawer--top {
  animation: hide-drawer-top var(--modal-animation-duration) ease-in-out forwards;
}
html:not([data-visual-test]) .dnb-drawer--hide.dnb-drawer--bottom {
  animation: hide-drawer-bottom var(--modal-animation-duration) ease-in-out forwards;
}
.dnb-drawer--no-animation {
  animation-duration: 0ms !important;
}
@media screen and (max-width: 40em) {
  .dnb-drawer--no-animation-on-mobile {
    animation-duration: 0ms !important;
  }
}
.dnb-drawer__root {
  align-items: flex-start;
  justify-content: flex-start;
}
@media screen and (max-width: 60em) {
  .dnb-drawer__title {
    font-size: var(--font-size-large) !important;
    line-height: var(--line-height-medium) !important;
  }
}
.dnb-drawer__title ~ .dnb-drawer__content {
  padding-top: calc(var(--drawer-spacing) / 1.333333);
}
.dnb-drawer .dnb-drawer__header [class*=dnb-h--], .dnb-drawer .dnb-drawer__header .dnb-drawer__title {
  padding: 0;
}
.dnb-drawer .dnb-drawer__header [class*=dnb-h--]:not([class*=__top]), .dnb-drawer .dnb-drawer__header .dnb-drawer__title:not([class*=__top]) {
  margin-top: 0;
}
.dnb-drawer .dnb-drawer__header [class*=dnb-h--]:not([class*=__bottom]), .dnb-drawer .dnb-drawer__header .dnb-drawer__title:not([class*=__bottom]) {
  margin-bottom: 0;
}
.dnb-drawer .dnb-drawer__header::after {
  top: -500%;
  height: 600%;
}
.dnb-drawer--spacing .dnb-drawer__header {
  padding: 0 var(--drawer-spacing);
}
@media screen and (min-width: 80em) {
  .dnb-drawer--spacing .dnb-drawer__header {
    padding: 0 calc(var(--drawer-spacing) * 1.75);
  }
}
@media screen and (max-width: 60em) {
  .dnb-drawer--spacing .dnb-drawer__header {
    padding: 0 calc(var(--drawer-spacing) / 1.333333);
  }
}
@media screen and (max-width: 40em) {
  .dnb-drawer--spacing .dnb-drawer__header {
    padding: 0 calc(var(--drawer-spacing) / 2);
  }
}
.dnb-drawer--spacing .dnb-drawer__header .dnb-tabs {
  margin-top: var(--drawer-spacing);
}
.dnb-drawer__body {
  padding-bottom: calc(var(--drawer-spacing) * 2);
  margin-bottom: calc(var(--drawer-spacing-minus) * 2);
}
@supports (-webkit-touch-callout: none) {
  .dnb-drawer__body {
    padding-bottom: calc(var(--drawer-spacing-minus) * 8);
  }
}
.dnb-drawer__navigation.dnb-section {
  display: flex;
  flex-direction: row;
  justify-content: space-between;
}
.dnb-drawer--spacing .dnb-drawer__navigation.dnb-section {
  position: sticky;
  top: 0;
  left: 0;
  z-index: 99;
  margin: var(--drawer-spacing) 0;
  padding: 0 var(--drawer-spacing);
}
@media screen and (min-width: 80em) {
  .dnb-drawer--spacing .dnb-drawer__navigation.dnb-section {
    padding: 0 calc(var(--drawer-spacing) * 1.75);
  }
}
@media screen and (max-width: 60em) {
  .dnb-drawer--spacing .dnb-drawer__navigation.dnb-section {
    padding: 0 calc(var(--drawer-spacing) / 1.333333);
  }
}
@media screen and (max-width: 40em) {
  .dnb-drawer--spacing .dnb-drawer__navigation.dnb-section {
    padding: 0 calc(var(--drawer-spacing) / 2);
  }
}
.dnb-drawer--spacing .dnb-drawer__navigation.dnb-section.dnb-drawer__navigation--sticky {
  z-index: 2999;
}
.dnb-drawer .dnb-drawer__navigation--sticky::before {
  content: "";
  position: absolute;
  z-index: -1;
  left: 0;
  right: 0;
  bottom: 0;
  height: 300%;
  box-shadow: var(--shadow-default);
}
.dnb-drawer .dnb-drawer__navigation:not(.dnb-drawer__navigation--sticky)::after {
  color: transparent;
}
@media screen and (max-width: 40em) {
  .dnb-drawer--no-animation-on-mobile {
    animation-delay: 0ms !important;
    animation-duration: 0ms !important;
  }
}

[data-visual-test].hide-page-content #___gatsby {
  opacity: 0;
}"
`;
