// Jest Snapshot v1, https://goo.gl/fbAQLP

exports[`Upload scss have to match snapshot 1`] = `
"/*
* DNB Upload
*
*/
/**
 * This file is only used to make components independent
 * so that they can get imported individually, without the core styles
 *
 */
/*
 * Utilities
 */
/*
 * Scopes
 *
 */
/*
 * Document Reset
 *
 */
.dnb-upload {
  font-family: var(--font-family-default);
  font-weight: var(--font-weight-basis);
  font-size: var(--font-size-small);
  font-style: normal;
  line-height: var(--line-height-basis);
  color: var(--color-black-80, #333);
  -moz-osx-font-smoothing: grayscale;
  -webkit-font-smoothing: antialiased;
  -webkit-tap-highlight-color: rgba(0, 0, 0, 0);
  /**
  * Ensure consistency and use the same as HTML reset -> html {...}
  * between base and code package
  */
  -moz-tab-size: 4;
  tab-size: 4;
  -ms-text-size-adjust: 100%;
  -webkit-text-size-adjust: 100%;
  word-break: break-word;
  /**
  * 1. Remove repeating backgrounds in all browsers (opinionated).
  * 2. Add border box sizing in all browsers (opinionated).
  */
  /**
  * 1. Add text decoration inheritance in all browsers (opinionated).
  * 2. Add vertical alignment inheritance in all browsers (opinionated).
  */
  margin: 0;
  padding: 0; }
  .dnb-upload *,
  .dnb-upload ::before,
  .dnb-upload ::after {
    background-repeat: no-repeat;
    /* 1 */
    box-sizing: border-box;
    /* 2 */ }
  .dnb-upload ::before,
  .dnb-upload ::after {
    text-decoration: inherit;
    /* 1 */
    vertical-align: inherit;
    /* 2 */ }

/*
* Upload component
*
*/
.dnb-upload {
  display: flex;
  flex-direction: column;
  padding: var(--spacing-medium);
  background-color: var(--color-white);
  position: relative; }
  .dnb-upload__outline {
    content: '';
    inset: 0;
    stroke: var(--color-sea-green);
    position: absolute;
    height: 100%;
    width: 100%;
    border-radius: 0.25rem; }
  .dnb-upload__condition-list {
    margin-top: var(--spacing-small); }
    .dnb-upload__condition-list__label {
      font-weight: var(--font-weight-medium);
      margin-right: var(--spacing-x-small); }
  .dnb-upload__text.dnb-p {
    color: var(--color-black-55); }
  .dnb-upload__file-input {
    visibility: hidden; }
  .dnb-upload__file-list {
    padding: 0;
    margin-bottom: 0;
    position: relative;
    list-style: none; }
  .dnb-upload__file-list::before, .dnb-upload__file-cell::after {
    content: '';
    position: absolute;
    inset: 0;
    height: 1px;
    background-color: var(--color-black-8); }
  .dnb-upload__file-cell {
    padding: var(--spacing-small) 0;
    position: relative; }
    .dnb-upload__file-cell::after {
      top: auto; }
    .dnb-upload__file-cell__content {
      display: flex;
      flex-direction: row;
      justify-content: space-between;
      align-items: center; }
      .dnb-upload__file-cell__content__left {
        display: flex;
        flex-direction: row;
        align-items: center; }
    .dnb-upload__file-cell--warning .dnb-upload__file-cell__content__left .dnb-icon {
      color: var(--color-fire-red); }
    .dnb-upload__file-cell__text-container {
      display: flex;
      flex-direction: column;
      margin-left: var(--spacing-small); }
      .dnb-upload__file-cell__text-container--loading {
        font-size: var(--font-size-basis); }
    .dnb-upload__file-cell__subtitle.dnb-p {
      color: var(--color-black-55); }
"
`;
