// Jest Snapshot v1, https://goo.gl/fbAQLP

exports[`FormSet component have to match snapshot 1`] = `
<FormSet
  class="class"
  className="className"
  custom_element={Object {}}
  custom_method={[Function]}
  direction="horizontal"
  disabled="disabled"
  element="form"
  id="id"
  no_form="no_form"
  prevent_submit="prevent_submit"
  render_content={[Function]}
>
  <Element
    className="dnb-form-set className class"
    is="form"
    onSubmit={[Function]}
  >
    <form
      className="dnb-form-set className class"
      onSubmit={[Function]}
    >
      children
    </form>
  </Element>
</FormSet>
`;

exports[`FormSet scss have to match default theme snapshot 1`] = `
"/*
 * FormSet theme
 *
 */
"
`;

exports[`FormSet scss have to match snapshot 1`] = `
"/*
* DNB FormSet
*
*/
/**
 * This file is only used to make components independent
 * so that they can get imported individually, without the core styles
 *
 */
/*
 * Utilities
 */
/*
 * Scopes
 *
 */
/*
 * Document Reset
 *
 */
.dnb-form-set {
  font-family: var(--font-family-default);
  font-weight: var(--font-weight-default);
  font-size: var(--font-size-basis);
  font-style: normal;
  line-height: var(--line-height-basis);
  color: var(--color-black-80, #333);
  -moz-osx-font-smoothing: grayscale;
  -webkit-font-smoothing: antialiased;
  -webkit-tap-highlight-color: rgba(0, 0, 0, 0);
  font-variant-numeric: lining-nums;
  font-feature-settings: \\"lnum\\";
  /**
  * 1. Remove repeating backgrounds in all browsers (opinionated).
  * 2. Add border box sizing in all browsers (opinionated).
  */
  /**
  * 1. Add text decoration inheritance in all browsers (opinionated).
  * 2. Add vertical alignment inheritance in all browsers (opinionated).
  */
  margin: 0;
  padding: 0; }
  .dnb-form-set *,
  .dnb-form-set ::before,
  .dnb-form-set ::after {
    background-repeat: no-repeat;
    /* 1 */
    box-sizing: border-box;
    /* 2 */ }
  .dnb-form-set ::before,
  .dnb-form-set ::after {
    text-decoration: inherit;
    /* 1 */
    vertical-align: inherit;
    /* 2 */ }

/*
 * FormSet component
 *
 */
"
`;
