// Jest Snapshot v1, https://goo.gl/fbAQLP

exports[`Tabs component have to match snapshot 1`] = `
<Tabs
  0={
    Object {
      "displayName": "Tabs",
      "props": Object {
        "align": "'left'",
        "children": Object {},
        "class": "class",
        "className": "className",
        "data": "data",
        "label": "label",
        "render": [Function],
        "selected_key": "selected_key",
        "use_hash": "use_hash",
      },
    }
  }
  1={
    Object {
      "displayName": "TabContent",
      "props": Object {
        "children": "children",
        "id": "id",
        "selection_key": "selection_key",
      },
    }
  }
  align="left"
  class={null}
  className={null}
  data={
    Array [
      Object {
        "key": "first",
        "title": "First",
      },
      Object {
        "key": "second",
        "title": "Second",
      },
      Object {
        "key": "third",
        "title": "Third",
      },
    ]
  }
  id="id"
  label={null}
  render={null}
  selected_key="second"
  use_hash={false}
>
  <Wrapper>
    <div
      className="dnb-tabs"
    >
      <TabsList>
        <div
          className="dnb-tabs__tabs dnb-tabs__tabs--left"
        >
          <Tabs>
            <div
              className="dnb-tabs__tabs__tablist dnb-tab-focus"
              onKeyDown={[Function]}
              onKeyUp={[Function]}
              role="tablist"
              tabIndex="0"
            >
              <button
                aria-selected={false}
                className="dnb-tablink dnb-no-mouse-focus tab--first "
                disabled={false}
                id="id-tab-first"
                onClick={[Function]}
                role="tab"
                tabIndex="-1"
              >
                <span
                  className="dnb-tablink-title"
                >
                  First
                </span>
                <span
                  aria-hidden={true}
                  hidden={true}
                >
                  First
                </span>
              </button>
              <button
                aria-controls="id-content-second"
                aria-selected={true}
                className="dnb-tablink dnb-no-mouse-focus tab--second selected"
                disabled={false}
                id="id-tab-second"
                onClick={[Function]}
                role="tab"
                tabIndex="-1"
              >
                <span
                  className="dnb-tablink-title"
                >
                  Second
                </span>
                <span
                  aria-hidden={true}
                  hidden={true}
                >
                  Second
                </span>
              </button>
              <button
                aria-selected={false}
                className="dnb-tablink dnb-no-mouse-focus tab--third "
                disabled={false}
                id="id-tab-third"
                onClick={[Function]}
                role="tab"
                tabIndex="-1"
              >
                <span
                  className="dnb-tablink-title"
                >
                  Third
                </span>
                <span
                  aria-hidden={true}
                  hidden={true}
                >
                  Third
                </span>
              </button>
            </div>
          </Tabs>
        </div>
      </TabsList>
      <TabContent
        id="id"
        selection_key="second"
      >
        <div
          aria-labelledby="id-tab-second"
          className="dnb-tabs__content"
          id="id-content-second"
          role="tabpanel"
        >
          <h2>
            Second
          </h2>
        </div>
      </TabContent>
    </div>
  </Wrapper>
</Tabs>
`;

exports[`Tabs scss have to match snapshot 1`] = `
"/*
* DNB Tabs
*
*/
/**
 * This file is only used to make components independent
 * so that they can get imported individually, without the core styles
 *
 */
/*
 * CSS Properties
 *
 */
:root {
  --font-family-std: 'Fedra Sans Std', sans-serif;
  --font-family-demi: 'Fedra Sans Std Demi', sans-serif;
  --color-sea-green-alt: #008484;
  --color-mint-green-50: #d2f0e9;
  --color-mint-green-25: #e9f8f4;
  --color-sea-green-4: #f5fafa;
  --color-sea-green-alt-30: #b3dada;
  --color-signal-yellow-30: #ffffd7;
  --color-cherry-red: #e10076;
  --color-cherry-red-80: #fdebf4;
  --color-black: #000;
  --color-black-80: #333;
  --color-black-30: #b3b3b3;
  --color-white: #fff;
  --color-black-border: #cdcdcd;
  --color-black-background: #fafafa;
  --color-sea-green: #007272;
  --color-mint-green: #a5e1d2;
  --color-summer-green: #28b482;
  --color-emerald-green: #14555a;
  --color-ocean-green: #00343e;
  --color-signal-orange: #ff5400;
  --color-signal-yellow: #ffff7a;
  --color-indigo: #23195a;
  --color-violet: #6e2382;
  --color-sky-blue: #4bbed2; }

/*
 * Utilities
 */
/*
 * Typography
 *
 * The font-family properties are defined in the properties.scss file, like:
 * --font-family-std:
 *
 */
.dnb-typo-std,
.dnb-typo-book {
  font-family: var(--font-family-std);
  font-weight: normal;
  font-style: normal; }

.dnb-typo-medium {
  font-family: var(--font-family-std);
  font-weight: 600;
  font-style: normal; }

.dnb-typo-demi {
  font-family: var(--font-family-demi);
  font-weight: normal;
  font-style: normal; }

.dnb-typo-number--lining {
  font-variant-numeric: lining-nums;
  font-feature-settings: \\"lnum\\"; }

.dnb-typo-number--tabular {
  font-variant-numeric: tabular-nums;
  font-feature-settings: \\"lnum\\"; }

.dnb-typo-number--oldstyle {
  font-variant-numeric: oldstyle-nums;
  font-feature-settings: \\"onum\\"; }

.dnb-typo-number--proportional {
  font-variant-numeric: proportional-nums;
  font-feature-settings: \\"pnum\\"; }

@font-face {
  font-family: 'Fedra Sans Std';
  src: url(\\"../../../../assets/fonts//FedraSansStd-Book.eot\\");
  src: url(\\"../../../../assets/fonts//FedraSansStd-Book.eot?#iefix\\") format(\\"embedded-opentype\\"), url(\\"../../../../assets/fonts//FedraSansStd-Book.woff2\\") format(\\"woff2\\"), url(\\"../../../../assets/fonts//FedraSansStd-Book.woff\\") format(\\"woff\\"), url(\\"../../../../assets/fonts//FedraSansStd-Book.ttf\\") format(\\"truetype\\");
  font-weight: normal;
  font-style: normal;
  font-display: fallback; }

@font-face {
  font-family: 'Fedra Sans Std';
  src: url(\\"../../../../assets/fonts//FedraSansStd-Medium.eot\\");
  src: url(\\"../../../../assets/fonts//FedraSansStd-Medium.eot?#iefix\\") format(\\"embedded-opentype\\"), url(\\"../../../../assets/fonts//FedraSansStd-Medium.woff2\\") format(\\"woff2\\"), url(\\"../../../../assets/fonts//FedraSansStd-Medium.woff\\") format(\\"woff\\"), url(\\"../../../../assets/fonts//FedraSansStd-Medium.ttf\\") format(\\"truetype\\");
  font-weight: 600;
  font-style: normal;
  font-display: fallback; }

@font-face {
  font-family: 'Fedra Sans Std Demi';
  src: url(\\"../../../../assets/fonts//FedraSansStd-Demi.eot\\");
  src: url(\\"../../../../assets/fonts//FedraSansStd-Demi.eot?#iefix\\") format(\\"embedded-opentype\\"), url(\\"../../../../assets/fonts//FedraSansStd-Demi.woff2\\") format(\\"woff2\\"), url(\\"../../../../assets/fonts//FedraSansStd-Demi.woff\\") format(\\"woff\\"), url(\\"../../../../assets/fonts//FedraSansStd-Demi.ttf\\") format(\\"truetype\\");
  font-weight: normal;
  font-style: normal;
  font-display: fallback; }

/*
 * Scopes
 * 
 */
.dnb-tabs {
  font-family: var(--font-family-std, sans-serif);
  font-size: 1rem;
  font-weight: normal;
  font-style: normal;
  line-height: 1.5rem;
  color: var(--color-black-80, #333);
  font-variant-numeric: lining-nums;
  font-feature-settings: \\"lnum\\"; }
  .dnb-tabs *,
  .dnb-tabs ::before,
  .dnb-tabs ::after {
    background-repeat: no-repeat;
    box-sizing: border-box; }
  .dnb-tabs ::before,
  .dnb-tabs ::after {
    text-decoration: inherit;
    vertical-align: inherit; }

/*
 * Tabs component
 *
 */
.dnb-tabs__tabs {
  position: relative;
  z-index: 1;
  display: flex;
  flex-direction: row;
  align-content: flex-start;
  justify-content: space-between;
  align-items: center;
  flex-wrap: nowrap; }
  .dnb-tabs__tabs__tablist {
    display: flex;
    flex-direction: row; }
  .dnb-tabs__tabs--left .dnb-tabs__tabs__tablist {
    justify-content: flex-start; }
  .dnb-tabs__tabs--right .dnb-tabs__tabs__tablist {
    justify-content: flex-end; }
  .dnb-tabs__tabs--center .dnb-tabs__tabs__tablist {
    justify-content: center; }
  .dnb-tabs__tabs::after {
    content: '';
    position: absolute;
    z-index: -1;
    left: -50vw;
    right: -50vw;
    bottom: 0;
    width: 200vw;
    height: 1px; }
  .dnb-tabs__tabs .dnb-tablink {
    position: relative;
    z-index: 1;
    margin: 0 0 0 2.5em;
    padding: 0.5em 0;
    background-color: transparent;
    border-bottom: 1px solid transparent;
    cursor: pointer;
    outline: none;
    border: none; }
    .dnb-tabs__tabs .dnb-tablink-title {
      font-size: 1em;
      line-height: 1.5em;
      white-space: nowrap; }
    .dnb-tabs__tabs .dnb-tablink > span[hidden] {
      display: flex;
      flex-direction: column;
      visibility: hidden;
      height: 0;
      overflow: hidden;
      letter-spacing: 2px; }
    .dnb-tabs__tabs .dnb-tablink::after {
      content: '';
      position: absolute;
      z-index: -1;
      left: 0;
      right: 0;
      bottom: 0;
      width: 100%;
      height: 1px; }
  .dnb-tabs__tabs .dnb-tablink:first-child {
    margin-left: 0; }
  @media screen and (max-width: 700px) {
    .dnb-tabs__tabs__tablist {
      display: block; }
    .dnb-tabs__tabs .dnb-tablink {
      margin-top: 0.5em;
      margin-left: 0; } }

.dnb-tabs__content {
  padding: 1rem 0.5rem; }
"
`;
