// Jest Snapshot v1, https://goo.gl/fbAQLP

exports[`NumberFormat component have to match default number-format snapshot 1`] = `
<Component
  element="span"
  locale="nb-NO"
  value={12345678.9876}
>
  <NumberFormat
    always_selectall={false}
    ban={null}
    class={null}
    className={null}
    clean={null}
    clean_copy_value={false}
    compact={null}
    copy_selection={true}
    currency={null}
    currency_display={null}
    currency_position={null}
    decimals={null}
    element="span"
    id="unique"
    link={null}
    locale="nb-NO"
    nin={null}
    omit_rounding={null}
    options={null}
    org={null}
    percent={null}
    phone={null}
    prefix={null}
    selectall={true}
    skeleton={null}
    srLabel={null}
    suffix={null}
    tooltip={null}
    value={12345678.9876}
  >
    <span
      className="dnb-number-format dnb-number-format--selectall"
      lang="nb-NO"
      role="text"
    >
      <span
        aria-describedby="unique"
        aria-hidden={true}
        className="dnb-number-format__visible"
        onClick={[Function]}
        onContextMenu={[Function]}
      >
        12 345 678,9876
      </span>
      <span
        className="dnb-number-format__sr-only dnb-sr-only"
        id="unique"
      >
        12 345 678,9876
      </span>
      <span
        aria-hidden={true}
        className="dnb-number-format__selection dnb-no-focus"
        onBlur={[Function]}
        onCopy={[Function]}
        tabIndex={-1}
      >
        12345678,9876
      </span>
    </span>
  </NumberFormat>
</Component>
`;

exports[`NumberFormat scss have to match snapshot 1`] = `
"/*
* DNB NumberFormat
*
*/
/**
 * This file is only used to make components independent
 * so that they can get imported individually, without the core styles
 *
 */
/*
 * Utilities
 */
/*
 * Scopes
 *
 */
/*
 * Document Reset
 *
 */
/*
* DNB Tooltip
*
*/
.dnb-tooltip {
  font-family: var(--font-family-default);
  font-weight: var(--font-weight-basis);
  font-size: var(--font-size-small);
  font-style: normal;
  line-height: var(--line-height-basis);
  color: var(--color-black-80, #333);
  -moz-osx-font-smoothing: grayscale;
  -webkit-font-smoothing: antialiased;
  -webkit-tap-highlight-color: rgba(0, 0, 0, 0);
  /**
  * Ensure consistency and use the same as HTML reset -> html {...}
  * between base and code package
  */
  -moz-tab-size: 4;
  tab-size: 4;
  -ms-text-size-adjust: 100%;
  -webkit-text-size-adjust: 100%;
  word-break: break-word;
  /**
  * 1. Remove repeating backgrounds in all browsers (opinionated).
  * 2. Add border box sizing in all browsers (opinionated).
  */
  /**
  * 1. Add text decoration inheritance in all browsers (opinionated).
  * 2. Add vertical alignment inheritance in all browsers (opinionated).
  */
  margin: 0;
  padding: 0; }
  .dnb-tooltip *,
  .dnb-tooltip ::before,
  .dnb-tooltip ::after {
    background-repeat: no-repeat;
    /* 1 */
    box-sizing: border-box;
    /* 2 */ }
  .dnb-tooltip ::before,
  .dnb-tooltip ::after {
    text-decoration: inherit;
    /* 1 */
    vertical-align: inherit;
    /* 2 */ }

/*
* Tooltip component
*
*/
.dnb-tooltip {
  position: absolute;
  z-index: 3100;
  display: flex;
  flex-direction: column;
  justify-content: center;
  align-items: center;
  padding: 0 1rem;
  opacity: 0;
  visibility: hidden;
  transition: opacity 200ms var(--easing-default); }
  .dnb-tooltip--large {
    padding: 0.25rem 1rem; }
  .dnb-tooltip--animate_position {
    transition: all 200ms var(--easing-default), opacity 200ms var(--easing-default); }
  .dnb-tooltip--active {
    visibility: visible;
    /*
      because of the first "show" we also use animation
      also, use forwards because of the usage of visibility
    */
    animation: show-tooltip 200ms var(--easing-default) forwards; }
  html[data-visual-test] .dnb-tooltip--active, .dnb-tooltip--active.dnb-tooltip--no-animation {
    animation: show-tooltip 1ms var(--easing-default) forwards; }
  .dnb-tooltip--hide {
    visibility: visible;
    animation: hide-tooltip 200ms var(--easing-default) forwards; }
  .dnb-tooltip--hide.dnb-tooltip--no-animation {
    animation: hide-tooltip 1ms linear forwards; }
  .dnb-tooltip--fixed {
    position: fixed; }
  html[data-visual-test] .dnb-tooltip--hide {
    animation: hide-tooltip 1ms linear 1s forwards; }
  .dnb-tooltip__portal {
    position: absolute;
    top: 0;
    left: 0;
    right: 0; }
  .dnb-tooltip__content {
    min-width: 2rem;
    min-height: 1.5rem;
    padding: 0; }
  .dnb-tooltip__arrow {
    position: absolute;
    pointer-events: none;
    margin: 0;
    width: 1rem;
    height: 0.5rem;
    overflow: hidden; }
    .dnb-tooltip__arrow::before {
      content: '';
      position: absolute;
      bottom: 0;
      left: 0;
      width: 1rem;
      height: 1rem;
      transform: translateY(70%) rotate(45deg); }
    .dnb-tooltip__arrow__position--bottom {
      top: -0.5rem; }
    .dnb-tooltip__arrow__position--top {
      bottom: -0.5rem;
      transform: rotate(180deg); }
    .dnb-tooltip__arrow__position--left {
      right: -0.75rem;
      margin-right: 3px;
      transform: rotate(90deg); }
    .dnb-tooltip__arrow__position--right {
      left: -0.75rem;
      margin-left: 3px;
      transform: rotate(270deg); }
    .dnb-tooltip__arrow__arrow--left {
      align-self: flex-start; }
    .dnb-tooltip__arrow__arrow--right {
      align-self: flex-end; }

@keyframes show-tooltip {
  from {
    opacity: 0; }
  to {
    opacity: 1; } }

@keyframes hide-tooltip {
  from {
    opacity: 1; }
  to {
    opacity: 0;
    visibility: hidden; } }

/*
 * NumberFormat Component
 *
 */
/*
 * Anchor mixins
 *
 */
.dnb-number-format {
  display: inline-block;
  position: relative;
  speak-as: numbers;
  color: inherit;
  white-space: nowrap; }
  .dnb-number-format__prefix, .dnb-number-format__suffix {
    white-space: normal; }
  .dnb-number-format.dnb-anchor {
    cursor: pointer; }
  .dnb-number-format--selectall {
    cursor: text; }
  .dnb-number-format__visible {
    position: relative;
    z-index: 2; }
  .dnb-number-format--selected .dnb-number-format__visible {
    color: var(--color-black);
    background-color: var(--color-mint-green); }
  .dnb-number-format__selection {
    position: absolute;
    z-index: 1;
    top: 0;
    left: 0;
    opacity: 0;
    user-select: none; }
  .dnb-number-format--selected .dnb-number-format__selection {
    z-index: 3;
    user-select: all; }
  .dnb-number-format.dnb-skeleton,
  .dnb-skeleton .dnb-number-format {
    -webkit-text-fill-color: var(--skeleton-color); }
"
`;
