// Jest Snapshot v1, https://goo.gl/fbAQLP

exports[`Dropdown scss has to match style dependencies css 1`] = `
"/*
* Used for snapshot testing
*
*/
/*
 * Utilities
 */
/*
* Used for snapshot testing
*
*/
/*
 * Utilities
 */
/*
* Icon component
*
*/
/*
 * Utilities
 */
.dnb-icon {
  display: inline-block;
  vertical-align: middle;
  font-size: 1rem;
  line-height: 1rem;
  color: inherit;
  width: 1em;
  height: 1em;
}
.dnb-icon img, .dnb-core-style .dnb-icon img,
.dnb-icon svg,
.dnb-core-style .dnb-icon svg {
  width: inherit;
  height: inherit;
  shape-rendering: geometricprecision;
  vertical-align: top;
}
.dnb-icon svg[width="100%"] {
  width: inherit;
}
.dnb-icon svg[height="100%"] {
  height: inherit;
}
.dnb-icon--inherit-color svg:not([fill]), .dnb-icon--inherit-color svg [fill] {
  fill: currentcolor;
}
.dnb-icon--inherit-color svg [stroke] {
  stroke: currentcolor;
}
.dnb-icon--small {
  font-size: 0.75rem;
}
.dnb-icon--default {
  font-size: 1rem;
}
.dnb-icon--medium {
  font-size: 1.5rem;
}
.dnb-icon--large {
  font-size: 2rem;
}
.dnb-icon--x-large {
  font-size: 2.5rem;
}
.dnb-icon--xx-large {
  font-size: 3rem;
}
.dnb-icon--custom-size {
  width: auto;
  height: auto;
}
.dnb-icon--auto {
  font-size: 1em;
}
.dnb-icon--auto > .dnb-icon--wrapper {
  display: inline-flex;
  align-items: center;
  justify-content: center;
}
h1 > .dnb-icon, h2 > .dnb-icon, h3 > .dnb-icon, h4 > .dnb-icon, h5 > .dnb-icon, h6 > .dnb-icon {
  vertical-align: middle;
}
p > .dnb-icon {
  vertical-align: inherit;
}
.dnb-icon.dnb-skeleton {
  color: var(--skeleton-color) !important;
}
.dnb-icon.dnb-skeleton::before, .dnb-icon.dnb-skeleton::after {
  content: none !important;
}

/*
* Used for snapshot testing
*
*/
/*
 * Utilities
 */
/*
* Used for snapshot testing
*
*/
/*
 * Utilities
 */
/*
* Icon component
*
*/
/*
 * Utilities
 */
.dnb-icon {
  display: inline-block;
  vertical-align: middle;
  font-size: 1rem;
  line-height: 1rem;
  color: inherit;
  width: 1em;
  height: 1em;
}
.dnb-icon img, .dnb-core-style .dnb-icon img,
.dnb-icon svg,
.dnb-core-style .dnb-icon svg {
  width: inherit;
  height: inherit;
  shape-rendering: geometricprecision;
  vertical-align: top;
}
.dnb-icon svg[width="100%"] {
  width: inherit;
}
.dnb-icon svg[height="100%"] {
  height: inherit;
}
.dnb-icon--inherit-color svg:not([fill]), .dnb-icon--inherit-color svg [fill] {
  fill: currentcolor;
}
.dnb-icon--inherit-color svg [stroke] {
  stroke: currentcolor;
}
.dnb-icon--small {
  font-size: 0.75rem;
}
.dnb-icon--default {
  font-size: 1rem;
}
.dnb-icon--medium {
  font-size: 1.5rem;
}
.dnb-icon--large {
  font-size: 2rem;
}
.dnb-icon--x-large {
  font-size: 2.5rem;
}
.dnb-icon--xx-large {
  font-size: 3rem;
}
.dnb-icon--custom-size {
  width: auto;
  height: auto;
}
.dnb-icon--auto {
  font-size: 1em;
}
.dnb-icon--auto > .dnb-icon--wrapper {
  display: inline-flex;
  align-items: center;
  justify-content: center;
}
h1 > .dnb-icon, h2 > .dnb-icon, h3 > .dnb-icon, h4 > .dnb-icon, h5 > .dnb-icon, h6 > .dnb-icon {
  vertical-align: middle;
}
p > .dnb-icon {
  vertical-align: inherit;
}
.dnb-icon.dnb-skeleton {
  color: var(--skeleton-color) !important;
}
.dnb-icon.dnb-skeleton::before, .dnb-icon.dnb-skeleton::after {
  content: none !important;
}

/*
* Used for snapshot testing
*
*/
/*
 * Utilities
 */
/*
* Tooltip component
*
*/
/*
 * Utilities
 */
.dnb-tooltip {
  --tooltip-color: white;
  --tooltip-background-color: black;
  --tooltip-border-color: 1px solid black;
  --tooltip-border-radius: 1rem;
  position: absolute;
  z-index: 3100;
  display: flex;
  flex-direction: column;
  justify-content: center;
  align-items: center;
  padding: 0 1rem;
  color: var(--tooltip-color);
  text-align: center;
  background-color: var(--tooltip-background-color);
  border-radius: var(--tooltip-border-radius);
  box-shadow: var(--shadow-default);
  opacity: 0;
  visibility: hidden;
  transition: opacity 200ms var(--easing-default);
}
.dnb-tooltip--large {
  padding: 0.25rem 1rem;
}
.dnb-tooltip--active {
  visibility: visible;
  /*
    because of the first "show" we also use animation
    also, use forwards because of the usage of visibility
  */
  animation: show-tooltip 200ms var(--easing-default) forwards;
}
html[data-visual-test] .dnb-tooltip--active, .dnb-tooltip--active.dnb-tooltip--no-animation {
  animation: show-tooltip 1ms var(--easing-default) forwards;
}
.dnb-tooltip--hide {
  visibility: visible;
  animation: hide-tooltip 200ms var(--easing-default) forwards;
}
.dnb-tooltip--hide.dnb-tooltip--no-animation {
  animation: hide-tooltip 1ms linear forwards;
}
.dnb-tooltip--fixed {
  position: fixed;
}
html[data-visual-test] .dnb-tooltip--hide {
  animation: hide-tooltip 1ms linear 1s forwards;
}
.dnb-tooltip__portal {
  position: absolute;
  top: 0;
  left: 0;
  right: 0;
}
.dnb-tooltip__content {
  min-width: 2rem;
  min-height: 1.5rem;
  padding: 0;
}
.dnb-tooltip__arrow {
  position: absolute;
  pointer-events: none;
  margin: 0;
  width: 1rem;
  height: 0.5rem;
  overflow: hidden;
}
.dnb-tooltip__arrow::before {
  content: "";
  position: absolute;
  bottom: 0;
  left: 0;
  width: 1rem;
  height: 1rem;
  background-color: var(--tooltip-background-color);
  border: var(--tooltip-border-color);
  transform: translateY(70%) rotate(45deg);
}
.dnb-tooltip__arrow__position--bottom {
  top: -0.5rem;
}
.dnb-tooltip__arrow__position--top {
  bottom: -0.5rem;
  transform: rotate(180deg);
}
.dnb-tooltip__arrow__position--left {
  right: -0.75rem;
  margin-right: 3px;
  transform: rotate(90deg);
}
.dnb-tooltip__arrow__position--right {
  left: -0.75rem;
  margin-left: 3px;
  transform: rotate(270deg);
}
.dnb-tooltip__arrow__arrow--left {
  align-self: flex-start;
}
.dnb-tooltip__arrow__arrow--right {
  align-self: flex-end;
}

@keyframes show-tooltip {
  from {
    opacity: 0;
  }
  to {
    opacity: 1;
  }
}
@keyframes hide-tooltip {
  from {
    opacity: 1;
  }
  to {
    opacity: 0;
    visibility: hidden;
  }
}
/*
* Used for snapshot testing
*
*/
/*
 * Utilities
 */
/*
 * FormStatus component
 *
 */
/*
 * Utilities
 */
.dnb-form-status {
  --form-status-radius: 0.25rem;
  display: flex;
  opacity: 1;
}
.dnb-form-status__shell {
  display: flex;
  justify-content: flex-start;
  align-items: flex-start;
  min-width: inherit;
  border-radius: var(--form-status-radius);
}
.dnb-form-status__text {
  padding: 0.625rem 1rem;
  cursor: text;
  color: inherit;
  line-height: var(--line-height-small);
  font-size: var(--font-size-small);
  white-space: normal;
}
button .dnb-form-status__text {
  cursor: inherit;
}
.dnb-form-status__text .dnb-anchor {
  font-size: inherit;
}
.dnb-icon + .dnb-form-status__text {
  padding-left: 0.5rem;
}
.dnb-form-status__shell > .dnb-icon {
  display: flex;
  justify-content: center;
  align-items: center;
  margin: 0.3333333em 0.3333333em 0.3333333em 0.6666666em;
}
.dnb-form-status__size--large .dnb-form-status__text {
  padding-top: 1.125rem;
  padding-bottom: 1.125rem;
}
.dnb-form-status__size--large .dnb-form-status__shell > .dnb-icon {
  margin-top: 0.6666666em;
  margin-bottom: 0.6666666em;
}
.dnb-form-status--stretch {
  flex-grow: 1;
}
.dnb-form-status--stretch .dnb-form-status__shell {
  width: 100%;
}
.dnb-form-status--stretch .dnb-form-status__text {
  max-width: 47rem;
}
.dnb-form-status[hidden] {
  display: none;
}

/*
* Button component
*
*/
/*
 * Utilities
 */
:root {
  --button-icon-size: 1rem;
  --button-height: 2.5rem;
  --button-border-radius: calc(var(--button-height) / 2);
}

.dnb-button {
  --button-font-size: var(--font-size-basis);
  --button-font-size-small: var(--font-size-small);
  --button-width: 2.5rem;
  --button-width--small: 1.5rem;
  --button-height--small: 1.5rem;
  --button-width--medium: 2rem;
  --button-height--medium: 2rem;
  --button-width--large: 3rem;
  --button-height--large: 3rem;
  --button-border-width: 0.0625rem;
  --button-border-width--hover: 0.1875rem;
  --button-border-radius--small: calc(var(--button-height--small) / 2);
  --button-border-radius--medium: calc(var(--button-height--medium) / 2);
  --button-border-radius--large: calc(var(--button-height--large) / 2);
  --button-border-radius--control-button: 0.25rem;
  position: relative;
  user-select: none;
  /* stylelint-disable-next-line */
  -webkit-user-select: none;
  cursor: pointer;
  white-space: nowrap;
  display: inline-flex;
  align-items: center;
  justify-content: center;
  width: var(--button-width);
  height: auto;
  padding: 0;
  border: none;
  border-radius: var(--button-border-radius);
  text-align: left;
  font-size: var(--font-size-small);
  text-decoration: none;
  box-shadow: none;
  /* stylelint-disable-next-line */
}
.dnb-button--wrap {
  overflow-wrap: break-word;
  white-space: normal;
}
.dnb-button, .dnb-core-style .dnb-button {
  line-height: var(--button-height);
}
.dnb-button__text {
  margin: 0.5rem 0;
  font-size: var(--button-font-size);
  line-height: var(--line-height-basis);
  color: inherit;
  transform: translateY(-0.03125rem);
}
.dnb-button__text [data-os=linux] {
  transform: translateY(-0.035rem);
}
.dnb-button__alignment {
  display: inline-block;
  width: 0;
}
.dnb-button__bounding {
  position: absolute;
  top: 0;
  bottom: 0;
  right: 0;
  left: 0;
  transform: scale(1.1, 1.4);
  background-color: transparent;
  border-radius: var(--button-border-radius);
}
.dnb-button--has-text {
  padding-left: 1.5rem;
  padding-right: 1.5rem;
}
.dnb-button--size-small {
  width: var(--button-width--small);
  font-size: var(--button-font-size-small);
  border-radius: var(--button-border-radius--small);
}
.dnb-button--size-small, .dnb-core-style .dnb-button--size-small {
  line-height: var(--button-height--small);
}
.dnb-button--size-small .dnb-button__text {
  margin: 0;
}
.dnb-button--has-text.dnb-button--size-small {
  padding-left: 1rem;
  padding-right: 1rem;
}
.dnb-button--has-text.dnb-button--icon-position-left.dnb-button--size-small {
  padding-left: 0.5rem;
}
.dnb-button--has-text.dnb-button--icon-position-right.dnb-button--size-small {
  padding-right: 0.5rem;
}
.dnb-button--size-medium {
  width: var(--button-width--medium);
  border-radius: var(--button-border-radius--medium);
}
.dnb-button--size-medium, .dnb-core-style .dnb-button--size-medium {
  line-height: var(--button-height--medium);
}
.dnb-button--size-medium .dnb-button__text {
  margin: 0;
}
.dnb-button--has-text.dnb-button--size-medium {
  padding-left: 1rem;
  padding-right: 1rem;
}
.dnb-button--has-text.dnb-button--icon-position-left.dnb-button--size-medium {
  padding-left: 0.5rem;
}
.dnb-button--has-text.dnb-button--icon-position-right.dnb-button--size-medium {
  padding-right: 0.5rem;
}
.dnb-button--control-before.dnb-button--size-medium {
  line-height: var(--button-height);
}
.dnb-button--control-after.dnb-button--size-medium {
  line-height: var(--button-height);
}
.dnb-button--size-large {
  width: var(--button-width--large);
  border-radius: var(--button-border-radius--large);
}
.dnb-button--size-large, .dnb-core-style .dnb-button--size-large {
  line-height: var(--button-height--large);
}
.dnb-button--has-text.dnb-button--size-large {
  padding-left: 2rem;
  padding-right: 2rem;
}
.dnb-button--has-text.dnb-button--icon-position-left.dnb-button--size-large {
  padding-left: 1rem;
}
.dnb-button--has-text.dnb-button--icon-position-right.dnb-button--size-large {
  padding-right: 1rem;
}
.dnb-button--has-text {
  width: auto;
}
.dnb-button--has-text .dnb-button__icon {
  margin: 0 calc(var(--button-icon-size) / 2);
}
.dnb-button--has-text.dnb-button--icon-position-left {
  padding-left: 0.5rem;
}
.dnb-button--has-text.dnb-button--icon-position-right {
  padding-right: 0.5rem;
}
.dnb-button--has-text.dnb-button--has-icon .dnb-button__icon {
  order: 2;
}
.dnb-button--has-text.dnb-button--has-icon .dnb-button__text {
  order: 1;
}
.dnb-button:not(.dnb-button--has-text) .dnb-button__icon {
  width: inherit;
}
.dnb-button__icon.dnb-icon svg:not([width]):not([height]) {
  width: var(--button-icon-size);
  height: var(--button-icon-size);
}
[href] > .dnb-button__icon.dnb-icon {
  line-height: var(--button-font-size);
}
.dnb-button--has-text.dnb-button--has-icon.dnb-button--icon-position-left .dnb-button__icon, .dnb-button--has-text.dnb-button--has-icon.dnb-button--icon-position-top .dnb-button__icon {
  order: 1;
}
.dnb-button--has-text.dnb-button--has-icon.dnb-button--icon-position-left .dnb-button__text, .dnb-button--has-text.dnb-button--has-icon.dnb-button--icon-position-top .dnb-button__text {
  order: 2;
}
.dnb-button--stretch {
  width: 100%;
}
.dnb-button--control-before {
  border-radius: var(--button-border-radius--control-button) 0 0 var(--button-border-radius--control-button);
}
.dnb-button--control-after {
  border-radius: 0 var(--button-border-radius--control-button) var(--button-border-radius--control-button) 0;
}
.dnb-button--reset {
  margin: 0;
  padding: 0;
  width: auto;
  height: auto;
  overflow: visible;
  border: none;
  border-radius: 0;
  background-color: transparent;
  appearance: none;
  box-shadow: none;
  color: inherit;
  font: inherit;
  text-align: inherit;
  line-height: inherit;
}
html:not([data-whatintent=touch]) .dnb-button--reset:hover[disabled] {
  cursor: not-allowed;
}
html:not([data-whatintent=touch]) .dnb-button--reset:hover:not([disabled]) {
  box-shadow: none;
  border: none;
}
.dnb-button--reset:not([disabled]):focus, .dnb-button--reset:not([disabled]):active {
  outline: none;
}
html[data-whatinput=keyboard] .dnb-button--reset:not([disabled]):focus, html[data-whatinput=keyboard] .dnb-button--reset:not([disabled]):active {
  --border-color: var(--focus-ring-color);
  --border-width: var(--focus-ring-width);
  box-shadow: 0 0 0 var(--border-width) var(--border-color);
  border-color: transparent;
}
html[data-whatinput=mouse] .dnb-button--reset:not([disabled]):focus, html[data-whatinput=mouse] .dnb-button--reset:not([disabled]):active {
  box-shadow: none;
  color: inherit;
  border: none;
}
.dnb-button[type=button], .dnb-button[type=reset], .dnb-button[type=submit] {
  appearance: none;
  /* stylelint-disable-next-line */
  -moz-appearance: none;
  /* stylelint-disable-next-line */
  -webkit-appearance: none;
}
.dnb-button[disabled] {
  cursor: not-allowed;
  outline: none;
}
.dnb-form-row--vertical .dnb-form-row__content > .dnb-button {
  align-self: flex-start;
}
.dnb-form-row--horizontal .dnb-form-row__content .dnb-button__text {
  white-space: nowrap;
}
.dnb-button + .dnb-form-status {
  margin-top: 0.5rem;
}

/* Firefox includes a hidden border which messes up button dimensions */
button.dnb-button::-moz-focus-inner {
  border: none;
}

/*
* Used for snapshot testing
*
*/
/*
 * Utilities
 */
/*
 * FormLabel component
 *
 */
/*
 * Utilities
 */
.dnb-form-label {
  display: inline-block;
  width: auto;
  padding: 0;
  text-align: left;
  vertical-align: baseline;
  white-space: pre-wrap;
  word-break: normal;
  font-size: var(--font-size-basis);
  color: inherit;
}
.dnb-form-label--vertical {
  display: block;
  margin-right: 0;
  margin-bottom: 0.5rem;
}
.dnb-form-label[for]:not([disabled]) {
  user-select: none;
}
.dnb-form-label[disabled] {
  cursor: not-allowed;
}

legend.dnb-form-label {
  display: inline-block;
}

/*
* Used for snapshot testing
*
*/
/*
 * Utilities
 */
/*
 * FormStatus component
 *
 */
/*
 * Utilities
 */
.dnb-form-status {
  --form-status-radius: 0.25rem;
  display: flex;
  opacity: 1;
}
.dnb-form-status__shell {
  display: flex;
  justify-content: flex-start;
  align-items: flex-start;
  min-width: inherit;
  border-radius: var(--form-status-radius);
}
.dnb-form-status__text {
  padding: 0.625rem 1rem;
  cursor: text;
  color: inherit;
  line-height: var(--line-height-small);
  font-size: var(--font-size-small);
  white-space: normal;
}
button .dnb-form-status__text {
  cursor: inherit;
}
.dnb-form-status__text .dnb-anchor {
  font-size: inherit;
}
.dnb-icon + .dnb-form-status__text {
  padding-left: 0.5rem;
}
.dnb-form-status__shell > .dnb-icon {
  display: flex;
  justify-content: center;
  align-items: center;
  margin: 0.3333333em 0.3333333em 0.3333333em 0.6666666em;
}
.dnb-form-status__size--large .dnb-form-status__text {
  padding-top: 1.125rem;
  padding-bottom: 1.125rem;
}
.dnb-form-status__size--large .dnb-form-status__shell > .dnb-icon {
  margin-top: 0.6666666em;
  margin-bottom: 0.6666666em;
}
.dnb-form-status--stretch {
  flex-grow: 1;
}
.dnb-form-status--stretch .dnb-form-status__shell {
  width: 100%;
}
.dnb-form-status--stretch .dnb-form-status__text {
  max-width: 47rem;
}
.dnb-form-status[hidden] {
  display: none;
}

/*
* Dropdown component
*
*/
/*
 * Utilities
 */
.dnb-dropdown {
  --dropdown-width: 16rem;
  --dropdown-height: 2rem;
  --dropdown-height--small: 1.5rem;
  --dropdown-height--medium: 2.5rem;
  --dropdown-height--large: 3rem;
  --dropdown-padding-horizontal: 1rem;
  --dropdown-focus-border-width: 0.125rem;
  --dropdown-error-border-width: 0.125rem;
  --dropdown-text-padding: 0.5rem;
  --dropdown-button-padding: 0 1rem;
  --dropdown-border-radius: 0.25rem;
  --dropdown-foreground-color-primary: var(--color-black-55);
  --dropdown-foreground-color-error: var(--color-fire-red);
  --dropdown-background-color-disabled: var(--color-black-3);
  --dropdown-background-color-error-active: var(--color-fire-red-8);
  display: inline-flex;
  align-items: center;
  font-size: var(--font-size-small);
  line-height: var(--dropdown-height);
}
.dnb-dropdown__inner {
  display: inline-flex;
  flex-direction: column;
  margin: 0;
  padding: 0;
  width: auto;
  color: inherit;
}
.dnb-dropdown__shell {
  position: relative;
  width: var(--dropdown-width);
  height: var(--dropdown-height);
  margin: 0;
  padding: 0;
  color: inherit;
}
.dnb-dropdown__row {
  display: inline-flex;
}
.dnb-dropdown--large .dnb-drawer-list__triangle {
  margin-left: calc(var(--dropdown-padding-horizontal) - 0.25rem);
}
.dnb-dropdown--icon-position-left.dnb-dropdown--large .dnb-drawer-list__triangle {
  margin-left: calc(var(--dropdown-padding-horizontal) + 0.25rem);
}
.dnb-dropdown__icon {
  position: relative;
  order: 2;
  display: inline-flex;
  justify-content: center;
  pointer-events: none;
}
.dnb-dropdown__trigger {
  position: relative;
  z-index: 1;
  user-select: none;
  width: 100%;
}
.dnb-dropdown__trigger.dnb-button {
  padding: var(--dropdown-button-padding);
  border-radius: var(--dropdown-border-radius);
}
.dnb-dropdown--is-popup .dnb-dropdown__trigger.dnb-button {
  padding: 0;
  border-radius: 50%;
}
.dnb-dropdown__text {
  order: 1;
  position: relative;
  z-index: 4;
  display: inline-block;
  width: 100%;
  overflow: hidden;
  color: inherit;
  text-align: left;
  text-overflow: ellipsis;
  line-height: inherit;
  font-size: var(--font-size-basis);
}
.dnb-dropdown__text__inner {
  display: inherit;
  overflow: hidden;
  white-space: nowrap;
  text-overflow: inherit;
}
.dnb-dropdown__status--error:not(.dnb-dropdown--opened) .dnb-dropdown__trigger {
  --border-color: var(--dropdown-foreground-color-error);
  --border-width: 0.0625rem;
  box-shadow: 0 0 0 var(--border-width) var(--border-color);
  border-color: transparent;
}
html:not([data-whatintent=touch]) .dnb-dropdown__status--error:not(.dnb-dropdown--opened) .dnb-dropdown__trigger:hover[disabled] {
  cursor: not-allowed;
}
html:not([data-whatintent=touch]) .dnb-dropdown__status--error:not(.dnb-dropdown--opened) .dnb-dropdown__trigger:hover:not([disabled]) {
  color: var(--dropdown-foreground-color-error);
  --border-color: var(--dropdown-foreground-color-error);
  --border-width: var(--dropdown-error-border-width);
  box-shadow: 0 0 0 var(--border-width) var(--border-color);
  border-color: transparent;
}
html:not([data-whatintent=touch]) .dnb-dropdown__status--error:not(.dnb-dropdown--opened) .dnb-dropdown__trigger:hover:not([disabled]) .dnb-dropdown__icon .dnb-icon {
  color: var(--dropdown-foreground-color-error);
}
.dnb-dropdown__status--error:not(.dnb-dropdown--opened) .dnb-dropdown__trigger:active[disabled], html:not([data-whatintent=touch]) .dnb-dropdown__status--error:not(.dnb-dropdown--opened) .dnb-dropdown__trigger:active[disabled] {
  cursor: not-allowed;
}
.dnb-dropdown__status--error:not(.dnb-dropdown--opened) .dnb-dropdown__trigger:active:not([disabled]), html:not([data-whatintent=touch]) .dnb-dropdown__status--error:not(.dnb-dropdown--opened) .dnb-dropdown__trigger:active:not([disabled]) {
  color: var(--dropdown-foreground-color-error);
  background-color: var(--dropdown-background-color-error-active);
}
.dnb-dropdown__status--error:not(.dnb-dropdown--opened) .dnb-dropdown__trigger, .dnb-dropdown__status--error:not(.dnb-dropdown--opened) .dnb-dropdown__icon {
  color: var(--dropdown-foreground-color-error);
}
.dnb-dropdown > .dnb-form-status {
  transform: translateY(-0.4375rem);
}
.dnb-dropdown--icon-position-left .dnb-dropdown__text {
  order: 2;
  padding-right: 0;
  padding-left: var(--dropdown-text-padding);
}
.dnb-dropdown--icon-position-left .dnb-dropdown__icon {
  order: 1;
}
.dnb-dropdown--icon-position-right .dnb-dropdown__text {
  padding-right: var(--dropdown-text-padding);
}
.dnb-dropdown--independent-width .dnb-dropdown__shell {
  width: auto;
}
@media screen and (max-width: 40em) {
  .dnb-dropdown--action-menu .dnb-dropdown__trigger.dnb-button {
    padding-left: 0.5rem;
    padding-right: 0.5rem;
    border-radius: 50%;
  }
}
@media screen and (min-width: 40em) {
  .dnb-dropdown--action-menu .dnb-dropdown__shell .dnb-dropdown__text {
    padding: 0 0.5rem;
  }
}
@media screen and (max-width: 40em) {
  .dnb-dropdown--action-menu .dnb-dropdown__shell .dnb-dropdown__text {
    width: 0;
    padding: 0;
  }
}
.dnb-dropdown--icon-position-left .dnb-button--tertiary ~ .dnb-drawer-list__root--portal {
  left: -0.5rem;
}
.dnb-dropdown--icon-position-right .dnb-button--tertiary ~ .dnb-drawer-list__root--portal {
  left: 0.5rem;
}
.dnb-dropdown .dnb-button--tertiary.dnb-button--active {
  box-shadow: none;
}
.dnb-dropdown .dnb-button--tertiary .dnb-button__text {
  margin: 0 0.5rem;
}
.dnb-dropdown .dnb-button--tertiary .dnb-button__text::after {
  bottom: 0;
}
.dnb-dropdown--icon-position-left .dnb-button--tertiary .dnb-dropdown__text, .dnb-dropdown--icon-position-right .dnb-button--tertiary .dnb-dropdown__text {
  padding: 0;
}
.dnb-dropdown .dnb-button--tertiary:focus::before {
  left: 0 !important;
  right: 0 !important;
}
.dnb-dropdown--default.dnb-dropdown--is-popup .dnb-dropdown__shell, .dnb-dropdown--is-popup .dnb-dropdown__trigger {
  padding: 0;
  width: var(--dropdown-height);
  height: var(--dropdown-height);
}
.dnb-dropdown--is-popup .dnb-dropdown__icon {
  width: 100%;
}
.dnb-dropdown--is-popup.dnb-dropdown--scroll .dnb-dropdown__options {
  min-height: 1rem;
}
.dnb-dropdown--is-popup .dnb-drawer-list__root {
  width: var(--dropdown-width);
}
.dnb-dropdown--small.dnb-dropdown--is-popup .dnb-dropdown__shell, .dnb-dropdown--small.dnb-dropdown--is-popup .dnb-dropdown__trigger {
  width: var(--dropdown-height--small);
}
.dnb-dropdown--medium.dnb-dropdown--is-popup .dnb-dropdown__shell, .dnb-dropdown--medium.dnb-dropdown--is-popup .dnb-dropdown__trigger {
  width: var(--dropdown-height--medium);
}
.dnb-dropdown--large.dnb-dropdown--is-popup .dnb-dropdown__shell, .dnb-dropdown--large.dnb-dropdown--is-popup .dnb-dropdown__trigger {
  width: var(--dropdown-height--large);
}
.dnb-dropdown--small .dnb-dropdown__shell, .dnb-dropdown--small .dnb-dropdown__trigger {
  height: var(--dropdown-height--small);
}
.dnb-dropdown--small, .dnb-dropdown--small .dnb-dropdown__trigger.dnb-button {
  line-height: var(--dropdown-height--small);
}
.dnb-dropdown--medium .dnb-dropdown__shell, .dnb-dropdown--medium .dnb-dropdown__trigger {
  height: var(--dropdown-height--medium);
}
.dnb-dropdown--medium, .dnb-dropdown--medium .dnb-dropdown__trigger.dnb-button {
  line-height: var(--dropdown-height--medium);
}
.dnb-dropdown--large .dnb-dropdown__shell, .dnb-dropdown--large .dnb-dropdown__trigger {
  height: var(--dropdown-height--large);
}
.dnb-dropdown--large, .dnb-dropdown--large .dnb-dropdown__trigger.dnb-button {
  line-height: var(--dropdown-height--large);
}
.dnb-dropdown--large .dnb-dropdown__trigger.dnb-button .dnb-dropdown__text {
  line-height: var(--line-height-basis);
}
.dnb-dropdown > .dnb-form-label {
  margin-right: 1rem;
  line-height: var(--line-height-basis);
}
@media screen and (max-width: 40em) {
  .dnb-dropdown {
    flex-wrap: wrap;
  }
  .dnb-dropdown > .dnb-form-label {
    margin-bottom: 0.5rem;
    margin-top: 0.5rem;
  }
}
.dnb-dropdown--stretch {
  display: flex;
  flex-grow: 1;
}
.dnb-dropdown--stretch .dnb-dropdown__inner {
  flex-grow: 1;
}
.dnb-dropdown--stretch .dnb-dropdown__row, .dnb-dropdown--stretch .dnb-dropdown__inner, .dnb-dropdown--stretch .dnb-dropdown__shell {
  width: 100%;
}
.dnb-dropdown--stretch .dnb-form-label + .dnb-dropdown__inner {
  width: auto;
}
.dnb-dropdown--vertical.dnb-dropdown--stretch .dnb-dropdown__inner {
  width: 100%;
}
.dnb-form-row--horizontal .dnb-dropdown--stretch {
  width: 100%;
}
label + .dnb-dropdown[class*=__form-status] {
  vertical-align: top;
}
label + .dnb-dropdown[class*=__form-status] .dnb-dropdown__shell {
  top: -0.375rem;
}
.dnb-dropdown__inner > .dnb-form-status {
  order: 2;
  margin-top: 0.5rem;
}
.dnb-dropdown--vertical {
  display: flex;
  flex-direction: column;
  align-items: flex-start;
}
.dnb-dropdown:not(.dnb-dropdown--vertical)[class*=__status] {
  align-items: flex-start;
}
.dnb-dropdown:not(.dnb-dropdown--vertical)[class*=__status] > .dnb-form-label {
  margin-top: 0.25rem;
}
@media screen and (max-width: 40em) {
  .dnb-responsive-component .dnb-dropdown {
    display: flex;
    flex-direction: column;
    align-items: flex-start;
    margin-bottom: 0.5rem;
  }
  .dnb-responsive-component .dnb-dropdown > .dnb-form-label {
    margin-bottom: 0.5rem;
  }
  .dnb-responsive-component .dnb-dropdown__helper {
    display: none;
  }
}"
`;

exports[`Dropdown scss have to match default theme snapshot 1`] = `
"/*
* Dropdown theme
*
*/
/*
 * Utilities
 */
.dnb-dropdown {
  --dropdown-error-border-width: 0.125rem;
  --dropdown-button-padding: 0 1rem;
  --dropdown-foreground-color-primary: var(--color-black-55);
  --dropdown-foreground-color-error: var(--color-fire-red);
  --dropdown-background-color-disabled: var(--color-black-3);
  --dropdown-background-color-error-active: var(--color-fire-red-8);
}
html:not([data-whatintent=touch]) .dnb-dropdown__trigger:hover[disabled] {
  cursor: not-allowed;
}
html:not([data-whatintent=touch]) .dnb-dropdown__trigger:hover:not([disabled]) {
  color: var(--color-emerald-green);
}
.dnb-dropdown__trigger[disabled] {
  color: var(--dropdown-foreground-color-primary);
  background-color: var(--dropdown-background-color-disabled);
}
.dnb-dropdown__trigger[disabled]:not(.dnb-button--tertiary) {
  --border-color: var(--dropdown-foreground-color-primary);
  --border-width: 0.0625rem;
  box-shadow: 0 0 0 var(--border-width) var(--border-color);
  border-color: transparent;
}"
`;
