// Jest Snapshot v1, https://goo.gl/fbAQLP

exports[`Anchor element have to match default Anchor element snapshot 1`] = `
<ForwardRef
  className="className"
  element="a"
  href="href"
  inner_ref={null}
  omitClass={true}
  skeleton="skeleton"
  target="target"
  target_blank_title="target_blank_title"
  to="to"
  tooltip={[Function]}
>
  <AnchorInstance
    className="className"
    element="a"
    href="href"
    inner_ref={null}
    omitClass={true}
    skeleton="skeleton"
    target="target"
    target_blank_title="target_blank_title"
    to="to"
    tooltip={[Function]}
  >
    <ForwardRef
      class={null}
      className="className"
      css={null}
      href="href"
      inner_ref={
        Object {
          "current": <a
            class="className dnb-a"
            href="href"
            target="target"
            to="to"
          >
            text
          </a>,
        }
      }
      internalClass={null}
      is="a"
      skeleton="skeleton"
      skeleton_method="font"
      target="target"
      target_blank_title="target_blank_title"
      to="to"
    >
      <ElementInstance
        class={null}
        className="className"
        css={null}
        href="href"
        inner_ref={
          Object {
            "current": <a
              class="className dnb-a"
              href="href"
              target="target"
              to="to"
            >
              text
            </a>,
          }
        }
        internalClass={null}
        is="a"
        skeleton="skeleton"
        skeleton_method="font"
        target="target"
        target_blank_title="target_blank_title"
        to="to"
      >
        <a
          className="className dnb-a"
          href="href"
          target="target"
          to="to"
        >
          text
        </a>
      </ElementInstance>
    </ForwardRef>
  </AnchorInstance>
</ForwardRef>
`;
