// Jest Snapshot v1, https://goo.gl/fbAQLP

exports[`P element have to match default P element snapshot 1`] = `
<P
  bold={true}
  className="className"
  element="p"
  medium={true}
  modifier="modifier"
  size="x-small"
  small={true}
>
  <ForwardRef
    as="p"
    className="dnb-p  dnb-p--modifier dnb-p--medium className dnb-p__size--x-small"
  >
    <ElementInstance
      as="p"
      className="dnb-p  dnb-p--modifier dnb-p--medium className dnb-p__size--x-small"
      innerRef={null}
    >
      <p
        className="dnb-p  dnb-p--modifier dnb-p--medium className dnb-p__size--x-small"
      >
        children
      </p>
    </ElementInstance>
  </ForwardRef>
</P>
`;
