// Jest Snapshot v1, https://goo.gl/fbAQLP

exports[`NumberFormat component have to match default number-format snapshot 1`] = `
<Component
  element="span"
  locale="nb-NO"
  value={12345678.9876}
>
  <NumberFormat
    ban={null}
    class={null}
    className={null}
    clean={null}
    copy_selection={true}
    currency={null}
    currency_display={null}
    currency_position={null}
    decimals={null}
    element="span"
    id="unique"
    link={null}
    locale="nb-NO"
    nin={null}
    omit_rounding={null}
    options={null}
    org={null}
    phone={null}
    prefix={null}
    selectall={true}
    suffix={null}
    value={12345678.9876}
  >
    <span
      className="dnb-number-format dnb-number-format--selectall"
      lang="nb-NO"
      role="text"
    >
      <span
        aria-describedby="unique"
        aria-hidden={true}
        className="dnb-number-format__visible"
        onClick={[Function]}
        onContextMenu={[Function]}
      >
        12 345 678,9876
      </span>
      <span
        className="dnb-number-format__sr-only dnb-sr-only--inline"
        id="unique"
      >
        12 345 678,9876
      </span>
      <span
        aria-hidden={true}
        className="dnb-number-format__selection dnb-no-focus"
        onBlur={[Function]}
        onCopy={[Function]}
        tabIndex={-1}
      >
        12345678,9876
      </span>
    </span>
  </NumberFormat>
</Component>
`;

exports[`NumberFormat scss have to match snapshot 1`] = `
"/*
* DNB NumberFormat
*
*/
/**
 * This file is only used to make components independent
 * so that they can get imported individually, without the core styles
 *
 */
/*
 * Utilities
 */
/*
 * Scopes
 *
 */
/*
 * Document Reset
 *
 */
.dnb-suffix {
  padding-left: 0.5rem;
  font-size: var(--font-size-basis);
  line-height: var(--line-height-basis);
  word-break: normal; }

/*
 * NumberFormat Component
 *
 */
/*
 * Anchor mixins
 *
 */
.dnb-number-format {
  position: relative;
  speak-as: numbers;
  color: inherit;
  white-space: nowrap; }
  .dnb-number-format__prefix, .dnb-number-format__suffix {
    white-space: normal; }
  .dnb-number-format.dnb-anchor {
    cursor: pointer; }
  .dnb-number-format__fx {
    pointer-events: none;
    position: fixed;
    z-index: 3300;
    border-radius: 0.25rem;
    background-color: var(--color-mint-green);
    color: var(--color-black);
    font-size: var(--font-size-basis);
    animation: number-fx-scale-out 2s cubic-bezier(0.04, 0.65, 0.55, 0.95) 1 forwards; }
    .dnb-number-format__fx__selection {
      display: inline-block;
      width: 0;
      height: 0;
      font-size: 0;
      line-height: 0; }
  .dnb-number-format--selectall {
    cursor: text; }
  .dnb-number-format__visible {
    position: relative;
    z-index: 2; }
  .dnb-number-format--selected .dnb-number-format__visible {
    color: var(--color-black);
    background-color: var(--color-mint-green); }
  .dnb-number-format__selection {
    position: absolute;
    z-index: 1;
    top: 0;
    left: 0;
    opacity: 0;
    user-select: none; }
  .dnb-number-format--selected .dnb-number-format__selection {
    z-index: 3;
    user-select: all; }
  .dnb-number-format.dnb-skeleton,
  .dnb-skeleton .dnb-number-format {
    -webkit-text-fill-color: var(--skeleton-color); }

@keyframes number-fx-scale-out {
  0% {
    opacity: 1; }
  90% {
    opacity: 0; }
  100% {
    opacity: 0;
    transform: scale(5); } }
"
`;
