// Jest Snapshot v1, https://goo.gl/fbAQLP

exports[`GlobalStatus scss have to match default theme snapshot 1`] = `
"/*
 * GlobalStatus theme
 *
 */
/**
 * This file is only used to make themes independent
 * so that they can get imported individually, without the core styles
 *
 */
/*
 * Utilities
 */
.dnb-global-status:not(.dnb-global-status--no-animation).dnb-global-status--fade-in.dnb-global-status.dnb-section::after {
  box-shadow: 100vw 0 0 0 currentColor, 0 0.0625rem 0 0 var(--color-black-80), 100vw 0.0625rem 0 0 var(--color-black-80); }

.dnb-global-status__title.dnb-p {
  font-weight: var(--font-weight-medium); }

.dnb-global-status__icon {
  font-size: 1rem; }

.dnb-global-status--error .dnb-global-status__title {
  color: var(--color-white); }

.dnb-global-status__message {
  color: var(--color-black-80); }
  .dnb-global-status__message .dnb-p {
    font-weight: var(--font-weight-medium); }
  .dnb-global-status__message.dnb-section--white ::selection {
    background-color: var(--color-mint-green); }

.dnb-global-status--error .dnb-global-status__close-button,
.dnb-global-status--error .dnb-global-status__close-button.dnb-button--tertiary {
  color: var(--color-white); }
  html:not([data-is-touch]) .dnb-global-status--error .dnb-global-status__close-button:hover[disabled], html:not([data-is-touch])
  .dnb-global-status--error .dnb-global-status__close-button.dnb-button--tertiary:hover[disabled] {
    cursor: not-allowed; }
  html:not([data-is-touch]) .dnb-global-status--error .dnb-global-status__close-button:hover:not([disabled]) .dnb-button__text, html:not([data-is-touch])
  .dnb-global-status--error .dnb-global-status__close-button.dnb-button--tertiary:hover:not([disabled]) .dnb-button__text {
    color: inherit; }
    html:not([data-is-touch]) .dnb-global-status--error .dnb-global-status__close-button:hover:not([disabled]) .dnb-button__text::after, html:not([data-is-touch])
    .dnb-global-status--error .dnb-global-status__close-button.dnb-button--tertiary:hover:not([disabled]) .dnb-button__text::after {
      color: inherit; }
  .dnb-global-status--error .dnb-global-status__close-button:not([disabled]):focus::before,
  .dnb-global-status--error .dnb-global-status__close-button.dnb-button--tertiary:not([disabled]):focus::before {
    outline: none; }
    html[data-whatinput='keyboard'] .dnb-global-status--error .dnb-global-status__close-button:not([disabled]):focus::before, html[data-whatinput='keyboard']
    .dnb-global-status--error .dnb-global-status__close-button.dnb-button--tertiary:not([disabled]):focus::before {
      box-shadow: 0 0 0 0.125rem var(--color-white);
      /* IE11 fix */
      border-color: transparent; }
  .dnb-global-status--error .dnb-global-status__close-button:not([disabled]):active::before,
  .dnb-global-status--error .dnb-global-status__close-button.dnb-button--tertiary:not([disabled]):active::before {
    outline: none; }
    html[data-whatinput='mouse'] .dnb-global-status--error .dnb-global-status__close-button:not([disabled]):active::before, html[data-whatinput='mouse']
    .dnb-global-status--error .dnb-global-status__close-button.dnb-button--tertiary:not([disabled]):active::before {
      box-shadow: 0 0 0 0.125rem var(--color-white);
      /* IE11 fix */
      border-color: transparent; }
"
`;

exports[`GlobalStatus scss have to match snapshot 1`] = `
"/*
* DNB GlobalStatus
*
*/
/**
 * This file is only used to make components independent
 * so that they can get imported individually, without the core styles
 *
 */
/*
 * Utilities
 */
/*
 * Scopes
 *
 */
/*
 * Document Reset
 *
 */
/*
* DNB Button
*
*/
/*
* DNB icon
*
*/
/*
* Icon component
*
*/
.dnb-icon {
  display: inline-block;
  font-size: 1rem;
  line-height: 1rem;
  color: inherit;
  width: 1em;
  height: 1em; }
  .dnb-icon img,
  .dnb-icon svg {
    width: inherit;
    height: inherit;
    shape-rendering: geometricPrecision;
    vertical-align: top; }
  .dnb-icon svg[width='100%'] {
    width: inherit; }
  .dnb-icon svg[height='100%'] {
    height: inherit; }
  .dnb-icon svg:not([fill]),
  .dnb-icon svg [fill] {
    fill: currentColor; }
  .dnb-icon svg [stroke] {
    stroke: currentColor; }
  .dnb-icon--small {
    font-size: 0.75rem; }
  .dnb-icon--default {
    font-size: 1rem; }
  .dnb-icon--medium {
    font-size: 1.5rem; }
  .dnb-icon--large {
    font-size: 2rem; }
  .dnb-icon--x-large {
    font-size: 2.5rem; }
  .dnb-icon--xx-large {
    font-size: 3rem; }
  .dnb-icon--custom-size {
    width: auto;
    height: auto; }
  .dnb-icon--auto {
    font-size: 1em; }
  .dnb-icon--auto > .dnb-icon--wrapper {
    display: inline-flex;
    align-items: center;
    justify-content: center; }
  h1 .dnb-icon,
  h2 .dnb-icon,
  h3 .dnb-icon,
  h4 .dnb-icon,
  h5 .dnb-icon,
  h6 .dnb-icon {
    vertical-align: middle; }
  @media screen and (-ms-high-contrast: none) {
    .dnb-icon {
      flex: none; } }

.dnb-button {
  font-family: var(--font-family-default);
  font-weight: var(--font-weight-default);
  font-size: var(--font-size-small);
  font-style: normal;
  line-height: var(--line-height-basis);
  color: var(--color-black-80, #333);
  -moz-osx-font-smoothing: grayscale;
  -webkit-font-smoothing: antialiased;
  -webkit-tap-highlight-color: rgba(0, 0, 0, 0);
  /**
  * 1. Remove repeating backgrounds in all browsers (opinionated).
  * 2. Add border box sizing in all browsers (opinionated).
  */
  /**
  * 1. Add text decoration inheritance in all browsers (opinionated).
  * 2. Add vertical alignment inheritance in all browsers (opinionated).
  */
  margin: 0;
  padding: 0; }
  .dnb-button *,
  .dnb-button ::before,
  .dnb-button ::after {
    background-repeat: no-repeat;
    /* 1 */
    box-sizing: border-box;
    /* 2 */ }
  .dnb-button ::before,
  .dnb-button ::after {
    text-decoration: inherit;
    /* 1 */
    vertical-align: inherit;
    /* 2 */ }

/*
* Button component
*
*/
:root {
  --button-font-size: var(--font-size-basis);
  --button-font-size-small: var(--font-size-small);
  --button-width: 2.5rem;
  --button-height: 2.5rem;
  --button-width--small: 1.5rem;
  --button-height--small: 1.5rem;
  --button-width--medium: 2rem;
  --button-height--medium: 2rem;
  --button-width--large: 3rem;
  --button-height--large: 3rem;
  --button-icon-size: 1rem;
  --button-border-width: 0.0625rem;
  --button-border-width--hover: 0.1875rem;
  --button-border-radius: calc(var(--button-height) / 2);
  --button-border-radius--small: calc(var(--button-height--small) / 2);
  --button-border-radius--medium: calc(var(--button-height--medium) / 2);
  --button-border-radius--large: calc(var(--button-height--large) / 2); }

.dnb-button {
  user-select: none;
  -webkit-user-select: none;
  cursor: pointer;
  white-space: nowrap;
  display: inline-flex;
  align-items: center;
  justify-content: center;
  width: var(--button-width);
  height: var(--button-height);
  padding: 0;
  border: var(--button-border-width) solid transparent;
  border-radius: var(--button-border-radius);
  text-decoration: none;
  font-size: var(--font-size-small); }
  .dnb-button,
  .dnb-core-style .dnb-button {
    line-height: var(--button-height); }
  .dnb-button__icon.dnb-icon svg:not([width]):not([height]) {
    width: var(--button-icon-size);
    height: var(--button-icon-size); }
  .dnb-button__text {
    font-size: var(--button-font-size);
    line-height: var(--line-height-x-small--em);
    color: inherit;
    background-color: inherit; }
  .dnb-button__bounding {
    position: absolute;
    background-color: transparent;
    width: var(--button-width);
    height: var(--button-height);
    border-radius: var(--button-border-radius);
    transform: scale(1.2); }
  .dnb-button--size-small {
    width: var(--button-width--small);
    height: var(--button-height--small);
    font-size: var(--button-font-size-small);
    border-radius: var(--button-border-radius--small); }
    .dnb-button--size-small,
    .dnb-core-style .dnb-button--size-small {
      line-height: var(--button-height--small); }
  .dnb-button--has-text.dnb-button--size-small {
    padding-left: 1rem;
    padding-right: 1rem; }
  .dnb-button--has-text.dnb-button--icon-position-left.dnb-button--size-small {
    padding-left: 0.5rem; }
  .dnb-button--has-text.dnb-button--icon-position-right.dnb-button--size-small {
    padding-right: 0.5rem; }
  .dnb-button--size-medium {
    width: var(--button-width--medium);
    height: var(--button-height--medium);
    border-radius: var(--button-border-radius--medium); }
    .dnb-button--size-medium,
    .dnb-core-style .dnb-button--size-medium {
      line-height: var(--button-height--medium); }
  .dnb-button--has-text.dnb-button--size-medium {
    padding-left: 1rem;
    padding-right: 1rem; }
  .dnb-button--has-text.dnb-button--icon-position-left.dnb-button--size-medium {
    padding-left: 0.5rem; }
  .dnb-button--has-text.dnb-button--icon-position-right.dnb-button--size-medium {
    padding-right: 0.5rem; }
  .dnb-button--size-large {
    width: var(--button-width--large);
    height: var(--button-height--large);
    border-radius: var(--button-border-radius--large); }
    .dnb-button--size-large,
    .dnb-core-style .dnb-button--size-large {
      line-height: var(--button-height--large); }
  .dnb-button--has-text.dnb-button--size-large {
    padding-left: 2rem;
    padding-right: 2rem; }
  .dnb-button--has-text.dnb-button--icon-position-left.dnb-button--size-large {
    padding-left: 1rem; }
  .dnb-button--has-text.dnb-button--icon-position-right.dnb-button--size-large {
    padding-right: 1rem; }
  .dnb-button--has-text {
    padding-left: 1.5rem;
    padding-right: 1.5rem;
    width: auto; }
  .dnb-button--has-text .dnb-button__icon {
    margin: 0 calc(var(--button-icon-size) / 2); }
  .dnb-button--has-text.dnb-button--icon-position-left {
    padding-left: 0.5rem; }
  .dnb-button--has-text.dnb-button--icon-position-right {
    padding-right: 0.5rem; }
  .dnb-button--has-text.dnb-button--has-icon .dnb-button__icon {
    order: 2; }
  .dnb-button--has-text.dnb-button--has-icon .dnb-button__text {
    order: 1; }
  .dnb-button--has-text.dnb-button--has-icon.dnb-button--icon-position-left .dnb-button__icon {
    order: 1; }
  .dnb-button--has-text.dnb-button--has-icon.dnb-button--icon-position-left .dnb-button__text {
    order: 2; }
  .dnb-button--reset {
    margin: 0;
    padding: 0;
    width: auto;
    height: auto;
    overflow: visible;
    border: none;
    border-radius: 0;
    background-color: transparent;
    appearance: none;
    box-shadow: none;
    color: inherit;
    font: inherit;
    text-align: inherit;
    line-height: inherit; }
    html:not([data-is-touch]) .dnb-button--reset:hover[disabled] {
      cursor: not-allowed; }
    html:not([data-is-touch]) .dnb-button--reset:hover:not([disabled]) {
      box-shadow: none;
      border: none; }
    .dnb-button--reset:not([disabled]):focus, .dnb-button--reset:not([disabled]):active {
      outline: none; }
      html[data-whatinput='keyboard'] .dnb-button--reset:not([disabled]):focus, html[data-whatinput='keyboard'] .dnb-button--reset:not([disabled]):active {
        box-shadow: 0 0 0 0.125rem var(--color-emerald-green);
        /* IE11 fix */
        border-color: transparent; }
    html[data-whatinput='mouse'] .dnb-button--reset:not([disabled]):focus,
    html[data-whatinput='mouse'] .dnb-button--reset:not([disabled]):active {
      box-shadow: none;
      color: inherit;
      border: none; }
  .dnb-button[type='button'], .dnb-button[type='reset'], .dnb-button[type='submit'] {
    appearance: none;
    -moz-appearance: none;
    -webkit-appearance: none; }
  .dnb-button[disabled] {
    cursor: not-allowed; }
  .dnb-form-row--vertical .dnb-form-row__content > .dnb-button {
    align-self: flex-start; }
  @media screen and (-ms-high-contrast: none) {
    .dnb-button {
      flex: none; }
      .dnb-button__icon, .dnb-button__text {
        transform: translateY(-0.0625rem) !important; } }

/* Firefox includes a hidden border which messes up button dimensions */
button.dnb-button::-moz-focus-inner {
  border: none; }

/*
* DNB Section
*
*/
.dnb-section {
  font-family: var(--font-family-default);
  font-weight: var(--font-weight-default);
  font-size: var(--font-size-small);
  font-style: normal;
  line-height: var(--line-height-basis);
  color: var(--color-black-80, #333);
  -moz-osx-font-smoothing: grayscale;
  -webkit-font-smoothing: antialiased;
  -webkit-tap-highlight-color: rgba(0, 0, 0, 0);
  /**
  * 1. Remove repeating backgrounds in all browsers (opinionated).
  * 2. Add border box sizing in all browsers (opinionated).
  */
  /**
  * 1. Add text decoration inheritance in all browsers (opinionated).
  * 2. Add vertical alignment inheritance in all browsers (opinionated).
  */
  margin: 0;
  padding: 0; }
  .dnb-section *,
  .dnb-section ::before,
  .dnb-section ::after {
    background-repeat: no-repeat;
    /* 1 */
    box-sizing: border-box;
    /* 2 */ }
  .dnb-section ::before,
  .dnb-section ::after {
    text-decoration: inherit;
    /* 1 */
    vertical-align: inherit;
    /* 2 */ }

/*
 * Section component
 *
 */
.dnb-section {
  position: relative; }
  .dnb-section::after {
    content: '';
    position: absolute;
    z-index: -3;
    left: -100vw;
    top: 0;
    width: 100vw;
    height: 100%;
    color: var(--color-mint-green-12);
    background-color: currentColor;
    box-shadow: 10px 0 0 0 currentColor, 100vw 0 0 0 currentColor; }
  .dnb-section > .dnb-section::after {
    z-index: -2; }
  .dnb-section > .dnb-section > .dnb-section::after {
    z-index: -1; }
  .dnb-section--spacing-small {
    padding-top: var(--spacing-small);
    padding-bottom: var(--spacing-small); }
  .dnb-section--spacing-medium {
    padding-top: var(--spacing-medium);
    padding-bottom: var(--spacing-medium); }
  .dnb-section--spacing, .dnb-section--spacing-default, .dnb-section--spacing-large {
    padding-top: var(--spacing-large);
    padding-bottom: var(--spacing-large); }
  .dnb-section--spacing-x-large {
    padding-top: var(--spacing-x-large);
    padding-bottom: var(--spacing-xx-large); }
  .dnb-section--spacing-xx-large {
    padding-top: var(--spacing-xx-large);
    padding-bottom: calc(var(--spacing-xx-large) + var(--spacing-small)); }

.dnb-global-status {
  font-family: var(--font-family-default);
  font-weight: var(--font-weight-default);
  font-size: var(--font-size-small);
  font-style: normal;
  line-height: var(--line-height-basis);
  color: var(--color-black-80, #333);
  -moz-osx-font-smoothing: grayscale;
  -webkit-font-smoothing: antialiased;
  -webkit-tap-highlight-color: rgba(0, 0, 0, 0);
  /**
  * 1. Remove repeating backgrounds in all browsers (opinionated).
  * 2. Add border box sizing in all browsers (opinionated).
  */
  /**
  * 1. Add text decoration inheritance in all browsers (opinionated).
  * 2. Add vertical alignment inheritance in all browsers (opinionated).
  */
  margin: 0;
  padding: 0; }
  .dnb-global-status *,
  .dnb-global-status ::before,
  .dnb-global-status ::after {
    background-repeat: no-repeat;
    /* 1 */
    box-sizing: border-box;
    /* 2 */ }
  .dnb-global-status ::before,
  .dnb-global-status ::after {
    text-decoration: inherit;
    /* 1 */
    vertical-align: inherit;
    /* 2 */ }

/*
 * GlobalStatus component
 *
 */
@keyframes global-status-fade-in {
  to {
    opacity: 1;
    transform: translate3d(0, 0, 0); } }

@keyframes global-status-fade-out {
  from {
    opacity: 1;
    transform: translate3d(0, 0, 0); }
  to {
    opacity: 0;
    transform: translate3d(0, -2rem, 0); } }

.dnb-global-status {
  /* for small screesn */ }
  .dnb-global-status__wrapper {
    position: relative;
    z-index: 1; }
  .dnb-global-status, .dnb-global-status--no-animation.dnb-global-status--visible {
    display: flex; }
  .dnb-global-status--no-animation.dnb-global-status--hidden {
    display: none; }
  .dnb-global-status__shell {
    width: 100%; }
  .dnb-global-status__title {
    position: relative;
    cursor: text; }
    .dnb-global-status__title.dnb-p {
      font-size: var(--font-size-medium);
      line-height: var(--line-height-medium);
      padding: 1rem 6rem 1rem 3rem;
      padding-top: calc(1rem - 0.125rem);
      padding-bottom: calc(1rem - 0.375rem); }
    .dnb-spacing .dnb-global-status__title.dnb-p {
      margin: 0; }
  .dnb-global-status__icon {
    position: absolute;
    top: 0;
    left: 0;
    margin-top: 0.75rem; }
  .dnb-global-status__close-button, .dnb-global-status__close-button.dnb-button--tertiary {
    position: absolute;
    z-index: 1;
    top: -0.125rem;
    right: 1rem;
    left: auto;
    margin-top: 1rem; }
  .dnb-modal__content__inner .dnb-global-status__close-button {
    right: 0; }
  .dnb-global-status__message {
    cursor: text;
    z-index: 1;
    padding: 2rem 0 2.5rem; }
    .dnb-global-status__message > .dnb-p,
    .dnb-spacing .dnb-global-status__message .dnb-p {
      margin: 0;
      padding: 0; }
  .dnb-global-status__content {
    width: 100%;
    transform: translate3d(0, -1px, 0); }
    .dnb-global-status__content .dnb-ul,
    .dnb-spacing .dnb-global-status__content .dnb-ul {
      margin: 0;
      margin-top: 0.5rem;
      padding-left: 1rem; }
      .dnb-global-status__content .dnb-ul > li,
      .dnb-spacing .dnb-global-status__content .dnb-ul > li {
        margin: 0;
        padding-left: 0; }
        .dnb-global-status__content .dnb-ul > li .dnb-anchor:last-of-type,
        .dnb-spacing .dnb-global-status__content .dnb-ul > li .dnb-anchor:last-of-type {
          margin-left: 0.5rem; }
  .dnb-global-status:not(.dnb-global-status--no-animation).dnb-global-status--fade-in .dnb-global-status__title {
    transform: translate3d(0, -2rem, 0);
    opacity: 0;
    animation-name: global-status-fade-in;
    animation-duration: 800ms;
    animation-fill-mode: forwards;
    animation-timing-function: ease;
    animation-delay: calc(30ms + 100ms); }
  .dnb-global-status:not(.dnb-global-status--no-animation).dnb-global-status--fade-in .dnb-global-status__message {
    transform: translate3d(0, -2rem, 0);
    opacity: 0;
    animation-name: global-status-fade-in;
    animation-duration: 800ms;
    animation-fill-mode: forwards;
    animation-timing-function: ease;
    animation-delay: calc(100ms + 100ms); }
  .dnb-global-status:not(.dnb-global-status--no-animation).dnb-global-status--fade-in .dnb-global-status__message .dnb-ul {
    /* stylelint-disable */
    /* stylelint-enable */ }
    .dnb-global-status:not(.dnb-global-status--no-animation).dnb-global-status--fade-in .dnb-global-status__message .dnb-ul > li:nth-of-type(1) {
      transform: translate3d(0, -2rem, 0);
      opacity: 0;
      animation-name: global-status-fade-in;
      animation-duration: 800ms;
      animation-fill-mode: forwards;
      animation-timing-function: ease;
      animation-delay: calc(100ms + 100ms); }
    .dnb-global-status:not(.dnb-global-status--no-animation).dnb-global-status--fade-in .dnb-global-status__message .dnb-ul > li:nth-of-type(2) {
      transform: translate3d(0, -2rem, 0);
      opacity: 0;
      animation-name: global-status-fade-in;
      animation-duration: 800ms;
      animation-fill-mode: forwards;
      animation-timing-function: ease;
      animation-delay: calc(200ms + 100ms); }
    .dnb-global-status:not(.dnb-global-status--no-animation).dnb-global-status--fade-in .dnb-global-status__message .dnb-ul > li:nth-of-type(3) {
      transform: translate3d(0, -2rem, 0);
      opacity: 0;
      animation-name: global-status-fade-in;
      animation-duration: 800ms;
      animation-fill-mode: forwards;
      animation-timing-function: ease;
      animation-delay: calc(300ms + 100ms); }
    .dnb-global-status:not(.dnb-global-status--no-animation).dnb-global-status--fade-in .dnb-global-status__message .dnb-ul > li:nth-of-type(1n + 4) {
      transform: translate3d(0, -2rem, 0);
      opacity: 0;
      animation-name: global-status-fade-in;
      animation-duration: 800ms;
      animation-fill-mode: forwards;
      animation-timing-function: ease;
      animation-delay: calc(400ms + 100ms); }
  .dnb-global-status:not(.dnb-global-status--no-animation).dnb-global-status--fade-out .dnb-global-status__title {
    animation-name: global-status-fade-out;
    animation-duration: 800ms;
    animation-fill-mode: forwards;
    animation-timing-function: ease;
    animation-delay: 50ms; }
  .dnb-global-status:not(.dnb-global-status--no-animation).dnb-global-status--fade-out .dnb-global-status__message {
    animation-name: global-status-fade-out;
    animation-duration: 800ms;
    animation-fill-mode: forwards;
    animation-timing-function: ease;
    animation-delay: 100ms; }
  .dnb-global-status:not(.dnb-global-status--no-animation).dnb-global-status--fade-out .dnb-global-status__message .dnb-ul {
    /* stylelint-disable */
    /* stylelint-enable */ }
    .dnb-global-status:not(.dnb-global-status--no-animation).dnb-global-status--fade-out .dnb-global-status__message .dnb-ul > li:nth-of-type(1) {
      animation-name: global-status-fade-out;
      animation-duration: 800ms;
      animation-fill-mode: forwards;
      animation-timing-function: ease;
      animation-delay: 100ms; }
    .dnb-global-status:not(.dnb-global-status--no-animation).dnb-global-status--fade-out .dnb-global-status__message .dnb-ul > li:nth-of-type(2) {
      animation-name: global-status-fade-out;
      animation-duration: 800ms;
      animation-fill-mode: forwards;
      animation-timing-function: ease;
      animation-delay: 200ms; }
    .dnb-global-status:not(.dnb-global-status--no-animation).dnb-global-status--fade-out .dnb-global-status__message .dnb-ul > li:nth-of-type(3) {
      animation-name: global-status-fade-out;
      animation-duration: 800ms;
      animation-fill-mode: forwards;
      animation-timing-function: ease;
      animation-delay: 300ms; }
    .dnb-global-status:not(.dnb-global-status--no-animation).dnb-global-status--fade-out .dnb-global-status__message .dnb-ul > li:nth-of-type(1n + 4) {
      animation-name: global-status-fade-out;
      animation-duration: 800ms;
      animation-fill-mode: forwards;
      animation-timing-function: ease;
      animation-delay: 400ms; }
  .dnb-global-status:not(.dnb-global-status--no-animation).dnb-global-status--fade-in.dnb-global-status.dnb-section {
    height: 0; }
  .dnb-global-status__fake {
    opacity: 0;
    visibility: hidden;
    position: absolute;
    width: 100%;
    top: 0;
    left: 0;
    right: 0; }
  @media screen and (-ms-high-contrast: none) {
    .dnb-global-status__icon > .dnb-icon {
      border-width: 1px; } }
"
`;

exports[`GlobalStatus snapshot have to match component snapshot 1`] = `
<GlobalStatus
  autoclose="autoclose"
  autoscroll="autoscroll"
  class="class"
  className="className"
  close_text="close_text"
  default_title="default_title"
  delay="delay"
  demo={true}
  duration="duration"
  hide_close_button="hide_close_button"
  icon="error"
  icon_size="icon_size"
  id="main"
  items={
    Array [
      "item #1",
      "item #2",
    ]
  }
  no_animation={true}
  on_close={[Function]}
  on_hide={[Function]}
  on_open={[Function]}
  on_show={[Function]}
  render_content={[Function]}
  show={true}
  state="error"
  status_anchor_text="status_anchor_text"
  status_id={null}
  text="text"
  title="title"
>
  <div
    aria-live="assertive"
    className="dnb-global-status__wrapper className class"
    key="global-status"
  >
    <Section
      class={null}
      className="dnb-global-status dnb-global-status--error dnb-global-status--no-animation"
      element="div"
      render_content={null}
      style_type="fire-red"
    >
      <ForwardRef
        className="dnb-section dnb-section--fire-red dnb-global-status dnb-global-status--error dnb-global-status--no-animation"
        is="div"
      >
        <div
          className="dnb-section dnb-section--fire-red dnb-global-status dnb-global-status--error dnb-global-status--no-animation"
        >
          <div
            className="dnb-global-status__shell"
          >
            <div
              className="dnb-global-status__content"
            >
              <p
                className="dnb-p dnb-global-status__title"
              >
                <span
                  className="dnb-global-status__icon"
                >
                  <Icon
                    alt={null}
                    aria-hidden={true}
                    attributes={null}
                    border={null}
                    class={null}
                    className={null}
                    color={null}
                    height={null}
                    icon={[Function]}
                    modifier={null}
                    size="icon_size"
                    title={null}
                    width={null}
                  >
                    <span
                      alt="ErrorIcon"
                      aria-hidden={true}
                      className="dnb-icon dnb-icon--default"
                      role="img"
                    >
                      <ErrorIcon>
                        <svg
                          fill="none"
                          height="32"
                          viewBox="0 0 32 32"
                          width="32"
                          xmlns="http://www.w3.org/2000/svg"
                        >
                          <path
                            d="M16 25a.5.5 0 100 1 .5.5 0 000-1v0"
                            stroke="#000"
                            strokeLinecap="round"
                            strokeLinejoin="round"
                            strokeWidth="1.5"
                          />
                          <path
                            d="M16 21V11"
                            stroke="#000"
                            strokeLinecap="round"
                            strokeWidth="1.5"
                          />
                          <path
                            clipRule="evenodd"
                            d="M18.161 2.347a2.408 2.408 0 00-4.322 0L1.208 28.077A2.028 2.028 0 003.029 31h25.942a2.028 2.028 0 001.821-2.923l-12.63-25.73z"
                            stroke="#000"
                            strokeLinecap="round"
                            strokeLinejoin="round"
                            strokeWidth="1.5"
                          />
                        </svg>
                      </ErrorIcon>
                    </span>
                  </Icon>
                </span>
                title
                <CloseButton
                  className={null}
                  on_click={[Function]}
                  text="close_text"
                  title="close_text"
                >
                  <Button
                    aria-label="close_text"
                    bounding={false}
                    class={null}
                    className="dnb-global-status__close-button"
                    custom_element={null}
                    custom_method={null}
                    disabled={null}
                    href={null}
                    icon="close"
                    icon_position="left"
                    icon_size="medium"
                    id={null}
                    innerRef={null}
                    onClick={null}
                    on_click={[Function]}
                    size="medium"
                    text="close_text"
                    title={null}
                    type="button"
                    variant="tertiary"
                  >
                    <button
                      aria-label="close_text"
                      className="dnb-button dnb-button--tertiary dnb-global-status__close-button dnb-button--icon-position-left dnb-button--has-icon dnb-button--icon-size-medium dnb-button--size-medium dnb-button--has-text"
                      onClick={[Function]}
                      onMouseOut={[Function]}
                      type="button"
                    >
                      <Content
                        aria-label="close_text"
                        bounding={false}
                        class={null}
                        className="dnb-global-status__close-button"
                        content="close_text"
                        custom_element={null}
                        custom_method={null}
                        disabled={null}
                        href={null}
                        icon="close"
                        icon_position="left"
                        icon_size="medium"
                        id={null}
                        innerRef={null}
                        isIconOnly={false}
                        onClick={null}
                        on_click={[Function]}
                        size="medium"
                        text="close_text"
                        title={null}
                        type="button"
                        variant="tertiary"
                      >
                        <span
                          className="dnb-button__text"
                          key="button-text"
                        >
                          close_text
                        </span>
                        <IconPrimary
                          alt={null}
                          aria-hidden={true}
                          attributes={null}
                          border={null}
                          class={null}
                          className="dnb-button__icon"
                          color={null}
                          height={null}
                          icon="close"
                          key="button-icon"
                          modifier={null}
                          size="medium"
                          title={null}
                          width={null}
                        >
                          <span
                            alt="close"
                            aria-hidden={true}
                            className="dnb-icon dnb-icon--medium dnb-button__icon"
                            role="img"
                          >
                            <close_medium>
                              <svg
                                fill="none"
                                height={24}
                                viewBox="0 0 24 24"
                                width={24}
                              >
                                <path
                                  clipRule="evenodd"
                                  d="M4.78 3.914a.75.75 0 00-1.06 1.061l7.22 7.22-7.22 7.22a.75.75 0 001.06 1.06l7.22-7.22 7.22 7.22a.75.75 0 001.06-1.06l-7.22-7.22 7.22-7.22a.75.75 0 00-1.06-1.06L12 11.134l-7.22-7.22z"
                                  fill="#000"
                                  fillRule="evenodd"
                                />
                              </svg>
                            </close_medium>
                          </span>
                        </IconPrimary>
                      </Content>
                    </button>
                  </Button>
                </CloseButton>
              </p>
              <Section
                class={null}
                className="dnb-global-status__message"
                element="div"
                render_content={null}
                style_type="white"
              >
                <ForwardRef
                  className="dnb-section dnb-section--white dnb-global-status__message"
                  is="div"
                >
                  <div
                    className="dnb-section dnb-section--white dnb-global-status__message"
                  >
                    <p
                      className="dnb-p"
                    >
                      text
                    </p>
                    <ul
                      className="dnb-ul"
                    >
                      <li
                        key="0"
                      >
                        item #1
                      </li>
                      <li
                        key="1"
                      >
                        item #2
                      </li>
                    </ul>
                  </div>
                </ForwardRef>
              </Section>
            </div>
          </div>
        </div>
      </ForwardRef>
    </Section>
  </div>
</GlobalStatus>
`;
